42 files, 676296 training windows, 26 features/frame
params=87425
ep 0 loss 0.0252 5s
ep 1 loss 0.0032 4s
ep 2 loss 0.0027 4s
ep 3 loss 0.0023 4s
ep 4 loss 0.0022 4s
ep 5 loss 0.0020 4s
ep 6 loss 0.0019 4s
ep 7 loss 0.0018 4s
ep 8 loss 0.0013 4s
ep 9 loss 0.0011 4s
ep 10 loss 0.0012 4s
ep 11 loss 0.0014 4s
ep 12 loss 0.0012 4s
ep 13 loss 0.0009 4s
ep 14 loss 0.0011 4s

test set                               calibration      events    FA/h   duty  lat ms
test_01_known_vehicle_known_attack     known-clean@5    8/8      695.0  22.0%     200 [BUDGET VIOLATED]
test_01_known_vehicle_known_attack     known-clean@30   8/8      439.1  65.3%      50 [BUDGET VIOLATED]
test_01_known_vehicle_known_attack     target-own@5     7/8        0.0   0.0%     200 
test_01_known_vehicle_known_attack     target-own@30    7/8       20.7   0.2%     200 
test_02_unknown_vehicle_known_attack   known-clean@5    8/8      507.7  11.7%     200 [BUDGET VIOLATED]
test_02_unknown_vehicle_known_attack   known-clean@30   8/8      674.6  60.6%       0 [BUDGET VIOLATED]
test_02_unknown_vehicle_known_attack   target-own@5     5/8        0.0   0.0%     200 
test_02_unknown_vehicle_known_attack   target-own@30    8/8       23.4   0.3%     250 
test_06_masquerade                     known-clean@5    4/7     1545.8  33.2%     650 [BUDGET VIOLATED]
test_06_masquerade                     known-clean@30   6/7       53.7  83.3%     200 [BUDGET VIOLATED]
test_06_masquerade                     target-own@5     0/7        4.1   0.0%     nan 
test_06_masquerade                     target-own@30    0/7        4.1   0.0%     nan 

saved -> experiments\id_agnostic\s1.json
