42 files, 676296 training windows, 26 features/frame
params=87425
ep 0 loss 0.0286 4s
ep 1 loss 0.0039 4s
ep 2 loss 0.0025 4s
ep 3 loss 0.0020 4s
ep 4 loss 0.0024 4s
ep 5 loss 0.0017 4s
ep 6 loss 0.0020 5s
ep 7 loss 0.0012 5s
ep 8 loss 0.0015 4s
ep 9 loss 0.0013 4s
ep 10 loss 0.0012 4s
ep 11 loss 0.0010 4s
ep 12 loss 0.0011 4s
ep 13 loss 0.0013 4s
ep 14 loss 0.0008 4s

test set                               calibration      events    FA/h   duty  lat ms
test_01_known_vehicle_known_attack     known-clean@5    7/8       58.8   0.3%     200 [BUDGET VIOLATED]
test_01_known_vehicle_known_attack     known-clean@30   8/8      563.6  46.7%     150 [BUDGET VIOLATED]
test_01_known_vehicle_known_attack     target-own@5     7/8        0.0   0.0%     200 
test_01_known_vehicle_known_attack     target-own@30    7/8       24.2   0.2%     200 
test_02_unknown_vehicle_known_attack   known-clean@5    7/8       46.8   0.3%     200 [BUDGET VIOLATED]
test_02_unknown_vehicle_known_attack   known-clean@30   8/8      681.3  30.3%     200 [BUDGET VIOLATED]
test_02_unknown_vehicle_known_attack   target-own@5     7/8        3.3   0.0%     200 
test_02_unknown_vehicle_known_attack   target-own@30    7/8       13.4   0.1%     200 
test_06_masquerade                     known-clean@5    0/7       16.5   0.1%     nan [BUDGET VIOLATED]
test_06_masquerade                     known-clean@30   5/7      909.3  67.5%     200 [BUDGET VIOLATED]
test_06_masquerade                     target-own@5     0/7        0.0   0.0%     nan 
test_06_masquerade                     target-own@30    0/7       28.9   0.2%     nan 

saved -> experiments\id_agnostic\s0.json
