62 files, 617571 training windows, 26 features/frame
params=87425
ep 0 loss 0.0389 6s
ep 1 loss 0.0100 5s
ep 2 loss 0.0053 5s
ep 3 loss 0.0041 5s
ep 4 loss 0.0037 5s
ep 5 loss 0.0027 5s
ep 6 loss 0.0027 5s
ep 7 loss 0.0018 5s
ep 8 loss 0.0023 5s
ep 9 loss 0.0016 5s
ep 10 loss 0.0017 5s
ep 11 loss 0.0018 5s
ep 12 loss 0.0016 4s
ep 13 loss 0.0013 4s
ep 14 loss 0.0014 4s

test set                               calibration      events    FA/h   duty  lat ms
test_01_known_vehicle_known_attack     known-clean@5   10/12       5.7   0.0%     200 
test_01_known_vehicle_known_attack     known-clean@30  10/12       5.7   0.0%     200 
test_01_known_vehicle_known_attack     target-own@5     9/12       0.0   0.0%     200 
test_01_known_vehicle_known_attack     target-own@30   10/12      17.2   0.1%     200 
test_02_unknown_vehicle_known_attack   known-clean@5    6/14       2.7   0.0%     200 
test_02_unknown_vehicle_known_attack   known-clean@30   9/14      34.2   0.3%     200 
test_02_unknown_vehicle_known_attack   target-own@5     6/14       2.7   0.0%     200 
test_02_unknown_vehicle_known_attack   target-own@30    9/14      26.0   0.2%     200 
test_06_masquerade                     known-clean@5    3/7       38.8   0.5%     100 [BUDGET VIOLATED]
test_06_masquerade                     known-clean@30   4/7       97.0   1.1%     150 [BUDGET VIOLATED]
test_06_masquerade                     target-own@5     2/7        0.0   0.0%     200 
test_06_masquerade                     target-own@30    2/7        0.0   0.0%     200 

saved -> experiments\id_agnostic\s1.json
