48 files, 731799 training windows, 26 features/frame
params=87425
ep 0 loss 0.0340 8s
ep 1 loss 0.0079 4s
ep 2 loss 0.0045 4s
ep 3 loss 0.0031 4s
ep 4 loss 0.0029 4s
ep 5 loss 0.0027 4s
ep 6 loss 0.0017 4s
ep 7 loss 0.0019 4s
ep 8 loss 0.0015 4s
ep 9 loss 0.0014 5s
ep 10 loss 0.0012 4s
ep 11 loss 0.0014 5s
ep 12 loss 0.0010 4s
ep 13 loss 0.0014 4s
ep 14 loss 0.0008 4s

test set                               calibration      events    FA/h   duty  lat ms
test_01_known_vehicle_known_attack     known-clean@5    9/10       0.0   0.0%     200 
test_01_known_vehicle_known_attack     known-clean@30   9/10      48.0   0.4%     200 
test_01_known_vehicle_known_attack     target-own@5     9/10       0.0   0.0%     200 
test_01_known_vehicle_known_attack     target-own@30    9/10      11.3   0.1%     200 
test_02_unknown_vehicle_known_attack   known-clean@5   10/10      14.0   5.1%     200 [BUDGET VIOLATED]
test_02_unknown_vehicle_known_attack   known-clean@30  10/10      59.5   5.7%     200 [BUDGET VIOLATED]
test_02_unknown_vehicle_known_attack   target-own@5     0/10       0.0   0.0%     nan 
test_02_unknown_vehicle_known_attack   target-own@30    0/10       0.0   0.0%     nan 
test_06_masquerade                     known-clean@5    0/4        0.0   0.0%     nan 
test_06_masquerade                     known-clean@30   3/4       48.5   0.4%    1000 
test_06_masquerade                     target-own@5     0/4        1.9   0.0%     nan 
test_06_masquerade                     target-own@30    3/4       28.0   0.3%    2000 

saved -> experiments\id_agnostic\s1.json
