62 files, 617571 training windows, 26 features/frame
params=87425
ep 0 loss 0.0415 7s
ep 1 loss 0.0122 4s
ep 2 loss 0.0085 4s
ep 3 loss 0.0053 4s
ep 4 loss 0.0037 4s
ep 5 loss 0.0027 4s
ep 6 loss 0.0022 4s
ep 7 loss 0.0026 5s
ep 8 loss 0.0026 4s
ep 9 loss 0.0014 4s
ep 10 loss 0.0017 4s
ep 11 loss 0.0016 4s
ep 12 loss 0.0013 4s
ep 13 loss 0.0017 5s
ep 14 loss 0.0015 5s

test set                               calibration      events    FA/h   duty  lat ms
test_01_known_vehicle_known_attack     known-clean@5   10/12       5.7   0.0%     200 
test_01_known_vehicle_known_attack     known-clean@30  10/12      40.1   0.4%     200 
test_01_known_vehicle_known_attack     target-own@5    10/12       0.0   0.0%     200 
test_01_known_vehicle_known_attack     target-own@30   10/12      17.2   0.1%     200 
test_02_unknown_vehicle_known_attack   known-clean@5    6/14       9.6   0.1%     200 
test_02_unknown_vehicle_known_attack   known-clean@30  10/14    1299.9  21.0%     250 [BUDGET VIOLATED]
test_02_unknown_vehicle_known_attack   target-own@5     6/14       1.4   0.0%     200 
test_02_unknown_vehicle_known_attack   target-own@30    8/14      19.2   0.2%     200 
test_06_masquerade                     known-clean@5    2/7       38.8   0.4%     100 [BUDGET VIOLATED]
test_06_masquerade                     known-clean@30   4/7      116.4   1.3%     450 [BUDGET VIOLATED]
test_06_masquerade                     target-own@5     2/7        0.0   0.0%     200 
test_06_masquerade                     target-own@30    2/7        0.0   0.0%     200 

saved -> experiments\id_agnostic\s2.json
