42 files, 676296 training windows, 26 features/frame
params=87425
ep 0 loss 0.0282 5s
ep 1 loss 0.0038 4s
ep 2 loss 0.0030 4s
ep 3 loss 0.0026 4s
ep 4 loss 0.0025 4s
ep 5 loss 0.0022 4s
ep 6 loss 0.0014 4s
ep 7 loss 0.0022 4s
ep 8 loss 0.0014 4s
ep 9 loss 0.0016 4s
ep 10 loss 0.0015 4s
ep 11 loss 0.0015 4s
ep 12 loss 0.0009 4s
ep 13 loss 0.0013 4s
ep 14 loss 0.0009 4s

test set                               calibration      events    FA/h   duty  lat ms
test_01_known_vehicle_known_attack     known-clean@5    8/8      432.2  39.5%     200 [BUDGET VIOLATED]
test_01_known_vehicle_known_attack     known-clean@30   8/8      449.5  42.5%     200 [BUDGET VIOLATED]
test_01_known_vehicle_known_attack     target-own@5     7/8        3.5   0.0%     200 
test_01_known_vehicle_known_attack     target-own@30    7/8       17.3   0.1%     200 
test_02_unknown_vehicle_known_attack   known-clean@5    8/8      484.3  31.3%     150 [BUDGET VIOLATED]
test_02_unknown_vehicle_known_attack   known-clean@30   8/8      424.2  34.6%     100 [BUDGET VIOLATED]
test_02_unknown_vehicle_known_attack   target-own@5     5/8        0.0   0.0%     200 
test_02_unknown_vehicle_known_attack   target-own@30    5/8       10.0   0.1%     200 
test_06_masquerade                     known-clean@5    5/7      690.2  60.3%     200 [BUDGET VIOLATED]
test_06_masquerade                     known-clean@30   5/7      657.2  65.4%     200 [BUDGET VIOLATED]
test_06_masquerade                     target-own@5     0/7        0.0   0.0%     nan 
test_06_masquerade                     target-own@30    1/7       20.7   0.1%  195800 

saved -> experiments\id_agnostic\s2.json
