vocab=52 (known vehicle only)
42 files, 716244 training frame-windows
ep 0 loss 0.0392 4s
ep 1 loss 0.0064 4s
ep 2 loss 0.0053 4s
ep 3 loss 0.0041 4s
ep 4 loss 0.0034 4s
ep 5 loss 0.0027 4s
ep 6 loss 0.0022 4s
ep 7 loss 0.0023 4s
ep 8 loss 0.0018 4s
ep 9 loss 0.0026 4s
ep 10 loss 0.0017 4s
ep 11 loss 0.0023 4s
ep 12 loss 0.0016 4s
ep 13 loss 0.0014 4s
ep 14 loss 0.0013 4s
scored train_01_attack_free: 4 files
scored train_02_with_attacks: 14 files
scored test_01_known_vehicle_known_attack: 8 files
scored test_02_unknown_vehicle_known_attack: 8 files
scored test_06_masquerade: 8 files

test set                               calibration    events    FA/h median ms
test_01_known_vehicle_known_attack     known-clean@5   7/8        0.0       200
test_01_known_vehicle_known_attack     known-clean@30   7/8       14.2       200
test_01_known_vehicle_known_attack     target-own@5   7/8        0.0       200
test_01_known_vehicle_known_attack     target-own@30   7/8       22.7       200
test_02_unknown_vehicle_known_attack   known-clean@5   8/8       21.9         0
test_02_unknown_vehicle_known_attack   known-clean@30   8/8       21.9         0
test_02_unknown_vehicle_known_attack   target-own@5   0/8        0.0       nan
test_02_unknown_vehicle_known_attack   target-own@30   0/8        0.0       nan
test_06_masquerade                     known-clean@5   4/8        0.0      1300
test_06_masquerade                     known-clean@30   5/8        0.0      1400
test_06_masquerade                     target-own@5   6/8        0.0       450
test_06_masquerade                     target-own@30   8/8       28.4      1000

saved -> experiments\cross_vehicle\convgru_s0
