vocab=52 (known vehicle only)
42 files, 716244 training frame-windows
ep 0 loss 0.0313 6s
ep 1 loss 0.0030 5s
ep 2 loss 0.0022 5s
ep 3 loss 0.0014 5s
ep 4 loss 0.0019 5s
ep 5 loss 0.0014 5s
ep 6 loss 0.0008 5s
ep 7 loss 0.0010 5s
ep 8 loss 0.0011 5s
ep 9 loss 0.0010 5s
ep 10 loss 0.0008 5s
ep 11 loss 0.0009 4s
ep 12 loss 0.0006 4s
ep 13 loss 0.0010 4s
ep 14 loss 0.0004 4s
scored train_01_attack_free: 4 files
scored train_02_with_attacks: 14 files
scored test_01_known_vehicle_known_attack: 8 files
scored test_02_unknown_vehicle_known_attack: 8 files
scored test_06_masquerade: 8 files

test set                               calibration    events    FA/h median ms
test_01_known_vehicle_known_attack     known-clean@5   7/8       45.4       200
test_01_known_vehicle_known_attack     known-clean@30   7/8      147.6       200
test_01_known_vehicle_known_attack     target-own@5   7/8        2.8       200
test_01_known_vehicle_known_attack     target-own@30   7/8       17.0       200
test_02_unknown_vehicle_known_attack   known-clean@5   8/8       21.9         0
test_02_unknown_vehicle_known_attack   known-clean@30   8/8       21.9         0
test_02_unknown_vehicle_known_attack   target-own@5   0/8        0.0       nan
test_02_unknown_vehicle_known_attack   target-own@30   0/8        0.0       nan
test_06_masquerade                     known-clean@5   4/8        0.0       250
test_06_masquerade                     known-clean@30   5/8        0.0       300
test_06_masquerade                     target-own@5   7/8        0.0       300
test_06_masquerade                     target-own@30   7/8       28.4       200

saved -> experiments\cross_vehicle\convgru_payload_s0
