train_01_attack_free/accessory-3.csv 8227506 bytes
train_01_attack_free/accessory-4.csv 16994933 bytes
train_01_attack_free/attack-free-3.csv 65768839 bytes
train_01_attack_free/attack-free-4.csv 49512315 bytes
train_02_with_attacks/DoS-3.csv 42431037 bytes
train_02_with_attacks/DoS-4.csv 26343887 bytes
train_02_with_attacks/accessory-3.csv 8227506 bytes
train_02_with_attacks/accessory-4.csv 16994933 bytes
train_02_with_attacks/attack-free-3.csv 65768839 bytes
train_02_with_attacks/attack-free-4.csv 49512315 bytes
train_02_with_attacks/double-3.csv 17242768 bytes
train_02_with_attacks/double-4.csv 62773392 bytes
train_02_with_attacks/force-neutral-3.csv 17064422 bytes
train_02_with_attacks/force-neutral-4.csv 62637610 bytes
train_02_with_attacks/fuzzing-3.csv 11292970 bytes
train_02_with_attacks/fuzzing-4.csv 30393754 bytes
train_02_with_attacks/triple-3.csv 24267026 bytes
train_02_with_attacks/triple-4.csv 24693880 bytes
train_02_with_attacks/valid_systematic-3.csv 19858283 bytes
train_02_with_attacks/valid_systematic-4.csv 15177777 bytes
test_01_known_vehicle_known_attack/DoS-1.csv 9780523 bytes
test_01_known_vehicle_known_attack/DoS-2.csv 17055036 bytes
test_01_known_vehicle_known_attack/double-1.csv 48119530 bytes
test_01_known_vehicle_known_attack/double-2.csv 34879907 bytes
test_01_known_vehicle_known_attack/force-neutral-1.csv 47687878 bytes
test_01_known_vehicle_known_attack/force-neutral-2.csv 35237942 bytes
test_01_known_vehicle_known_attack/fuzzing-1.csv 40309244 bytes
test_01_known_vehicle_known_attack/fuzzing-2.csv 30393790 bytes
test_01_known_vehicle_known_attack/triple-1.csv 20128527 bytes
test_01_known_vehicle_known_attack/triple-2.csv 43483949 bytes
test_02_unknown_vehicle_known_attack/DoS-1.csv 25795857 bytes
test_02_unknown_vehicle_known_attack/DoS-2.csv 28481072 bytes
test_02_unknown_vehicle_known_attack/double-1.csv 50097196 bytes
test_02_unknown_vehicle_known_attack/double-2.csv 27856480 bytes
test_02_unknown_vehicle_known_attack/force-neutral-1.csv 21158090 bytes
test_02_unknown_vehicle_known_attack/force-neutral-2.csv 19047891 bytes
test_02_unknown_vehicle_known_attack/fuzzing-1.csv 26438538 bytes
test_02_unknown_vehicle_known_attack/fuzzing-2.csv 26107792 bytes
test_02_unknown_vehicle_known_attack/triple-1.csv 22022316 bytes
test_02_unknown_vehicle_known_attack/triple-2.csv 28462391 bytes
test_06_masquerade/masquerade-timed-1.csv 29637315 bytes
test_06_masquerade/masquerade-timed-2.csv 29581868 bytes
test_06_masquerade/masquerade-timed-3.csv 65768839 bytes
test_06_masquerade/masquerade-timed-4.csv 49512315 bytes
test_06_masquerade/masquerade-untimed-1.csv 21897373 bytes
test_06_masquerade/masquerade-untimed-2.csv 42245288 bytes
test_06_masquerade/masquerade-untimed-3.csv 23541144 bytes
test_06_masquerade/masquerade-untimed-4.csv 23963667 bytes
1.5G	scripts/../data/raw/cantt/set_03
