train_01_attack_free/accessory-1.csv 20134969 bytes
train_01_attack_free/accessory-2.csv 11649554 bytes
train_01_attack_free/attack-free-1.csv 33719258 bytes
train_01_attack_free/attack-free-2.csv 21757010 bytes
train_02_with_attacks/accessory-1.csv 20134969 bytes
train_02_with_attacks/accessory-2.csv 11649554 bytes
train_02_with_attacks/attack-free-1.csv 33719258 bytes
train_02_with_attacks/attack-free-2.csv 21757010 bytes
train_02_with_attacks/double-1.csv 41185016 bytes
train_02_with_attacks/double-2.csv 17526419 bytes
train_02_with_attacks/fuzzing-1.csv 46782254 bytes
train_02_with_attacks/fuzzing-2.csv 44490428 bytes
train_02_with_attacks/interval-1.csv 23948856 bytes
train_02_with_attacks/interval-2.csv 62683875 bytes
train_02_with_attacks/speed-1.csv 99358561 bytes
train_02_with_attacks/speed-2.csv 104275419 bytes
train_02_with_attacks/systematic-1.csv 20551827 bytes
train_02_with_attacks/systematic-2.csv 17343447 bytes
train_02_with_attacks/triple-1.csv 67253172 bytes
train_02_with_attacks/triple-2.csv 24947957 bytes
train_02_with_attacks/untargeted_payload_fuzzing-1.csv 11993606 bytes
train_02_with_attacks/untargeted_payload_fuzzing-2.csv 15199130 bytes
test_01_known_vehicle_known_attack/double-3.csv 41775703 bytes
test_01_known_vehicle_known_attack/double-4.csv 49379769 bytes
test_01_known_vehicle_known_attack/fuzzing-3.csv 18755856 bytes
test_01_known_vehicle_known_attack/fuzzing-4.csv 23502550 bytes
test_01_known_vehicle_known_attack/interval-3.csv 33584019 bytes
test_01_known_vehicle_known_attack/interval-4.csv 32589943 bytes
test_01_known_vehicle_known_attack/speed-3.csv 98986383 bytes
test_01_known_vehicle_known_attack/speed-4.csv 71749378 bytes
test_01_known_vehicle_known_attack/systematic-3.csv 19340328 bytes
test_01_known_vehicle_known_attack/systematic-4.csv 12530600 bytes
test_01_known_vehicle_known_attack/triple-3.csv 75208963 bytes
test_01_known_vehicle_known_attack/triple-4.csv 22523639 bytes
test_02_unknown_vehicle_known_attack/double-3.csv 28042269 bytes
test_02_unknown_vehicle_known_attack/double-4.csv 24732034 bytes
test_02_unknown_vehicle_known_attack/fuzzing-3.csv 20500553 bytes
test_02_unknown_vehicle_known_attack/fuzzing-4.csv 25311406 bytes
test_02_unknown_vehicle_known_attack/interval-3.csv 15924892 bytes
test_02_unknown_vehicle_known_attack/interval-4.csv 36715373 bytes
test_02_unknown_vehicle_known_attack/speed-3.csv 25981307 bytes
test_02_unknown_vehicle_known_attack/speed-4.csv 19603552 bytes
test_02_unknown_vehicle_known_attack/systematic-3.csv 40594450 bytes
test_02_unknown_vehicle_known_attack/systematic-4.csv 49950983 bytes
test_02_unknown_vehicle_known_attack/triple-3.csv 27993164 bytes
test_02_unknown_vehicle_known_attack/triple-4.csv 24453962 bytes
test_06_masquerade/masquerade-timed-1.csv 40845619 bytes
test_06_masquerade/masquerade-timed-2.csv 26070963 bytes
test_06_masquerade/masquerade-timed-3.csv 30200326 bytes
test_06_masquerade/masquerade-timed-4.csv 17118821 bytes
test_06_masquerade/masquerade-untimed-1.csv 19509099 bytes
test_06_masquerade/masquerade-untimed-2.csv 17921391 bytes
test_06_masquerade/masquerade-untimed-3.csv 47634098 bytes
test_06_masquerade/masquerade-untimed-4.csv 39973620 bytes
1.8G	scripts/../data/raw/cantt/set_02
