train_01_attack_free/accessory-3.csv 1262428 bytes
train_01_attack_free/accessory-4.csv 2113444 bytes
train_01_attack_free/attack-free-3.csv 36838630 bytes
train_01_attack_free/attack-free-4.csv 13555370 bytes
train_02_with_attacks/accessory-3.csv 1262428 bytes
train_02_with_attacks/accessory-4.csv 2113444 bytes
train_02_with_attacks/attack-free-3.csv 36838630 bytes
train_02_with_attacks/attack-free-4.csv 13555370 bytes
train_02_with_attacks/interval-3.csv 15924892 bytes
train_02_with_attacks/interval-4.csv 36715373 bytes
train_02_with_attacks/rpm-3.csv 27688947 bytes
train_02_with_attacks/rpm-4.csv 25863545 bytes
train_02_with_attacks/rpm-accessory-3.csv 6347809 bytes
train_02_with_attacks/rpm-accessory-4.csv 7094561 bytes
train_02_with_attacks/speed-3.csv 25981307 bytes
train_02_with_attacks/speed-4.csv 19603552 bytes
train_02_with_attacks/speed-accessory-3.csv 10058153 bytes
train_02_with_attacks/speed-accessory-4.csv 15533840 bytes
train_02_with_attacks/standstill-3.csv 32472163 bytes
train_02_with_attacks/standstill-4.csv 14179466 bytes
train_02_with_attacks/systematic-3.csv 40594450 bytes
train_02_with_attacks/systematic-4.csv 49950983 bytes
train_02_with_attacks/untargeted_payload_fuzzing-3.csv 10559033 bytes
train_02_with_attacks/untargeted_payload_fuzzing-4.csv 14119539 bytes
train_02_with_attacks/valid_systematic-3.csv 13381479 bytes
train_02_with_attacks/valid_systematic-4.csv 18768367 bytes
test_01_known_vehicle_known_attack/interval-1.csv 34641107 bytes
test_01_known_vehicle_known_attack/interval-2.csv 18663978 bytes
test_01_known_vehicle_known_attack/rpm-1.csv 19720399 bytes
test_01_known_vehicle_known_attack/rpm-2.csv 22946502 bytes
test_01_known_vehicle_known_attack/rpm-accessory-1.csv 5220106 bytes
test_01_known_vehicle_known_attack/rpm-accessory-2.csv 5596879 bytes
test_01_known_vehicle_known_attack/speed-1.csv 30421072 bytes
test_01_known_vehicle_known_attack/speed-2.csv 28643415 bytes
test_01_known_vehicle_known_attack/speed-accessory-1.csv 10558989 bytes
test_01_known_vehicle_known_attack/speed-accessory-2.csv 6647294 bytes
test_01_known_vehicle_known_attack/standstill-1.csv 12404934 bytes
test_01_known_vehicle_known_attack/standstill-2.csv 35735469 bytes
test_01_known_vehicle_known_attack/systematic-1.csv 20886277 bytes
test_01_known_vehicle_known_attack/systematic-2.csv 25236201 bytes
test_02_unknown_vehicle_known_attack/interval-1.csv 23948856 bytes
test_02_unknown_vehicle_known_attack/interval-2.csv 62683875 bytes
test_02_unknown_vehicle_known_attack/rpm-1.csv 125672401 bytes
test_02_unknown_vehicle_known_attack/rpm-2.csv 74511748 bytes
test_02_unknown_vehicle_known_attack/rpm-accessory-1.csv 19994030 bytes
test_02_unknown_vehicle_known_attack/rpm-accessory-2.csv 11574573 bytes
test_02_unknown_vehicle_known_attack/speed-1.csv 99358561 bytes
test_02_unknown_vehicle_known_attack/speed-2.csv 104275419 bytes
test_02_unknown_vehicle_known_attack/speed-accessory-1.csv 20175669 bytes
test_02_unknown_vehicle_known_attack/speed-accessory-2.csv 11605872 bytes
test_02_unknown_vehicle_known_attack/standstill-1.csv 45606102 bytes
test_02_unknown_vehicle_known_attack/standstill-2.csv 23370239 bytes
test_02_unknown_vehicle_known_attack/systematic-1.csv 20551827 bytes
test_02_unknown_vehicle_known_attack/systematic-2.csv 17343447 bytes
test_06_masquerade/masquerade-timed-1.csv 46334292 bytes
test_06_masquerade/masquerade-timed-2.csv 74302678 bytes
test_06_masquerade/masquerade-timed-3.csv 113019606 bytes
test_06_masquerade/masquerade-timed-4.csv 6800128 bytes
test_06_masquerade/masquerade-untimed-1.csv 32604972 bytes
test_06_masquerade/masquerade-untimed-2.csv 30645355 bytes
test_06_masquerade/masquerade-untimed-3.csv 36550469 bytes
test_06_masquerade/masquerade-untimed-4.csv 12810137 bytes
1.7G	scripts/../data/raw/cantt/set_04
