skip duplicate segment Fuzzy_dataset#seg1
skip duplicate segment gear_dataset#seg1
skip duplicate segment RPM_dataset#seg1
{'name': 'DoS_dataset#seg0', 'frames': 2774703, 'duration_s': 2328.7, 'unique_ids': 27, 'attack_frames': 587521, 'attack_frac': 0.2117, 'attack_ids': ['0x0']}
{'name': 'DoS_dataset#seg1', 'frames': 891068, 'duration_s': 481.6, 'unique_ids': 26, 'attack_frames': 0, 'attack_frac': 0.0, 'attack_ids': []}
{'name': 'Fuzzy_dataset#seg0', 'frames': 2947792, 'duration_s': 2466.0, 'unique_ids': 2048, 'attack_frames': 491847, 'attack_frac': 0.1669, 'attack_ids': ['0x0', '0x1', '0x2', '0x3', '0x4', '0x5', '0x6', '0x7', '0x8', '0x9']}
{'name': 'gear_dataset#seg0', 'frames': 3552074, 'duration_s': 1949.2, 'unique_ids': 26, 'attack_frames': 597252, 'attack_frac': 0.1681, 'attack_ids': ['0x43f']}
{'name': 'normal_run_data#seg0', 'frames': 988871, 'duration_s': 506.4, 'unique_ids': 27, 'attack_frames': 0, 'attack_frac': 0.0, 'attack_ids': []}
{'name': 'RPM_dataset#seg0', 'frames': 3730634, 'duration_s': 1952.4, 'unique_ids': 26, 'attack_frames': 654897, 'attack_frac': 0.1755, 'attack_ids': ['0x316']}
nodes=31 windows=[23287, 4817, 24661, 19493, 5065, 19525]
{'train': 67016, 'val': 13868, 'test': 13990}
  train positive rate per horizon: [0.536 0.662 0.787 0.901 0.901]
  val positive rate per horizon: [0.543 0.669 0.795 0.909 0.909]
  test positive rate per horizon: [0.52  0.641 0.761 0.869 0.869]
train positive rate per horizon: [0.536 0.662 0.787 0.901 0.901]
params=1.04M
ep   0 loss 0.2111 val_f1(mean over horizons) 0.9667 [0.998, 0.954, 0.949, 0.966, 0.966] 17.1s
ep   1 loss 0.1706 val_f1(mean over horizons) 0.9708 [0.999, 0.958, 0.963, 0.967, 0.967] 17.1s
ep   2 loss 0.1663 val_f1(mean over horizons) 0.9735 [1.000, 0.960, 0.966, 0.971, 0.971] 17.0s
ep   3 loss 0.1669 val_f1(mean over horizons) 0.9739 [1.000, 0.960, 0.966, 0.972, 0.972] 16.7s
ep   4 loss 0.1620 val_f1(mean over horizons) 0.9669 [0.999, 0.948, 0.957, 0.965, 0.965] 16.7s
ep   5 loss 0.1621 val_f1(mean over horizons) 0.9742 [1.000, 0.961, 0.967, 0.972, 0.972] 16.8s
ep   6 loss 0.1612 val_f1(mean over horizons) 0.9763 [1.000, 0.965, 0.970, 0.973, 0.973] 16.8s
ep   7 loss 0.1575 val_f1(mean over horizons) 0.9776 [1.000, 0.966, 0.971, 0.975, 0.975] 16.8s
ep   8 loss 0.1564 val_f1(mean over horizons) 0.9772 [1.000, 0.966, 0.971, 0.975, 0.975] 16.8s
ep   9 loss 0.1550 val_f1(mean over horizons) 0.9788 [1.000, 0.968, 0.973, 0.977, 0.977] 17.0s
ep  10 loss 0.1615 val_f1(mean over horizons) 0.9779 [0.999, 0.968, 0.973, 0.975, 0.975] 17.2s
ep  11 loss 0.1582 val_f1(mean over horizons) 0.9759 [1.000, 0.966, 0.970, 0.972, 0.972] 17.4s
ep  12 loss 0.1571 val_f1(mean over horizons) 0.9835 [1.000, 0.976, 0.980, 0.981, 0.981] 17.1s
ep  13 loss 0.1540 val_f1(mean over horizons) 0.9847 [1.000, 0.976, 0.980, 0.984, 0.984] 16.8s
ep  14 loss 0.1531 val_f1(mean over horizons) 0.9864 [1.000, 0.979, 0.982, 0.986, 0.986] 16.8s
ep  15 loss 0.1502 val_f1(mean over horizons) 0.9844 [1.000, 0.976, 0.980, 0.983, 0.983] 16.9s
ep  16 loss 0.1477 val_f1(mean over horizons) 0.9876 [1.000, 0.980, 0.984, 0.987, 0.987] 16.8s
ep  17 loss 0.1475 val_f1(mean over horizons) 0.9853 [1.000, 0.977, 0.981, 0.984, 0.984] 17.3s
ep  18 loss 0.1461 val_f1(mean over horizons) 0.9862 [1.000, 0.979, 0.982, 0.985, 0.985] 16.9s
ep  19 loss 0.1458 val_f1(mean over horizons) 0.9862 [1.000, 0.979, 0.982, 0.985, 0.985] 16.8s
ep  20 loss 0.1529 val_f1(mean over horizons) 0.9869 [0.999, 0.981, 0.984, 0.986, 0.986] 16.7s
ep  21 loss 0.1501 val_f1(mean over horizons) 0.9864 [0.999, 0.981, 0.982, 0.985, 0.985] 16.6s
ep  22 loss 0.1486 val_f1(mean over horizons) 0.9826 [1.000, 0.975, 0.978, 0.980, 0.980] 16.7s
ep  23 loss 0.1476 val_f1(mean over horizons) 0.9849 [1.000, 0.977, 0.981, 0.984, 0.984] 16.8s
ep  24 loss 0.1463 val_f1(mean over horizons) 0.9822 [1.000, 0.973, 0.977, 0.981, 0.981] 16.8s
ep  25 loss 0.1459 val_f1(mean over horizons) 0.9890 [1.000, 0.983, 0.986, 0.988, 0.988] 17.0s
ep  26 loss 0.1444 val_f1(mean over horizons) 0.9857 [1.000, 0.978, 0.981, 0.985, 0.985] 16.8s
ep  27 loss 0.1446 val_f1(mean over horizons) 0.9834 [1.000, 0.975, 0.978, 0.982, 0.982] 16.8s
ep  28 loss 0.1439 val_f1(mean over horizons) 0.9842 [1.000, 0.976, 0.980, 0.983, 0.983] 16.7s
ep  29 loss 0.1445 val_f1(mean over horizons) 0.9847 [1.000, 0.977, 0.980, 0.983, 0.983] 16.8s
ep  30 loss 0.1521 val_f1(mean over horizons) 0.9886 [0.999, 0.983, 0.983, 0.989, 0.989] 17.0s
ep  31 loss 0.1483 val_f1(mean over horizons) 0.9832 [1.000, 0.974, 0.979, 0.982, 0.982] 16.8s
ep  32 loss 0.1464 val_f1(mean over horizons) 0.9811 [0.999, 0.971, 0.976, 0.979, 0.979] 16.8s
ep  33 loss 0.1451 val_f1(mean over horizons) 0.9834 [1.000, 0.973, 0.978, 0.983, 0.983] 17.0s
ep  34 loss 0.1446 val_f1(mean over horizons) 0.9789 [1.000, 0.968, 0.973, 0.977, 0.977] 17.1s
ep  35 loss 0.1439 val_f1(mean over horizons) 0.9803 [1.000, 0.969, 0.975, 0.979, 0.979] 17.0s
early stop

=== sttf (test) ===
 horizon     subset   pos%       f1  auc_roc   auc_pr    brier      fpr      fnr      mcc
      0s        all  52.02   0.9569   1.0000   1.0000   0.0011   0.0000   0.0826   0.9176
      0s  pre_onset   0.00   0.0000      nan      nan   0.0006   0.0000   0.0000      nan
      1s        all  64.11   0.9487   0.9812   0.9886   0.0578   0.1719   0.0107   0.8524
      1s  pre_onset  25.19   0.7695   0.9015   0.6197   0.1176   0.1719   0.0556   0.6960
      2s        all  76.08   0.9542   0.9201   0.9580   0.0618   0.2826   0.0066   0.7952
      2s  pre_onset  50.13   0.8666   0.8420   0.7505   0.1203   0.2826   0.0205   0.7225
      5s        all  86.93   0.9592   0.7921   0.9387   0.0696   0.5197   0.0063   0.6334
      5s  pre_onset  72.77   0.9035   0.6927   0.7900   0.1263   0.5197   0.0158   0.5920
      9s        all  86.93   0.9592   0.7863   0.9360   0.0697   0.5197   0.0063   0.6334
      9s  pre_onset  72.77   0.9035   0.6931   0.7903   0.1261   0.5197   0.0158   0.5920

=== persistence (test) ===
 horizon     subset   pos%       f1  auc_roc   auc_pr    brier      fpr      fnr      mcc
      0s        all  52.02   1.0000   1.0000   1.0000   0.0000   0.0000   0.0000   1.0000
      0s  pre_onset   0.00   0.0000      nan      nan   0.0000   0.0000   0.0000      nan
      1s        all  64.11   0.8959   0.9057   0.9323   0.1209   0.0000   0.1885   0.7791
      1s  pre_onset  25.19   0.0000   0.5000   0.2519   0.2519   0.0000   1.0000   0.0000
      2s        all  76.08   0.8122   0.8419   0.9244   0.2405   0.0000   0.3162   0.5840
      2s  pre_onset  50.13   0.0000   0.5000   0.5013   0.5013   0.0000   1.0000   0.0000
      5s        all  86.93   0.7488   0.7992   0.9475   0.3491   0.0000   0.4016   0.4037
      5s  pre_onset  72.77   0.0000   0.5000   0.7277   0.7277   0.0000   1.0000   0.0000
      9s        all  86.93   0.7488   0.7992   0.9475   0.3491   0.0000   0.4016   0.4037
      9s  pre_onset  72.77   0.0000   0.5000   0.7277   0.7277   0.0000   1.0000   0.0000

=== periodicity (test) ===
 horizon     subset   pos%       f1  auc_roc   auc_pr    brier      fpr      fnr      mcc
      0s        all  52.02   1.0000   1.0000   1.0000   0.0000   0.0000   0.0000   1.0000
      0s  pre_onset   0.00   0.0000      nan      nan   0.0000   0.0000   0.0000      nan
      1s        all  64.11   0.9745   0.9963   0.9969   0.0334   0.0932   0.0001   0.9282
      1s  pre_onset  25.19   0.8782   0.9804   0.9207   0.0696   0.0932   0.0006   0.8423
      2s        all  76.08   0.9768   0.9265   0.9558   0.0360   0.1509   0.0001   0.9001
      2s  pre_onset  50.13   0.9301   0.9241   0.8689   0.0751   0.1509   0.0003   0.8589
      5s        all  86.93   0.9789   0.8564   0.9586   0.0375   0.2872   0.0000   0.8266
      5s  pre_onset  72.77   0.9490   0.8564   0.9029   0.0782   0.2872   0.0000   0.8023
      9s        all  86.93   0.9789   0.8564   0.9586   0.0375   0.2872   0.0000   0.8266
      9s  pre_onset  72.77   0.9490   0.8564   0.9029   0.0782   0.2872   0.0000   0.8023

MC-dropout mean predictive variance: 0.00151
saved -> experiments\car_hacking_full\20260922-211740
