54 files, 1062639 training windows, 12 features/frame
params=82945
ep 0 loss 0.0817 5s
ep 1 loss 0.0078 4s
ep 2 loss 0.0041 4s
ep 3 loss 0.0035 4s
ep 4 loss 0.0042 4s
ep 5 loss 0.0024 4s
ep 6 loss 0.0020 4s
ep 7 loss 0.0022 4s
ep 8 loss 0.0016 4s
ep 9 loss 0.0046 4s
ep 10 loss 0.0016 4s
ep 11 loss 0.0015 4s
ep 12 loss 0.0018 4s
ep 13 loss 0.0018 4s
ep 14 loss 0.0017 4s

test set                               calibration      events    FA/h   duty  lat ms
test_01_known_vehicle_known_attack     known-clean@5   12/12      64.1   2.5%     200 [BUDGET VIOLATED]
test_01_known_vehicle_known_attack     known-clean@30  12/12     113.1   3.5%     200 [BUDGET VIOLATED]
test_01_known_vehicle_known_attack     target-own@5    11/12       1.7   0.0%     200 
test_01_known_vehicle_known_attack     target-own@30   11/12      10.1   0.1%     200 
test_02_unknown_vehicle_known_attack   known-clean@5   12/12    1599.5  14.0%       0 [BUDGET VIOLATED]
test_02_unknown_vehicle_known_attack   known-clean@30  12/12    1831.3  21.2%       0 [BUDGET VIOLATED]
test_02_unknown_vehicle_known_attack   target-own@5    12/12       2.5   0.0%     200 
test_02_unknown_vehicle_known_attack   target-own@30   12/12      25.5   0.1%     200 
test_06_masquerade                     known-clean@5    4/8        0.0   0.0%    5100 
test_06_masquerade                     known-clean@30   4/8       20.3   0.4%    1800 
test_06_masquerade                     target-own@5     3/8        0.0   0.0%     200 
test_06_masquerade                     target-own@30    4/8       20.3   0.6%     250 

saved -> experiments\id_agnostic\s0.json
