48 files, 731799 training windows, 12 features/frame
params=82945
ep 0 loss 0.0480 4s
ep 1 loss 0.0077 4s
ep 2 loss 0.0065 4s
ep 3 loss 0.0050 4s
ep 4 loss 0.0049 4s
ep 5 loss 0.0045 4s
ep 6 loss 0.0037 4s
ep 7 loss 0.0032 4s
ep 8 loss 0.0029 4s
ep 9 loss 0.0028 4s
ep 10 loss 0.0025 4s
ep 11 loss 0.0019 4s
ep 12 loss 0.0025 4s
ep 13 loss 0.0021 4s
ep 14 loss 0.0015 4s

test set                               calibration      events    FA/h   duty  lat ms
test_01_known_vehicle_known_attack     known-clean@5    9/10       0.0   0.0%     200 
test_01_known_vehicle_known_attack     known-clean@30   9/10      50.8   0.3%     200 
test_01_known_vehicle_known_attack     target-own@5     9/10       0.0   0.0%     200 
test_01_known_vehicle_known_attack     target-own@30    9/10      22.6   0.2%     200 
test_02_unknown_vehicle_known_attack   known-clean@5   10/10      21.0   4.9%     200 [BUDGET VIOLATED]
test_02_unknown_vehicle_known_attack   known-clean@30  10/10     154.0  11.6%     200 [BUDGET VIOLATED]
test_02_unknown_vehicle_known_attack   target-own@5    10/10       0.0   0.0%     300 
test_02_unknown_vehicle_known_attack   target-own@30   10/10       0.0   0.0%     300 
test_06_masquerade                     known-clean@5    2/4        0.0   0.0%     400 
test_06_masquerade                     known-clean@30   3/4       52.2   0.5%     300 
test_06_masquerade                     target-own@5     3/4        3.7   0.0%     600 
test_06_masquerade                     target-own@30    3/4       24.2   0.2%     400 

saved -> experiments\id_agnostic\s2.json
