54 files, 1062639 training windows, 12 features/frame
params=82945
ep 0 loss 0.0872 5s
ep 1 loss 0.0068 4s
ep 2 loss 0.0061 4s
ep 3 loss 0.0035 4s
ep 4 loss 0.0035 4s
ep 5 loss 0.0050 4s
ep 6 loss 0.0025 4s
ep 7 loss 0.0024 4s
ep 8 loss 0.0021 4s
ep 9 loss 0.0020 4s
ep 10 loss 0.0020 4s
ep 11 loss 0.0016 4s
ep 12 loss 0.0014 4s
ep 13 loss 0.0015 4s
ep 14 loss 0.0013 4s

test set                               calibration      events    FA/h   duty  lat ms
test_01_known_vehicle_known_attack     known-clean@5   11/12      18.6   0.2%     200 [BUDGET VIOLATED]
test_01_known_vehicle_known_attack     known-clean@30  11/12      77.6   6.2%     200 [BUDGET VIOLATED]
test_01_known_vehicle_known_attack     target-own@5    10/12       0.0   0.0%     200 
test_01_known_vehicle_known_attack     target-own@30   11/12       5.1   0.0%     200 
test_02_unknown_vehicle_known_attack   known-clean@5   12/12       2.5   0.0%     200 
test_02_unknown_vehicle_known_attack   known-clean@30  12/12     680.1  69.9%       0 [BUDGET VIOLATED]
test_02_unknown_vehicle_known_attack   target-own@5    12/12       2.5   0.0%     200 
test_02_unknown_vehicle_known_attack   target-own@30   12/12      10.2   0.0%     200 
test_06_masquerade                     known-clean@5    2/8        0.0   0.0%    5400 
test_06_masquerade                     known-clean@30   6/8       30.5   1.6%     200 
test_06_masquerade                     target-own@5     2/8        0.0   0.0%    5350 
test_06_masquerade                     target-own@30    6/8       20.3   1.0%     200 

saved -> experiments\id_agnostic\s1.json
