42 files, 676296 training windows, 12 features/frame
params=82945
ep 0 loss 0.0316 4s
ep 1 loss 0.0029 4s
ep 2 loss 0.0023 4s
ep 3 loss 0.0016 4s
ep 4 loss 0.0018 4s
ep 5 loss 0.0013 4s
ep 6 loss 0.0012 4s
ep 7 loss 0.0007 4s
ep 8 loss 0.0011 4s
ep 9 loss 0.0005 4s
ep 10 loss 0.0011 4s
ep 11 loss 0.0007 4s
ep 12 loss 0.0007 4s
ep 13 loss 0.0007 4s
ep 14 loss 0.0012 4s

test set                               calibration      events    FA/h   duty  lat ms
test_01_known_vehicle_known_attack     known-clean@5    8/8      345.8  42.3%     200 [BUDGET VIOLATED]
test_01_known_vehicle_known_attack     known-clean@30   8/8      418.4  45.5%     200 [BUDGET VIOLATED]
test_01_known_vehicle_known_attack     target-own@5     7/8        3.5   0.0%     200 
test_01_known_vehicle_known_attack     target-own@30    7/8       20.7   0.1%     200 
test_02_unknown_vehicle_known_attack   known-clean@5    8/8      651.3  32.8%      50 [BUDGET VIOLATED]
test_02_unknown_vehicle_known_attack   known-clean@30   8/8      678.0  37.4%       0 [BUDGET VIOLATED]
test_02_unknown_vehicle_known_attack   target-own@5     7/8        0.0   0.0%     400 
test_02_unknown_vehicle_known_attack   target-own@30    7/8       23.4   0.1%     400 
test_06_masquerade                     known-clean@5    5/7      537.3  61.9%     200 [BUDGET VIOLATED]
test_06_masquerade                     known-clean@30   6/7      475.3  66.6%     200 [BUDGET VIOLATED]
test_06_masquerade                     target-own@5     0/7        0.0   0.0%     nan 
test_06_masquerade                     target-own@30    1/7       20.7   0.1%    4700 

saved -> experiments\id_agnostic\s0.json
