62 files, 617571 training windows, 12 features/frame
params=82945
ep 0 loss 0.0446 4s
ep 1 loss 0.0064 4s
ep 2 loss 0.0045 3s
ep 3 loss 0.0038 4s
ep 4 loss 0.0031 4s
ep 5 loss 0.0033 3s
ep 6 loss 0.0031 4s
ep 7 loss 0.0027 4s
ep 8 loss 0.0022 4s
ep 9 loss 0.0020 4s
ep 10 loss 0.0020 3s
ep 11 loss 0.0017 4s
ep 12 loss 0.0014 4s
ep 13 loss 0.0029 4s
ep 14 loss 0.0012 4s

test set                               calibration      events    FA/h   duty  lat ms
test_01_known_vehicle_known_attack     known-clean@5   11/12       0.0   0.0%     200 
test_01_known_vehicle_known_attack     known-clean@30  11/12       5.7   0.0%     200 
test_01_known_vehicle_known_attack     target-own@5    11/12       0.0   0.0%     200 
test_01_known_vehicle_known_attack     target-own@30   11/12       5.7   0.0%     200 
test_02_unknown_vehicle_known_attack   known-clean@5    6/14      34.2   0.5%     250 [BUDGET VIOLATED]
test_02_unknown_vehicle_known_attack   known-clean@30   7/14     436.5  10.2%     200 [BUDGET VIOLATED]
test_02_unknown_vehicle_known_attack   target-own@5     6/14       4.1   0.0%     250 
test_02_unknown_vehicle_known_attack   target-own@30    6/14      24.6   0.3%     250 
test_06_masquerade                     known-clean@5    3/7       19.4   0.2%     100 [BUDGET VIOLATED]
test_06_masquerade                     known-clean@30   4/7       77.6   1.0%     100 
test_06_masquerade                     target-own@5     0/7        0.0   0.0%     nan 
test_06_masquerade                     target-own@30    3/7       19.4   0.2%     100 

saved -> experiments\id_agnostic\s0.json
