62 files, 617571 training windows, 12 features/frame
params=82945
ep 0 loss 0.0513 5s
ep 1 loss 0.0064 4s
ep 2 loss 0.0052 4s
ep 3 loss 0.0038 4s
ep 4 loss 0.0033 4s
ep 5 loss 0.0026 4s
ep 6 loss 0.0027 4s
ep 7 loss 0.0025 4s
ep 8 loss 0.0021 4s
ep 9 loss 0.0019 3s
ep 10 loss 0.0020 3s
ep 11 loss 0.0018 4s
ep 12 loss 0.0018 4s
ep 13 loss 0.0018 4s
ep 14 loss 0.0015 4s

test set                               calibration      events    FA/h   duty  lat ms
test_01_known_vehicle_known_attack     known-clean@5   10/12       0.0   0.0%     200 
test_01_known_vehicle_known_attack     known-clean@30  11/12       5.7   0.0%     200 
test_01_known_vehicle_known_attack     target-own@5    10/12       0.0   0.0%     200 
test_01_known_vehicle_known_attack     target-own@30   11/12      11.5   0.1%     200 
test_02_unknown_vehicle_known_attack   known-clean@5    6/14       9.6   0.1%     200 
test_02_unknown_vehicle_known_attack   known-clean@30  10/14     333.9   5.3%     200 [BUDGET VIOLATED]
test_02_unknown_vehicle_known_attack   target-own@5     6/14       1.4   0.0%     250 
test_02_unknown_vehicle_known_attack   target-own@30    6/14      20.5   0.2%     200 
test_06_masquerade                     known-clean@5    2/7       38.8   0.5%     150 [BUDGET VIOLATED]
test_06_masquerade                     known-clean@30   4/7      135.8   1.4%     100 [BUDGET VIOLATED]
test_06_masquerade                     target-own@5     0/7        0.0   0.0%     nan 
test_06_masquerade                     target-own@30    0/7        0.0   0.0%     nan 

saved -> experiments\id_agnostic\s1.json
