skip duplicate segment Fuzzy_dataset#seg1
skip duplicate segment gear_dataset#seg1
skip duplicate segment RPM_dataset#seg1
{'name': 'DoS_dataset#seg0', 'frames': 2774703, 'duration_s': 2328.7, 'unique_ids': 27, 'attack_frames': 587521, 'attack_frac': 0.2117, 'attack_ids': ['0x0']}
{'name': 'DoS_dataset#seg1', 'frames': 891068, 'duration_s': 481.6, 'unique_ids': 26, 'attack_frames': 0, 'attack_frac': 0.0, 'attack_ids': []}
{'name': 'Fuzzy_dataset#seg0', 'frames': 2947792, 'duration_s': 2466.0, 'unique_ids': 2048, 'attack_frames': 491847, 'attack_frac': 0.1669, 'attack_ids': ['0x0', '0x1', '0x2', '0x3', '0x4', '0x5', '0x6', '0x7', '0x8', '0x9']}
{'name': 'gear_dataset#seg0', 'frames': 3552074, 'duration_s': 1949.2, 'unique_ids': 26, 'attack_frames': 597252, 'attack_frac': 0.1681, 'attack_ids': ['0x43f']}
{'name': 'normal_run_data#seg0', 'frames': 988871, 'duration_s': 506.4, 'unique_ids': 27, 'attack_frames': 0, 'attack_frac': 0.0, 'attack_ids': []}
{'name': 'RPM_dataset#seg0', 'frames': 3730634, 'duration_s': 1952.4, 'unique_ids': 26, 'attack_frames': 654897, 'attack_frac': 0.1755, 'attack_ids': ['0x316']}
nodes=31 windows=[23287, 4817, 24661, 19493, 5065, 19525]
{'train': 67016, 'val': 13868, 'test': 13990}
  train positive rate per horizon: [0.536 0.662 0.787 0.901 0.901]
  val positive rate per horizon: [0.543 0.669 0.795 0.909 0.909]
  test positive rate per horizon: [0.52  0.641 0.761 0.869 0.869]
train positive rate per horizon: [0.536 0.662 0.787 0.901 0.901]
params=1.04M
ep   0 loss 0.2188 val_f1(mean over horizons) 0.9717 [0.999, 0.959, 0.959, 0.971, 0.971] 17.2s
ep   1 loss 0.1697 val_f1(mean over horizons) 0.9691 [1.000, 0.956, 0.959, 0.966, 0.966] 16.8s
ep   2 loss 0.1674 val_f1(mean over horizons) 0.9735 [1.000, 0.960, 0.964, 0.972, 0.972] 16.6s
ep   3 loss 0.1672 val_f1(mean over horizons) 0.9748 [1.000, 0.962, 0.968, 0.972, 0.972] 16.7s
ep   4 loss 0.1615 val_f1(mean over horizons) 0.9773 [1.000, 0.965, 0.971, 0.975, 0.975] 17.2s
ep   5 loss 0.1618 val_f1(mean over horizons) 0.9738 [0.999, 0.960, 0.967, 0.972, 0.972] 16.8s
ep   6 loss 0.1626 val_f1(mean over horizons) 0.9767 [1.000, 0.965, 0.970, 0.974, 0.974] 16.9s
ep   7 loss 0.1603 val_f1(mean over horizons) 0.9767 [1.000, 0.965, 0.970, 0.974, 0.974] 17.0s
ep   8 loss 0.1606 val_f1(mean over horizons) 0.9776 [1.000, 0.966, 0.971, 0.976, 0.976] 17.0s
ep   9 loss 0.1606 val_f1(mean over horizons) 0.9777 [1.000, 0.966, 0.971, 0.976, 0.976] 16.8s
ep  10 loss 0.1642 val_f1(mean over horizons) 0.9772 [1.000, 0.965, 0.971, 0.975, 0.975] 16.9s
ep  11 loss 0.1648 val_f1(mean over horizons) 0.9753 [1.000, 0.963, 0.968, 0.973, 0.973] 16.7s
ep  12 loss 0.1621 val_f1(mean over horizons) 0.9766 [1.000, 0.964, 0.970, 0.974, 0.974] 16.6s
ep  13 loss 0.1603 val_f1(mean over horizons) 0.9775 [1.000, 0.966, 0.971, 0.975, 0.975] 17.3s
ep  14 loss 0.1616 val_f1(mean over horizons) 0.9770 [1.000, 0.965, 0.970, 0.975, 0.975] 17.1s
ep  15 loss 0.1606 val_f1(mean over horizons) 0.9770 [1.000, 0.965, 0.971, 0.975, 0.975] 17.1s
ep  16 loss 0.1586 val_f1(mean over horizons) 0.9777 [1.000, 0.966, 0.971, 0.976, 0.976] 16.9s
ep  17 loss 0.1603 val_f1(mean over horizons) 0.9772 [1.000, 0.965, 0.971, 0.975, 0.975] 16.6s
ep  18 loss 0.1596 val_f1(mean over horizons) 0.9774 [1.000, 0.966, 0.971, 0.975, 0.975] 16.5s
ep  19 loss 0.1587 val_f1(mean over horizons) 0.9776 [1.000, 0.966, 0.971, 0.975, 0.975] 16.8s
ep  20 loss 0.1615 val_f1(mean over horizons) 0.9756 [1.000, 0.963, 0.969, 0.974, 0.974] 16.8s
ep  21 loss 0.1607 val_f1(mean over horizons) 0.9768 [1.000, 0.965, 0.970, 0.975, 0.975] 16.8s
ep  22 loss 0.1615 val_f1(mean over horizons) 0.9772 [1.000, 0.965, 0.971, 0.975, 0.975] 16.9s
ep  23 loss 0.1599 val_f1(mean over horizons) 0.9775 [1.000, 0.966, 0.971, 0.976, 0.976] 16.8s
ep  24 loss 0.1589 val_f1(mean over horizons) 0.9769 [1.000, 0.965, 0.971, 0.975, 0.975] 16.4s
ep  25 loss 0.1598 val_f1(mean over horizons) 0.9773 [1.000, 0.966, 0.971, 0.975, 0.975] 16.5s
ep  26 loss 0.1592 val_f1(mean over horizons) 0.9773 [1.000, 0.965, 0.971, 0.975, 0.975] 16.6s
early stop

=== sttf (test) ===
 horizon     subset   pos%       f1  auc_roc   auc_pr    brier      fpr      fnr      mcc
      0s        all  52.02   0.7138   1.0000   1.0000   0.0009   0.0000   0.4450   0.6118
      0s  pre_onset   0.00   0.0000      nan      nan   0.0005   0.0000   0.0000      nan
      1s        all  64.11   0.9528   0.9935   0.9961   0.0328   0.1603   0.0085   0.8646
      1s  pre_onset  25.19   0.7860   0.9675   0.9043   0.0655   0.1603   0.0444   0.7190
      2s        all  76.08   0.9491   0.9836   0.9919   0.0413   0.3391   0.0006   0.7713
      2s  pre_onset  50.13   0.8550   0.9619   0.9479   0.0776   0.3391   0.0015   0.7010
      5s        all  86.93   0.9610   0.9618   0.9897   0.0554   0.5164   0.0033   0.6518
      5s  pre_onset  72.77   0.9078   0.9331   0.9590   0.0962   0.5164   0.0082   0.6142
      9s        all  86.93   0.9608   0.9620   0.9898   0.0555   0.5219   0.0030   0.6494
      9s  pre_onset  72.77   0.9074   0.9332   0.9592   0.0962   0.5219   0.0074   0.6121

=== persistence (test) ===
 horizon     subset   pos%       f1  auc_roc   auc_pr    brier      fpr      fnr      mcc
      0s        all  52.02   1.0000   1.0000   1.0000   0.0000   0.0000   0.0000   1.0000
      0s  pre_onset   0.00   0.0000      nan      nan   0.0000   0.0000   0.0000      nan
      1s        all  64.11   0.8959   0.9057   0.9323   0.1209   0.0000   0.1885   0.7791
      1s  pre_onset  25.19   0.0000   0.5000   0.2519   0.2519   0.0000   1.0000   0.0000
      2s        all  76.08   0.8122   0.8419   0.9244   0.2405   0.0000   0.3162   0.5840
      2s  pre_onset  50.13   0.0000   0.5000   0.5013   0.5013   0.0000   1.0000   0.0000
      5s        all  86.93   0.7488   0.7992   0.9475   0.3491   0.0000   0.4016   0.4037
      5s  pre_onset  72.77   0.0000   0.5000   0.7277   0.7277   0.0000   1.0000   0.0000
      9s        all  86.93   0.7488   0.7992   0.9475   0.3491   0.0000   0.4016   0.4037
      9s  pre_onset  72.77   0.0000   0.5000   0.7277   0.7277   0.0000   1.0000   0.0000

=== periodicity (test) ===
 horizon     subset   pos%       f1  auc_roc   auc_pr    brier      fpr      fnr      mcc
      0s        all  52.02   1.0000   1.0000   1.0000   0.0000   0.0000   0.0000   1.0000
      0s  pre_onset   0.00   0.0000      nan      nan   0.0000   0.0000   0.0000      nan
      1s        all  64.11   0.9745   0.9963   0.9969   0.0334   0.0932   0.0001   0.9282
      1s  pre_onset  25.19   0.8782   0.9804   0.9207   0.0696   0.0932   0.0006   0.8423
      2s        all  76.08   0.9768   0.9265   0.9558   0.0360   0.1509   0.0001   0.9001
      2s  pre_onset  50.13   0.9301   0.9241   0.8689   0.0751   0.1509   0.0003   0.8589
      5s        all  86.93   0.9789   0.8564   0.9586   0.0375   0.2872   0.0000   0.8266
      5s  pre_onset  72.77   0.9490   0.8564   0.9029   0.0782   0.2872   0.0000   0.8023
      9s        all  86.93   0.9789   0.8564   0.9586   0.0375   0.2872   0.0000   0.8266
      9s  pre_onset  72.77   0.9490   0.8564   0.9029   0.0782   0.2872   0.0000   0.8023

MC-dropout mean predictive variance: 0.00037
saved -> experiments\car_hacking_nograph\20260922-212859
