branch B (per-ID residualisation):
  ep 0 loss 0.0621 4s
  ep 1 loss 0.0287 4s
  ep 2 loss 0.0196 4s
  ep 3 loss 0.0161 4s
  ep 4 loss 0.0120 4s
  ep 5 loss 0.0099 3s
  ep 6 loss 0.0091 3s
  ep 7 loss 0.0081 4s
  ep 8 loss 0.0073 4s
  ep 9 loss 0.0074 4s
  ep 10 loss 0.0065 4s
  ep 11 loss 0.0054 4s
  ep 12 loss 0.0052 4s
  ep 13 loss 0.0047 5s
  ep 14 loss 0.0047 4s
branch A (ID-relative):
  ep 0 loss 0.0351 4s
  ep 1 loss 0.0027 4s
  ep 2 loss 0.0021 4s
  ep 3 loss 0.0017 4s
  ep 4 loss 0.0012 4s
  ep 5 loss 0.0016 4s
  ep 6 loss 0.0012 4s
  ep 7 loss 0.0010 4s
  ep 8 loss 0.0009 4s
  ep 9 loss 0.0009 4s
  ep 10 loss 0.0012 4s
  ep 11 loss 0.0010 4s
  ep 12 loss 0.0008 4s
  ep 13 loss 0.0009 4s
  ep 14 loss 0.0008 4s

test                                     branch            budget    events    FA/h   duty
test_02_unknown_vehicle_known_attack     A id-agnostic          5    7/8        3.3   0.0%
test_02_unknown_vehicle_known_attack     B id-based             5    2/8        3.3   0.0%
test_02_unknown_vehicle_known_attack     A OR B                 5    7/8        0.0   0.0%
test_02_unknown_vehicle_known_attack     A id-agnostic         30    8/8       10.0   0.1%
test_02_unknown_vehicle_known_attack     B id-based            30    2/8       16.7   0.1%
test_02_unknown_vehicle_known_attack     A OR B                30    8/8       16.7   0.1%
test_06_masquerade                       A id-agnostic          5    0/7        0.0   0.0%
test_06_masquerade                       B id-based             5    0/7        0.0   0.0%
test_06_masquerade                       A OR B                 5    0/7        0.0   0.0%
test_06_masquerade                       A id-agnostic         30    0/7        0.0   0.0%
test_06_masquerade                       B id-based            30    0/7        0.0   0.0%
test_06_masquerade                       A OR B                30    0/7        0.0   0.0%

saved -> experiments\pair_detector\set_01_s0.json
