branch B (per-ID residualisation):
  ep 0 loss 0.0402 6s
  ep 1 loss 0.0140 3s
  ep 2 loss 0.0099 3s
  ep 3 loss 0.0083 4s
  ep 4 loss 0.0073 4s
  ep 5 loss 0.0064 3s
  ep 6 loss 0.0061 3s
  ep 7 loss 0.0054 4s
  ep 8 loss 0.0057 4s
  ep 9 loss 0.0050 4s
  ep 10 loss 0.0045 4s
  ep 11 loss 0.0046 4s
  ep 12 loss 0.0052 3s
  ep 13 loss 0.0038 3s
  ep 14 loss 0.0037 4s
branch A (ID-relative):
  ep 0 loss 0.0464 4s
  ep 1 loss 0.0076 3s
  ep 2 loss 0.0066 4s
  ep 3 loss 0.0064 4s
  ep 4 loss 0.0047 4s
  ep 5 loss 0.0043 4s
  ep 6 loss 0.0036 4s
  ep 7 loss 0.0041 4s
  ep 8 loss 0.0029 4s
  ep 9 loss 0.0025 4s
  ep 10 loss 0.0023 4s
  ep 11 loss 0.0024 4s
  ep 12 loss 0.0020 4s
  ep 13 loss 0.0022 4s
  ep 14 loss 0.0017 4s

test                                     branch            budget    events    FA/h   duty
test_02_unknown_vehicle_known_attack     A id-agnostic          5   10/10       0.0   0.0%
test_02_unknown_vehicle_known_attack     B id-based             5   10/10       0.0   0.0%
test_02_unknown_vehicle_known_attack     A OR B                 5   10/10       0.0   0.0%
test_02_unknown_vehicle_known_attack     A id-agnostic         30   10/10      17.5   0.1%
test_02_unknown_vehicle_known_attack     B id-based            30   10/10      21.0   0.4%
test_02_unknown_vehicle_known_attack     A OR B                30   10/10      10.5   0.1%
test_06_masquerade                       A id-agnostic          5    0/4        0.0   0.0%
test_06_masquerade                       B id-based             5    3/4        3.7   0.0%
test_06_masquerade                       A OR B                 5    3/4        0.0   0.0%
test_06_masquerade                       A id-agnostic         30    2/4       24.2   0.4%
test_06_masquerade                       B id-based            30    3/4       22.4   0.1%
test_06_masquerade                       A OR B                30    3/4       22.4   0.2%

saved -> experiments\pair_detector\set_03_s0.json
