branch B (ID-based + payload):
  ep 0 loss 0.0496 5s
  ep 1 loss 0.0094 5s
  ep 2 loss 0.0069 5s
  ep 3 loss 0.0041 5s
  ep 4 loss 0.0037 5s
  ep 5 loss 0.0036 4s
  ep 6 loss 0.0026 5s
  ep 7 loss 0.0020 5s
  ep 8 loss 0.0026 5s
  ep 9 loss 0.0024 5s
  ep 10 loss 0.0016 5s
  ep 11 loss 0.0008 5s
  ep 12 loss 0.0016 5s
  ep 13 loss 0.0025 5s
  ep 14 loss 0.0012 5s
branch A (ID-agnostic):
  ep 0 loss 0.0439 4s
  ep 1 loss 0.0082 4s
  ep 2 loss 0.0064 4s
  ep 3 loss 0.0045 4s
  ep 4 loss 0.0046 4s
  ep 5 loss 0.0052 4s
  ep 6 loss 0.0037 3s
  ep 7 loss 0.0038 4s
  ep 8 loss 0.0035 4s
  ep 9 loss 0.0027 3s
  ep 10 loss 0.0025 3s
  ep 11 loss 0.0024 4s
  ep 12 loss 0.0026 4s
  ep 13 loss 0.0018 4s
  ep 14 loss 0.0013 4s

test                                     branch            budget    events    FA/h   duty
test_01_known_vehicle_known_attack       A id-agnostic          5    9/10       0.0   0.0%
test_01_known_vehicle_known_attack       B id-based             5    9/10       0.0   0.0%
test_01_known_vehicle_known_attack       A OR B                 5   10/10       0.0   0.0%
test_01_known_vehicle_known_attack       A id-agnostic         30    9/10      25.4   0.3%
test_01_known_vehicle_known_attack       B id-based            30   10/10      16.9   0.1%
test_01_known_vehicle_known_attack       A OR B                30   10/10      19.8   0.1%
test_06_masquerade                       A id-agnostic          5    2/4        3.7   0.0%
test_06_masquerade                       B id-based             5    2/4        3.7   0.0%
test_06_masquerade                       A OR B                 5    2/4        0.0   0.0%
test_06_masquerade                       A id-agnostic         30    2/4       26.1   0.4%
test_06_masquerade                       B id-based            30    2/4       29.8   0.2%
test_06_masquerade                       A OR B                30    2/4       14.9   0.2%

saved -> experiments\pair_detector\set_03_s1.json
