branch B (per-ID residualisation):
  ep 0 loss 0.0441 4s
  ep 1 loss 0.0179 4s
  ep 2 loss 0.0142 4s
  ep 3 loss 0.0135 3s
  ep 4 loss 0.0122 3s
  ep 5 loss 0.0112 3s
  ep 6 loss 0.0101 4s
  ep 7 loss 0.0097 4s
  ep 8 loss 0.0087 4s
  ep 9 loss 0.0086 4s
  ep 10 loss 0.0076 4s
  ep 11 loss 0.0075 4s
  ep 12 loss 0.0073 4s
  ep 13 loss 0.0063 4s
  ep 14 loss 0.0065 4s
branch A (ID-relative):
  ep 0 loss 0.0505 4s
  ep 1 loss 0.0088 3s
  ep 2 loss 0.0052 4s
  ep 3 loss 0.0040 4s
  ep 4 loss 0.0034 4s
  ep 5 loss 0.0031 3s
  ep 6 loss 0.0026 3s
  ep 7 loss 0.0035 4s
  ep 8 loss 0.0025 3s
  ep 9 loss 0.0023 3s
  ep 10 loss 0.0018 3s
  ep 11 loss 0.0028 4s
  ep 12 loss 0.0019 4s
  ep 13 loss 0.0016 3s
  ep 14 loss 0.0015 3s

test                                     branch            budget    events    FA/h   duty
test_02_unknown_vehicle_known_attack     A id-agnostic          5    4/14       0.0   0.0%
test_02_unknown_vehicle_known_attack     B id-based             5    6/14       0.0   0.0%
test_02_unknown_vehicle_known_attack     A OR B                 5    6/14       0.0   0.0%
test_02_unknown_vehicle_known_attack     A id-agnostic         30    6/14      23.3   0.3%
test_02_unknown_vehicle_known_attack     B id-based            30    7/14      21.9   0.2%
test_02_unknown_vehicle_known_attack     A OR B                30    7/14      13.7   0.1%
test_06_masquerade                       A id-agnostic          5    0/7        0.0   0.0%
test_06_masquerade                       B id-based             5    3/7        0.0   0.0%
test_06_masquerade                       A OR B                 5    3/7        0.0   0.0%
test_06_masquerade                       A id-agnostic         30    0/7        0.0   0.0%
test_06_masquerade                       B id-based            30    3/7       19.4   0.2%
test_06_masquerade                       A OR B                30    3/7        0.0   0.0%

saved -> experiments\pair_detector\set_04_s1.json
