branch B (ID-based + payload):
  ep 0 loss 0.0314 5s
  ep 1 loss 0.0032 4s
  ep 2 loss 0.0021 4s
  ep 3 loss 0.0013 4s
  ep 4 loss 0.0021 4s
  ep 5 loss 0.0011 4s
  ep 6 loss 0.0008 4s
  ep 7 loss 0.0009 4s
  ep 8 loss 0.0010 4s
  ep 9 loss 0.0009 4s
  ep 10 loss 0.0005 4s
  ep 11 loss 0.0014 4s
  ep 12 loss 0.0006 4s
  ep 13 loss 0.0006 4s
  ep 14 loss 0.0007 4s
branch A (ID-agnostic):
  ep 0 loss 0.0322 4s
  ep 1 loss 0.0029 3s
  ep 2 loss 0.0022 3s
  ep 3 loss 0.0015 3s
  ep 4 loss 0.0017 3s
  ep 5 loss 0.0017 3s
  ep 6 loss 0.0013 3s
  ep 7 loss 0.0012 3s
  ep 8 loss 0.0015 3s
  ep 9 loss 0.0008 3s
  ep 10 loss 0.0011 3s
  ep 11 loss 0.0011 3s
  ep 12 loss 0.0010 3s
  ep 13 loss 0.0007 3s
  ep 14 loss 0.0008 3s

test                                     branch            budget    events    FA/h   duty
test_01_known_vehicle_known_attack       A id-agnostic          5    7/8        3.5   0.0%
test_01_known_vehicle_known_attack       B id-based             5    3/8        0.0   0.0%
test_01_known_vehicle_known_attack       A OR B                 5    7/8        0.0   0.0%
test_01_known_vehicle_known_attack       A id-agnostic         30    7/8       13.8   0.1%
test_01_known_vehicle_known_attack       B id-based            30    7/8       27.7   0.6%
test_01_known_vehicle_known_attack       A OR B                30    7/8       24.2   0.6%
test_06_masquerade                       A id-agnostic          5    0/7        0.0   0.0%
test_06_masquerade                       B id-based             5    4/7        4.1   0.0%
test_06_masquerade                       A OR B                 5    4/7        0.0   0.0%
test_06_masquerade                       A id-agnostic         30    1/7       16.5   0.1%
test_06_masquerade                       B id-based            30    5/7       28.9   0.1%
test_06_masquerade                       A OR B                30    5/7       12.4   0.0%

saved -> experiments\pair_detector\set_01_s0.json
