branch B (ID-based + payload):
  ep 0 loss 0.0577 6s
  ep 1 loss 0.0067 5s
  ep 2 loss 0.0048 5s
  ep 3 loss 0.0038 5s
  ep 4 loss 0.0026 5s
  ep 5 loss 0.0031 5s
  ep 6 loss 0.0025 5s
  ep 7 loss 0.0009 6s
  ep 8 loss 0.0016 5s
  ep 9 loss 0.0021 5s
  ep 10 loss 0.0014 5s
  ep 11 loss 0.0008 5s
  ep 12 loss 0.0013 5s
  ep 13 loss 0.0015 6s
  ep 14 loss 0.0012 6s
branch A (ID-agnostic):
  ep 0 loss 0.0898 4s
  ep 1 loss 0.0111 4s
  ep 2 loss 0.0044 4s
  ep 3 loss 0.0046 4s
  ep 4 loss 0.0028 4s
  ep 5 loss 0.0035 4s
  ep 6 loss 0.0023 4s
  ep 7 loss 0.0029 4s
  ep 8 loss 0.0019 5s
  ep 9 loss 0.0019 4s
  ep 10 loss 0.0014 4s
  ep 11 loss 0.0016 4s
  ep 12 loss 0.0014 4s
  ep 13 loss 0.0016 4s
  ep 14 loss 0.0012 4s

test                                     branch            budget    events    FA/h   duty
test_01_known_vehicle_known_attack       A id-agnostic          5   11/12       1.7   0.0%
test_01_known_vehicle_known_attack       B id-based             5   11/12       1.7   0.0%
test_01_known_vehicle_known_attack       A OR B                 5   11/12       3.4   0.0%
test_01_known_vehicle_known_attack       A id-agnostic         30   11/12       1.7   0.0%
test_01_known_vehicle_known_attack       B id-based            30   11/12      18.6   0.2%
test_01_known_vehicle_known_attack       A OR B                30   11/12      11.8   0.1%
test_06_masquerade                       A id-agnostic          5    4/8        0.0   0.0%
test_06_masquerade                       B id-based             5    8/8        0.0   0.0%
test_06_masquerade                       A OR B                 5    8/8        0.0   0.0%
test_06_masquerade                       A id-agnostic         30    4/8       10.2   0.5%
test_06_masquerade                       B id-based            30    8/8        0.0   0.0%
test_06_masquerade                       A OR B                30    8/8       10.2   0.5%

saved -> experiments\pair_detector\set_02_s1.json
