branch B (ID-based + payload):
  ep 0 loss 0.0423 5s
  ep 1 loss 0.0043 4s
  ep 2 loss 0.0029 4s
  ep 3 loss 0.0018 4s
  ep 4 loss 0.0018 4s
  ep 5 loss 0.0013 4s
  ep 6 loss 0.0014 4s
  ep 7 loss 0.0017 4s
  ep 8 loss 0.0008 4s
  ep 9 loss 0.0008 4s
  ep 10 loss 0.0013 4s
  ep 11 loss 0.0014 4s
  ep 12 loss 0.0006 4s
  ep 13 loss 0.0007 4s
  ep 14 loss 0.0012 4s
branch A (ID-agnostic):
  ep 0 loss 0.0484 4s
  ep 1 loss 0.0076 3s
  ep 2 loss 0.0054 3s
  ep 3 loss 0.0034 3s
  ep 4 loss 0.0039 3s
  ep 5 loss 0.0025 3s
  ep 6 loss 0.0031 3s
  ep 7 loss 0.0021 3s
  ep 8 loss 0.0025 3s
  ep 9 loss 0.0022 3s
  ep 10 loss 0.0021 3s
  ep 11 loss 0.0018 3s
  ep 12 loss 0.0016 3s
  ep 13 loss 0.0022 3s
  ep 14 loss 0.0014 3s

test                                     branch            budget    events    FA/h   duty
test_01_known_vehicle_known_attack       A id-agnostic          5   10/12       0.0   0.0%
test_01_known_vehicle_known_attack       B id-based             5   11/12       0.0   0.0%
test_01_known_vehicle_known_attack       A OR B                 5   11/12       0.0   0.0%
test_01_known_vehicle_known_attack       A id-agnostic         30   11/12      28.7   0.2%
test_01_known_vehicle_known_attack       B id-based            30   11/12      28.7   0.5%
test_01_known_vehicle_known_attack       A OR B                30   11/12      22.9   0.2%
test_06_masquerade                       A id-agnostic          5    2/7        0.0   0.0%
test_06_masquerade                       B id-based             5    0/7        0.0   0.0%
test_06_masquerade                       A OR B                 5    2/7        0.0   0.0%
test_06_masquerade                       A id-agnostic         30    2/7       19.4   0.2%
test_06_masquerade                       B id-based            30    0/7        0.0   0.0%
test_06_masquerade                       A OR B                30    2/7        0.0   0.0%

saved -> experiments\pair_detector\set_04_s1.json
