branch B (ID-based + payload):
  ep 0 loss 0.0310 5s
  ep 1 loss 0.0019 4s
  ep 2 loss 0.0029 4s
  ep 3 loss 0.0021 4s
  ep 4 loss 0.0018 4s
  ep 5 loss 0.0023 4s
  ep 6 loss 0.0014 4s
  ep 7 loss 0.0011 4s
  ep 8 loss 0.0006 4s
  ep 9 loss 0.0008 4s
  ep 10 loss 0.0013 4s
  ep 11 loss 0.0013 4s
  ep 12 loss 0.0005 4s
  ep 13 loss 0.0003 4s
  ep 14 loss 0.0004 4s
branch A (ID-agnostic):
  ep 0 loss 0.0325 4s
  ep 1 loss 0.0028 3s
  ep 2 loss 0.0019 3s
  ep 3 loss 0.0023 3s
  ep 4 loss 0.0016 4s
  ep 5 loss 0.0013 3s
  ep 6 loss 0.0014 4s
  ep 7 loss 0.0014 4s
  ep 8 loss 0.0010 4s
  ep 9 loss 0.0009 4s
  ep 10 loss 0.0008 4s
  ep 11 loss 0.0010 3s
  ep 12 loss 0.0009 3s
  ep 13 loss 0.0007 3s
  ep 14 loss 0.0008 3s

test                                     branch            budget    events    FA/h   duty
test_01_known_vehicle_known_attack       A id-agnostic          5    7/8        0.0   0.0%
test_01_known_vehicle_known_attack       B id-based             5    7/8        3.5   0.4%
test_01_known_vehicle_known_attack       A OR B                 5    7/8        0.0   0.0%
test_01_known_vehicle_known_attack       A id-agnostic         30    7/8       24.2   0.1%
test_01_known_vehicle_known_attack       B id-based            30    7/8       27.7   0.6%
test_01_known_vehicle_known_attack       A OR B                30    7/8       20.7   0.5%
test_06_masquerade                       A id-agnostic          5    0/7        0.0   0.0%
test_06_masquerade                       B id-based             5    4/7        0.0   0.0%
test_06_masquerade                       A OR B                 5    4/7        0.0   0.0%
test_06_masquerade                       A id-agnostic         30    1/7        8.3   0.0%
test_06_masquerade                       B id-based            30    5/7       16.5   0.1%
test_06_masquerade                       A OR B                30    5/7       16.5   0.1%

saved -> experiments\pair_detector\set_01_s1.json
