branch B (ID-based + payload):
  ep 0 loss 0.0530 5s
  ep 1 loss 0.0111 5s
  ep 2 loss 0.0075 5s
  ep 3 loss 0.0045 5s
  ep 4 loss 0.0040 5s
  ep 5 loss 0.0037 4s
  ep 6 loss 0.0029 5s
  ep 7 loss 0.0027 5s
  ep 8 loss 0.0027 5s
  ep 9 loss 0.0027 5s
  ep 10 loss 0.0017 5s
  ep 11 loss 0.0016 5s
  ep 12 loss 0.0016 5s
  ep 13 loss 0.0018 5s
  ep 14 loss 0.0012 5s
branch A (ID-agnostic):
  ep 0 loss 0.0462 4s
  ep 1 loss 0.0081 4s
  ep 2 loss 0.0069 4s
  ep 3 loss 0.0066 4s
  ep 4 loss 0.0044 4s
  ep 5 loss 0.0032 4s
  ep 6 loss 0.0029 4s
  ep 7 loss 0.0039 4s
  ep 8 loss 0.0027 4s
  ep 9 loss 0.0027 4s
  ep 10 loss 0.0021 4s
  ep 11 loss 0.0019 4s
  ep 12 loss 0.0022 4s
  ep 13 loss 0.0021 4s
  ep 14 loss 0.0015 4s

test                                     branch            budget    events    FA/h   duty
test_01_known_vehicle_known_attack       A id-agnostic          5    9/10       0.0   0.0%
test_01_known_vehicle_known_attack       B id-based             5    9/10       0.0   0.0%
test_01_known_vehicle_known_attack       A OR B                 5   10/10       0.0   0.0%
test_01_known_vehicle_known_attack       A id-agnostic         30    9/10      28.2   0.1%
test_01_known_vehicle_known_attack       B id-based            30   10/10      25.4   0.4%
test_01_known_vehicle_known_attack       A OR B                30   10/10      19.8   0.2%
test_06_masquerade                       A id-agnostic          5    1/4        0.0   0.0%
test_06_masquerade                       B id-based             5    0/4        0.0   0.0%
test_06_masquerade                       A OR B                 5    1/4        0.0   0.0%
test_06_masquerade                       A id-agnostic         30    2/4       22.4   0.2%
test_06_masquerade                       B id-based            30    2/4       13.0   0.1%
test_06_masquerade                       A OR B                30    2/4       26.1   0.2%

saved -> experiments\pair_detector\set_03_s0.json
