branch B (per-ID residualisation):
  ep 0 loss 0.0368 6s
  ep 1 loss 0.0123 4s
  ep 2 loss 0.0090 4s
  ep 3 loss 0.0072 4s
  ep 4 loss 0.0069 3s
  ep 5 loss 0.0068 3s
  ep 6 loss 0.0054 4s
  ep 7 loss 0.0057 4s
  ep 8 loss 0.0046 4s
  ep 9 loss 0.0046 4s
  ep 10 loss 0.0043 4s
  ep 11 loss 0.0049 4s
  ep 12 loss 0.0036 4s
  ep 13 loss 0.0038 4s
  ep 14 loss 0.0034 4s
branch A (ID-relative):
  ep 0 loss 0.0477 4s
  ep 1 loss 0.0082 3s
  ep 2 loss 0.0069 4s
  ep 3 loss 0.0056 4s
  ep 4 loss 0.0051 3s
  ep 5 loss 0.0043 3s
  ep 6 loss 0.0044 3s
  ep 7 loss 0.0038 3s
  ep 8 loss 0.0040 3s
  ep 9 loss 0.0028 3s
  ep 10 loss 0.0028 3s
  ep 11 loss 0.0022 3s
  ep 12 loss 0.0024 3s
  ep 13 loss 0.0026 4s
  ep 14 loss 0.0018 4s

test                                     branch            budget    events    FA/h   duty
test_02_unknown_vehicle_known_attack     A id-agnostic          5    0/10       0.0   0.0%
test_02_unknown_vehicle_known_attack     B id-based             5   10/10       0.0   0.0%
test_02_unknown_vehicle_known_attack     A OR B                 5   10/10       0.0   0.0%
test_02_unknown_vehicle_known_attack     A id-agnostic         30    0/10       0.0   0.0%
test_02_unknown_vehicle_known_attack     B id-based            30   10/10      24.5   0.2%
test_02_unknown_vehicle_known_attack     A OR B                30   10/10       7.0   0.0%
test_06_masquerade                       A id-agnostic          5    1/4        0.0   0.0%
test_06_masquerade                       B id-based             5    3/4        3.7   0.0%
test_06_masquerade                       A OR B                 5    3/4        1.9   0.0%
test_06_masquerade                       A id-agnostic         30    2/4       24.2   0.1%
test_06_masquerade                       B id-based            30    3/4       22.4   0.2%
test_06_masquerade                       A OR B                30    3/4       26.1   0.2%

saved -> experiments\pair_detector\set_03_s1.json
