54 files, 1062639 training windows, 14 features/frame
params=83585
ep 0 loss 0.1393 5s
ep 1 loss 0.0459 4s
ep 2 loss 0.0283 4s
ep 3 loss 0.0233 4s
ep 4 loss 0.0174 4s
ep 5 loss 0.0150 4s
ep 6 loss 0.0134 3s
ep 7 loss 0.0112 4s
ep 8 loss 0.0102 4s
ep 9 loss 0.0088 4s
ep 10 loss 0.0070 4s
ep 11 loss 0.0090 4s
ep 12 loss 0.0073 4s
ep 13 loss 0.0063 4s
ep 14 loss 0.0061 4s

test set                               calibration      events    FA/h   duty  lat ms
test_01_known_vehicle_known_attack     known-clean@5   11/12     165.4   4.1%     200 [BUDGET VIOLATED]
test_01_known_vehicle_known_attack     known-clean@30  11/12     347.7  10.0%     200 [BUDGET VIOLATED]
test_01_known_vehicle_known_attack     target-own@5     7/12       0.0   0.0%     300 
test_01_known_vehicle_known_attack     target-own@30    8/12      25.3   0.4%     200 
test_02_unknown_vehicle_known_attack   known-clean@5   12/12      28.0   0.3%     200 [BUDGET VIOLATED]
test_02_unknown_vehicle_known_attack   known-clean@30  12/12     114.6   2.6%     200 [BUDGET VIOLATED]
test_02_unknown_vehicle_known_attack   target-own@5    12/12       2.5   0.0%     200 
test_02_unknown_vehicle_known_attack   target-own@30   12/12      15.3   0.2%     200 
test_06_masquerade                     known-clean@5    5/8        0.0   0.0%     200 
test_06_masquerade                     known-clean@30   7/8       40.6   0.3%     200 
test_06_masquerade                     target-own@5     5/8        0.0   0.0%     200 
test_06_masquerade                     target-own@30    7/8       20.3   0.2%     500 

saved -> experiments\id_agnostic\s0.json
