62 files, 617571 training windows, 14 features/frame
params=83585
ep 0 loss 0.0441 5s
ep 1 loss 0.0183 4s
ep 2 loss 0.0144 4s
ep 3 loss 0.0140 4s
ep 4 loss 0.0123 4s
ep 5 loss 0.0116 4s
ep 6 loss 0.0108 4s
ep 7 loss 0.0100 4s
ep 8 loss 0.0091 4s
ep 9 loss 0.0093 4s
ep 10 loss 0.0083 4s
ep 11 loss 0.0081 4s
ep 12 loss 0.0075 4s
ep 13 loss 0.0070 4s
ep 14 loss 0.0068 4s

test set                               calibration      events    FA/h   duty  lat ms
test_01_known_vehicle_known_attack     known-clean@5    7/12       0.0   0.0%     200 
test_01_known_vehicle_known_attack     known-clean@30   8/12       0.0   0.0%     200 
test_01_known_vehicle_known_attack     target-own@5     8/12       0.0   0.0%     200 
test_01_known_vehicle_known_attack     target-own@30    9/12      28.7   0.2%     200 
test_02_unknown_vehicle_known_attack   known-clean@5    5/14       0.0   0.0%     200 
test_02_unknown_vehicle_known_attack   known-clean@30   8/14     227.1   9.3%     200 [BUDGET VIOLATED]
test_02_unknown_vehicle_known_attack   target-own@5     6/14       1.4   0.0%     200 
test_02_unknown_vehicle_known_attack   target-own@30    6/14       1.4   0.0%     200 
test_06_masquerade                     known-clean@5    3/7       38.8   0.4%     200 [BUDGET VIOLATED]
test_06_masquerade                     known-clean@30   3/7       77.6   0.9%     100 
test_06_masquerade                     target-own@5     3/7        0.0   0.0%     200 
test_06_masquerade                     target-own@30    3/7       19.4   0.2%     200 

saved -> experiments\id_agnostic\s1.json
