62 files, 617571 training windows, 14 features/frame
params=83585
ep 0 loss 0.0460 4s
ep 1 loss 0.0188 4s
ep 2 loss 0.0166 3s
ep 3 loss 0.0143 4s
ep 4 loss 0.0133 4s
ep 5 loss 0.0124 4s
ep 6 loss 0.0103 4s
ep 7 loss 0.0099 3s
ep 8 loss 0.0091 4s
ep 9 loss 0.0093 4s
ep 10 loss 0.0082 4s
ep 11 loss 0.0073 3s
ep 12 loss 0.0079 4s
ep 13 loss 0.0064 4s
ep 14 loss 0.0063 4s

test set                               calibration      events    FA/h   duty  lat ms
test_01_known_vehicle_known_attack     known-clean@5    7/12       0.0   0.0%     200 
test_01_known_vehicle_known_attack     known-clean@30   9/12      22.9   0.1%     200 
test_01_known_vehicle_known_attack     target-own@5     8/12       0.0   0.0%     200 
test_01_known_vehicle_known_attack     target-own@30    9/12      28.7   0.2%     200 
test_02_unknown_vehicle_known_attack   known-clean@5    5/14       0.0   0.0%     200 
test_02_unknown_vehicle_known_attack   known-clean@30  10/14     410.5  17.2%     200 [BUDGET VIOLATED]
test_02_unknown_vehicle_known_attack   target-own@5     6/14       0.0   0.0%     200 
test_02_unknown_vehicle_known_attack   target-own@30    7/14      23.3   0.1%     200 
test_06_masquerade                     known-clean@5    3/7       19.4   0.2%     100 [BUDGET VIOLATED]
test_06_masquerade                     known-clean@30   6/7      116.4   1.4%    4300 [BUDGET VIOLATED]
test_06_masquerade                     target-own@5     3/7        0.0   0.0%     200 
test_06_masquerade                     target-own@30    3/7       19.4   0.2%     100 

saved -> experiments\id_agnostic\s0.json
