42 files, 676296 training windows, 14 features/frame
params=83585
ep 0 loss 0.0583 4s
ep 1 loss 0.0301 4s
ep 2 loss 0.0215 4s
ep 3 loss 0.0170 4s
ep 4 loss 0.0126 3s
ep 5 loss 0.0104 4s
ep 6 loss 0.0081 4s
ep 7 loss 0.0072 3s
ep 8 loss 0.0065 3s
ep 9 loss 0.0065 3s
ep 10 loss 0.0054 3s
ep 11 loss 0.0057 4s
ep 12 loss 0.0042 3s
ep 13 loss 0.0050 4s
ep 14 loss 0.0039 4s

test set                               calibration      events    FA/h   duty  lat ms
test_01_known_vehicle_known_attack     known-clean@5    6/8      110.6   1.2%     200 [BUDGET VIOLATED]
test_01_known_vehicle_known_attack     known-clean@30   8/8      577.4  14.8%      50 [BUDGET VIOLATED]
test_01_known_vehicle_known_attack     target-own@5     6/8        3.5   0.0%     200 
test_01_known_vehicle_known_attack     target-own@30    6/8       20.7   0.2%     200 
test_02_unknown_vehicle_known_attack   known-clean@5    5/8      701.4  20.4%     400 [BUDGET VIOLATED]
test_02_unknown_vehicle_known_attack   known-clean@30   8/8      467.6  49.0%     100 [BUDGET VIOLATED]
test_02_unknown_vehicle_known_attack   target-own@5     2/8        0.0   0.0%     200 
test_02_unknown_vehicle_known_attack   target-own@30    3/8       20.0   0.2%     200 
test_06_masquerade                     known-clean@5    1/7      834.9  13.3%  358500 [BUDGET VIOLATED]
test_06_masquerade                     known-clean@30   3/7      843.2  65.3%    5400 [BUDGET VIOLATED]
test_06_masquerade                     target-own@5     0/7        0.0   0.0%     nan 
test_06_masquerade                     target-own@30    0/7        0.0   0.0%     nan 

saved -> experiments\id_agnostic\s2.json
