54 files, 1062639 training windows, 14 features/frame
params=83585
ep 0 loss 0.1435 5s
ep 1 loss 0.0405 4s
ep 2 loss 0.0289 4s
ep 3 loss 0.0227 4s
ep 4 loss 0.0177 4s
ep 5 loss 0.0161 4s
ep 6 loss 0.0150 4s
ep 7 loss 0.0116 4s
ep 8 loss 0.0106 4s
ep 9 loss 0.0091 4s
ep 10 loss 0.0089 3s
ep 11 loss 0.0079 4s
ep 12 loss 0.0083 4s
ep 13 loss 0.0077 4s
ep 14 loss 0.0071 4s

test set                               calibration      events    FA/h   duty  lat ms
test_01_known_vehicle_known_attack     known-clean@5   12/12     243.0   5.6%     200 [BUDGET VIOLATED]
test_01_known_vehicle_known_attack     known-clean@30  12/12     330.8   7.9%     200 [BUDGET VIOLATED]
test_01_known_vehicle_known_attack     target-own@5     9/12       1.7   0.0%     200 
test_01_known_vehicle_known_attack     target-own@30   10/12      20.3   0.3%     200 
test_02_unknown_vehicle_known_attack   known-clean@5   12/12     229.2   1.9%     200 [BUDGET VIOLATED]
test_02_unknown_vehicle_known_attack   known-clean@30  12/12     430.5   4.3%     200 [BUDGET VIOLATED]
test_02_unknown_vehicle_known_attack   target-own@5    12/12       2.5   0.0%     200 
test_02_unknown_vehicle_known_attack   target-own@30   12/12      22.9   0.2%     200 
test_06_masquerade                     known-clean@5    7/8       10.2   0.1%     300 
test_06_masquerade                     known-clean@30   8/8       81.2   0.6%     300 
test_06_masquerade                     target-own@5     5/8        0.0   0.0%     300 
test_06_masquerade                     target-own@30    8/8       10.2   0.1%    1200 

saved -> experiments\id_agnostic\s2.json
