48 files, 731799 training windows, 14 features/frame
params=83585
ep 0 loss 0.0368 6s
ep 1 loss 0.0124 4s
ep 2 loss 0.0095 3s
ep 3 loss 0.0071 4s
ep 4 loss 0.0069 4s
ep 5 loss 0.0066 4s
ep 6 loss 0.0057 4s
ep 7 loss 0.0057 3s
ep 8 loss 0.0050 4s
ep 9 loss 0.0049 4s
ep 10 loss 0.0037 4s
ep 11 loss 0.0044 4s
ep 12 loss 0.0039 3s
ep 13 loss 0.0037 3s
ep 14 loss 0.0031 4s

test set                               calibration      events    FA/h   duty  lat ms
test_01_known_vehicle_known_attack     known-clean@5    8/10       0.0   0.0%     200 
test_01_known_vehicle_known_attack     known-clean@30   9/10       0.0   0.0%     200 
test_01_known_vehicle_known_attack     target-own@5     9/10       0.0   0.0%     200 
test_01_known_vehicle_known_attack     target-own@30    9/10      19.8   0.1%     200 
test_02_unknown_vehicle_known_attack   known-clean@5   10/10       3.5   0.0%     200 
test_02_unknown_vehicle_known_attack   known-clean@30  10/10      10.5   0.1%     200 
test_02_unknown_vehicle_known_attack   target-own@5    10/10       0.0   0.0%     200 
test_02_unknown_vehicle_known_attack   target-own@30   10/10      21.0   0.2%     200 
test_06_masquerade                     known-clean@5    0/4        0.0   0.0%     nan 
test_06_masquerade                     known-clean@30   3/4       14.9   0.1%     200 
test_06_masquerade                     target-own@5     3/4        1.9   0.0%   11800 
test_06_masquerade                     target-own@30    3/4       28.0   0.8%     200 

saved -> experiments\id_agnostic\s1.json
