48 files, 731799 training windows, 14 features/frame
params=83585
ep 0 loss 0.0379 5s
ep 1 loss 0.0120 4s
ep 2 loss 0.0105 4s
ep 3 loss 0.0084 4s
ep 4 loss 0.0069 4s
ep 5 loss 0.0067 4s
ep 6 loss 0.0059 4s
ep 7 loss 0.0057 5s
ep 8 loss 0.0052 4s
ep 9 loss 0.0044 4s
ep 10 loss 0.0047 4s
ep 11 loss 0.0042 4s
ep 12 loss 0.0039 4s
ep 13 loss 0.0037 4s
ep 14 loss 0.0043 5s

test set                               calibration      events    FA/h   duty  lat ms
test_01_known_vehicle_known_attack     known-clean@5    8/10       0.0   0.0%     200 
test_01_known_vehicle_known_attack     known-clean@30   9/10       2.8   0.0%     200 
test_01_known_vehicle_known_attack     target-own@5     9/10       2.8   0.0%     200 
test_01_known_vehicle_known_attack     target-own@30    9/10      22.6   0.2%     200 
test_02_unknown_vehicle_known_attack   known-clean@5   10/10      10.5   0.1%     200 
test_02_unknown_vehicle_known_attack   known-clean@30  10/10      35.0   0.5%     200 
test_02_unknown_vehicle_known_attack   target-own@5    10/10       0.0   0.0%     200 
test_02_unknown_vehicle_known_attack   target-own@30   10/10      24.5   0.3%     200 
test_06_masquerade                     known-clean@5    2/4        0.0   0.0%    8600 
test_06_masquerade                     known-clean@30   3/4       28.0   0.2%     200 
test_06_masquerade                     target-own@5     3/4        3.7   0.0%     200 
test_06_masquerade                     target-own@30    3/4       29.8   0.2%     200 

saved -> experiments\id_agnostic\s2.json
