  test  correlated_signal_attack_1
  test  correlated_signal_attack_1_masquerade
  val   correlated_signal_attack_2
  val   correlated_signal_attack_2_masquerade
  train correlated_signal_attack_3
  train correlated_signal_attack_3_masquerade
  test  fuzzing_attack_1
  val   fuzzing_attack_2
  train fuzzing_attack_3
  test  max_engine_coolant_temp_attack
  test  max_engine_coolant_temp_attack_masquerade
  test  max_speedometer_attack_1
  test  max_speedometer_attack_1_masquerade
  val   max_speedometer_attack_2
  val   max_speedometer_attack_2_masquerade
  train max_speedometer_attack_3
  train max_speedometer_attack_3_masquerade
  test  reverse_light_off_attack_1
  test  reverse_light_off_attack_1_masquerade
  val   reverse_light_off_attack_2
  val   reverse_light_off_attack_2_masquerade
  train reverse_light_off_attack_3
  train reverse_light_off_attack_3_masquerade
  test  reverse_light_on_attack_1
  test  reverse_light_on_attack_1_masquerade
  val   reverse_light_on_attack_2
  val   reverse_light_on_attack_2_masquerade
  train reverse_light_on_attack_3
  train reverse_light_on_attack_3_masquerade
nodes=107 windows=56742 in 38 sequences
{'train': 33844, 'val': 9830, 'test': 10636}
  train positive rate per horizon: [0.072 0.074 0.076 0.079]
  val positive rate per horizon: [0.233 0.239 0.245 0.261]
  test positive rate per horizon: [0.147 0.158 0.167 0.187]
train positive rate per horizon: [0.072 0.074 0.076 0.08 ]
params=1.04M
ep   0 loss 1.0981 val_f1(mean over horizons) 0.8181 [0.782, 0.801, 0.815, 0.874] 28.1s
ep   1 loss 0.9296 val_f1(mean over horizons) 0.7941 [0.765, 0.782, 0.797, 0.833] 27.8s
ep   2 loss 0.8511 val_f1(mean over horizons) 0.7547 [0.721, 0.740, 0.761, 0.796] 31.8s
ep   3 loss 0.7984 val_f1(mean over horizons) 0.7844 [0.762, 0.771, 0.775, 0.831] 28.4s
ep   4 loss 0.7832 val_f1(mean over horizons) 0.7487 [0.709, 0.735, 0.760, 0.790] 27.7s
ep   5 loss 0.7454 val_f1(mean over horizons) 0.8113 [0.790, 0.808, 0.817, 0.829] 31.9s
ep   6 loss 0.7369 val_f1(mean over horizons) 0.8212 [0.794, 0.808, 0.827, 0.856] 27.8s
ep   7 loss 0.7297 val_f1(mean over horizons) 0.7563 [0.731, 0.745, 0.763, 0.786] 28.7s
ep   8 loss 0.7206 val_f1(mean over horizons) 0.7945 [0.766, 0.783, 0.794, 0.834] 29.1s
ep   9 loss 0.7169 val_f1(mean over horizons) 0.8006 [0.774, 0.789, 0.797, 0.842] 28.3s
ep  10 loss 0.7650 val_f1(mean over horizons) 0.7821 [0.764, 0.774, 0.785, 0.805] 27.6s
ep  11 loss 0.7623 val_f1(mean over horizons) 0.8178 [0.790, 0.811, 0.824, 0.846] 27.2s
ep  12 loss 0.7501 val_f1(mean over horizons) 0.7601 [0.705, 0.729, 0.778, 0.828] 27.5s
early stop

=== sttf (test) ===
 horizon     subset   pos%       f1  auc_roc   auc_pr    brier      fpr      fnr      mcc
      0s        all  14.72   0.6894   0.9521   0.7848   0.0977   0.0646   0.2771   0.6338
      0s  pre_onset   0.00   0.0000      nan      nan   0.0765   0.0646   0.0000      nan
      1s        all  15.92   0.6868   0.9443   0.7896   0.1023   0.0736   0.2739   0.6249
      1s  pre_onset   1.23   0.1394   0.9253   0.0773   0.0841   0.0736   0.4818   0.1815
      2s        all  17.09   0.6834   0.9430   0.7949   0.1067   0.0761   0.2893   0.6158
      2s  pre_onset   2.48   0.2442   0.9288   0.1465   0.0923   0.0761   0.4455   0.2629
      5s        all  19.68   0.6852   0.9304   0.7637   0.1235   0.0878   0.2922   0.6055
      5s  pre_onset   6.11   0.3912   0.8833   0.2242   0.1196   0.0878   0.4288   0.3598

=== persistence (test) ===
 horizon     subset   pos%       f1  auc_roc   auc_pr    brier      fpr      fnr      mcc
      0s        all  14.72   1.0000   1.0000   1.0000   0.0000   0.0000   0.0000   1.0000
      0s  pre_onset   0.00   0.0000      nan      nan   0.0000   0.0000   0.0000      nan
      1s        all  15.92   0.9661   0.9672   0.9448   0.0105   0.0000   0.0656   0.9607
      1s  pre_onset   1.23   0.0000   0.5000   0.0123   0.0123   0.0000   1.0000   0.0000
      2s        all  17.09   0.9341   0.9382   0.8975   0.0211   0.0000   0.1236   0.9245
      2s  pre_onset   2.48   0.0000   0.5000   0.0248   0.0248   0.0000   1.0000   0.0000
      5s        all  19.68   0.8469   0.8673   0.7868   0.0523   0.0000   0.2655   0.8304
      5s  pre_onset   6.11   0.0000   0.5000   0.0611   0.0611   0.0000   1.0000   0.0000

=== timing (test) ===
 horizon     subset   pos%       f1  auc_roc   auc_pr    brier      fpr      fnr      mcc
      0s        all  14.72   0.9930   0.9986   0.9873   0.0021   0.0012   0.0070   0.9918
      0s  pre_onset   0.00   0.0000      nan      nan   0.0012   0.0012   0.0000      nan
      1s        all  15.92   0.9593   0.9916   0.9670   0.0121   0.0012   0.0722   0.9526
      1s  pre_onset   1.23   0.0000   0.8950   0.0884   0.0130   0.0012   1.0000  -0.0039
      2s        all  17.09   0.9281   0.9858   0.9510   0.0219   0.0010   0.1298   0.9173
      2s  pre_onset   2.48   0.0000   0.8946   0.1194   0.0246   0.0010   1.0000  -0.0051
      5s        all  19.68   0.8500   0.9749   0.9255   0.0456   0.0157   0.2136   0.8209
      5s  pre_onset   6.11   0.2880   0.9080   0.3182   0.0523   0.0157   0.7913   0.2829

MC-dropout mean predictive variance: 0.00339
detection latency (window-quantised, dt=0.1s): {'episodes': 11, 'detected': 11, 'missed': 0, 'latency_ms_median': 100.0, 'latency_ms_mean': 472.72727272727263, 'latency_ms_max': 2600.0}
saved -> experiments\road_nograph_fold0\20260922-231857
