  val      ambient_dyno_drive_basic_long
  train    ambient_dyno_drive_basic_short
  val      ambient_dyno_drive_benign_anomaly
  test     ambient_dyno_drive_extended_long
  val      ambient_dyno_drive_extended_short
  test     ambient_dyno_drive_radio_infotainment
  test     ambient_dyno_drive_winter
  train    ambient_dyno_idle_radio_infotainment
  train    ambient_dyno_reverse
  train    correlated_signal_attack_1
  train    correlated_signal_attack_1_masquerade
  test     correlated_signal_attack_2
  test     correlated_signal_attack_2_masquerade
  val      correlated_signal_attack_3
  val      correlated_signal_attack_3_masquerade
  train    fuzzing_attack_1
  test     fuzzing_attack_2
  val      fuzzing_attack_3
  train    max_engine_coolant_temp_attack
  train    max_engine_coolant_temp_attack_masquerade
  train    max_speedometer_attack_1
  train    max_speedometer_attack_1_masquerade
  test     max_speedometer_attack_2
  test     max_speedometer_attack_2_masquerade
  val      max_speedometer_attack_3
  val      max_speedometer_attack_3_masquerade
  train    reverse_light_off_attack_1
  train    reverse_light_off_attack_1_masquerade
  test     reverse_light_off_attack_2
  test     reverse_light_off_attack_2_masquerade
  val      reverse_light_off_attack_3
  val      reverse_light_off_attack_3_masquerade
  train    reverse_light_on_attack_1
  train    reverse_light_on_attack_1_masquerade
  test     reverse_light_on_attack_2
  test     reverse_light_on_attack_2_masquerade
  val      reverse_light_on_attack_3
  val      reverse_light_on_attack_3_masquerade
nodes=107 windows=56742 in 38 sequences
{'train': 16115, 'val': 25021, 'test': 14884}
  train positive rate per horizon: [0.097 0.104 0.11  0.123]
  val positive rate per horizon: [0.098 0.1   0.102 0.107]
  test positive rate per horizon: [0.154 0.158 0.162 0.172]
train positive rate per horizon: [0.097 0.105 0.112 0.129]
params=1.05M
ep   0 loss 0.7774 val_f1(mean over horizons) 0.7055 [0.803, 0.779, 0.735, 0.504] 39.3s
ep   1 loss 0.5894 val_f1(mean over horizons) 0.7118 [0.792, 0.779, 0.753, 0.523] 42.8s
ep   2 loss 0.5720 val_f1(mean over horizons) 0.7185 [0.790, 0.760, 0.717, 0.607] 43.9s
ep   3 loss 0.5639 val_f1(mean over horizons) 0.7695 [0.800, 0.788, 0.778, 0.713] 39.7s
ep   4 loss 0.5531 val_f1(mean over horizons) 0.7165 [0.774, 0.757, 0.748, 0.587] 38.1s
ep   5 loss 0.5461 val_f1(mean over horizons) 0.7558 [0.776, 0.762, 0.749, 0.737] 38.3s
ep   6 loss 0.5484 val_f1(mean over horizons) 0.7752 [0.809, 0.792, 0.779, 0.720] 38.4s
ep   7 loss 0.5460 val_f1(mean over horizons) 0.7664 [0.816, 0.796, 0.776, 0.678] 38.5s
ep   8 loss 0.5428 val_f1(mean over horizons) 0.7680 [0.793, 0.782, 0.770, 0.727] 39.9s
ep   9 loss 0.5429 val_f1(mean over horizons) 0.7761 [0.801, 0.789, 0.775, 0.740] 43.7s
ep  10 loss 0.5644 val_f1(mean over horizons) 0.8137 [0.851, 0.837, 0.821, 0.746] 42.5s
ep  11 loss 0.5542 val_f1(mean over horizons) 0.7379 [0.783, 0.769, 0.734, 0.665] 38.4s
ep  12 loss 0.5545 val_f1(mean over horizons) 0.7636 [0.787, 0.775, 0.765, 0.728] 38.4s
ep  13 loss 0.5462 val_f1(mean over horizons) 0.7982 [0.841, 0.821, 0.808, 0.723] 38.1s
ep  14 loss 0.5418 val_f1(mean over horizons) 0.7768 [0.802, 0.787, 0.776, 0.742] 38.2s
ep  15 loss 0.5464 val_f1(mean over horizons) 0.7855 [0.809, 0.793, 0.783, 0.757] 38.7s
ep  16 loss 0.5426 val_f1(mean over horizons) 0.7477 [0.768, 0.750, 0.743, 0.730] 38.7s
early stop

=== sttf (test) ===
 horizon     subset   pos%       f1  auc_roc   auc_pr    brier      fpr      fnr      mcc
      0s        all  15.41   0.8478   0.9877   0.9609   0.0554   0.0001   0.2638   0.8378
      0s  pre_onset   0.00   0.0000      nan      nan   0.0332   0.0001   0.0000      nan
      1s        all  15.94   0.8171   0.9595   0.9394   0.0584   0.0001   0.3090   0.8076
      1s  pre_onset   0.72   0.0000   0.2430   0.0046   0.0371   0.0001   1.0000  -0.0008
      2s        all  16.48   0.8611   0.9260   0.9065   0.0613   0.0028   0.2333   0.8464
      2s  pre_onset   1.45   0.0000   0.2470   0.0091   0.0409   0.0028   1.0000  -0.0064
      5s        all  17.97   0.6032   0.9413   0.8448   0.0779   0.0064   0.5555   0.6027
      5s  pre_onset   3.45   0.0000   0.7493   0.0732   0.0633   0.0064   1.0000  -0.0149

=== persistence (test) ===
 horizon     subset   pos%       f1  auc_roc   auc_pr    brier      fpr      fnr      mcc
      0s        all  15.41   1.0000   1.0000   1.0000   0.0000   0.0000   0.0000   1.0000
      0s  pre_onset   0.00   0.0000      nan      nan   0.0000   0.0000   0.0000      nan
      1s        all  15.94   0.9805   0.9809   0.9678   0.0061   0.0000   0.0382   0.9772
      1s  pre_onset   0.72   0.0000   0.5000   0.0072   0.0072   0.0000   1.0000   0.0000
      2s        all  16.48   0.9613   0.9627   0.9377   0.0123   0.0000   0.0746   0.9550
      2s  pre_onset   1.45   0.0000   0.5000   0.0145   0.0145   0.0000   1.0000   0.0000
      5s        all  17.97   0.9111   0.9184   0.8661   0.0293   0.0000   0.1632   0.8988
      5s  pre_onset   3.45   0.0000   0.5000   0.0345   0.0345   0.0000   1.0000   0.0000

=== timing (test) ===
 horizon     subset   pos%       f1  auc_roc   auc_pr    brier      fpr      fnr      mcc
      0s        all  15.41   0.9967   0.9991   0.9941   0.0012   0.0005   0.0039   0.9961
      0s  pre_onset   0.00   0.0000      nan      nan   0.0005   0.0005   0.0000      nan
      1s        all  15.94   0.9772   0.9963   0.9809   0.0077   0.0005   0.0421   0.9733
      1s  pre_onset   0.72   0.0000   0.9199   0.0555   0.0082   0.0005   1.0000  -0.0019
      2s        all  16.48   0.9580   0.9942   0.9775   0.0134   0.0005   0.0783   0.9511
      2s  pre_onset   1.45   0.0000   0.9296   0.1252   0.0151   0.0005   1.0000  -0.0027
      5s        all  17.97   0.9062   0.9911   0.9672   0.0253   0.0003   0.1702   0.8933
      5s  pre_onset   3.45   0.0000   0.9472   0.2891   0.0290   0.0003   1.0000  -0.0034

MC-dropout mean predictive variance: 0.00149
detection latency (window-quantised, dt=0.1s): {'episodes': 9, 'detected': 9, 'missed': 0, 'latency_ms_median': 400.0, 'latency_ms_mean': 4100.0, 'latency_ms_max': 19400.000000000004}
saved -> experiments\road_v3_graph_s3_fold1\20260926-134646
