  test  correlated_signal_attack_1
  test  correlated_signal_attack_1_masquerade
  val   correlated_signal_attack_2
  val   correlated_signal_attack_2_masquerade
  train correlated_signal_attack_3
  train correlated_signal_attack_3_masquerade
  test  fuzzing_attack_1
  val   fuzzing_attack_2
  train fuzzing_attack_3
  test  max_engine_coolant_temp_attack
  test  max_engine_coolant_temp_attack_masquerade
  test  max_speedometer_attack_1
  test  max_speedometer_attack_1_masquerade
  val   max_speedometer_attack_2
  val   max_speedometer_attack_2_masquerade
  train max_speedometer_attack_3
  train max_speedometer_attack_3_masquerade
  test  reverse_light_off_attack_1
  test  reverse_light_off_attack_1_masquerade
  val   reverse_light_off_attack_2
  val   reverse_light_off_attack_2_masquerade
  train reverse_light_off_attack_3
  train reverse_light_off_attack_3_masquerade
  test  reverse_light_on_attack_1
  test  reverse_light_on_attack_1_masquerade
  val   reverse_light_on_attack_2
  val   reverse_light_on_attack_2_masquerade
  train reverse_light_on_attack_3
  train reverse_light_on_attack_3_masquerade
nodes=107 windows=56742 in 38 sequences
{'train': 33844, 'val': 9830, 'test': 10636}
  train positive rate per horizon: [0.072 0.074 0.076 0.079]
  val positive rate per horizon: [0.233 0.239 0.245 0.261]
  test positive rate per horizon: [0.147 0.158 0.167 0.187]
train positive rate per horizon: [0.072 0.074 0.076 0.08 ]
params=1.05M
ep   0 loss 0.8691 val_f1(mean over horizons) 0.9225 [0.946, 0.932, 0.921, 0.890] 78.8s
ep   1 loss 0.7422 val_f1(mean over horizons) 0.8407 [0.857, 0.855, 0.844, 0.807] 74.5s
ep   2 loss 0.7184 val_f1(mean over horizons) 0.9535 [0.977, 0.959, 0.945, 0.933] 72.3s
ep   3 loss 0.7122 val_f1(mean over horizons) 0.9540 [0.981, 0.964, 0.947, 0.924] 34.6s
ep   4 loss 0.7120 val_f1(mean over horizons) 0.9566 [0.986, 0.958, 0.949, 0.934] 34.4s
ep   5 loss 0.7076 val_f1(mean over horizons) 0.9191 [0.977, 0.949, 0.868, 0.882] 31.0s
ep   6 loss 0.7078 val_f1(mean over horizons) 0.9537 [0.986, 0.967, 0.950, 0.911] 30.7s
ep   7 loss 0.7036 val_f1(mean over horizons) 0.9525 [0.996, 0.969, 0.951, 0.894] 30.6s
ep   8 loss 0.7043 val_f1(mean over horizons) 0.9514 [0.987, 0.965, 0.948, 0.906] 30.7s
ep   9 loss 0.7005 val_f1(mean over horizons) 0.9555 [0.990, 0.967, 0.951, 0.914] 31.0s
ep  10 loss 0.7210 val_f1(mean over horizons) 0.6899 [0.685, 0.663, 0.685, 0.727] 31.2s
early stop

=== sttf (test) ===
 horizon     subset   pos%       f1  auc_roc   auc_pr    brier      fpr      fnr      mcc
      0s        all  14.72   0.9565   0.9806   0.9634   0.0540   0.0032   0.0664   0.9496
      0s  pre_onset   0.00   0.0000      nan      nan   0.0544   0.0032   0.0000      nan
      1s        all  15.92   0.9043   0.9307   0.9119   0.0622   0.0008   0.1712   0.8932
      1s  pre_onset   1.23   0.0000   0.2266   0.0074   0.0647   0.0008   1.0000  -0.0031
      2s        all  17.09   0.8753   0.9314   0.8971   0.0687   0.0017   0.2152   0.8611
      2s  pre_onset   2.48   0.0000   0.6338   0.0505   0.0730   0.0017   1.0000  -0.0066
      5s        all  19.68   0.7600   0.9345   0.8721   0.0996   0.0649   0.2247   0.7000
      5s  pre_onset   6.11   0.2046   0.7793   0.1561   0.1136   0.0649   0.7723   0.1481

=== persistence (test) ===
 horizon     subset   pos%       f1  auc_roc   auc_pr    brier      fpr      fnr      mcc
      0s        all  14.72   1.0000   1.0000   1.0000   0.0000   0.0000   0.0000   1.0000
      0s  pre_onset   0.00   0.0000      nan      nan   0.0000   0.0000   0.0000      nan
      1s        all  15.92   0.9661   0.9672   0.9448   0.0105   0.0000   0.0656   0.9607
      1s  pre_onset   1.23   0.0000   0.5000   0.0123   0.0123   0.0000   1.0000   0.0000
      2s        all  17.09   0.9341   0.9382   0.8975   0.0211   0.0000   0.1236   0.9245
      2s  pre_onset   2.48   0.0000   0.5000   0.0248   0.0248   0.0000   1.0000   0.0000
      5s        all  19.68   0.8469   0.8673   0.7868   0.0523   0.0000   0.2655   0.8304
      5s  pre_onset   6.11   0.0000   0.5000   0.0611   0.0611   0.0000   1.0000   0.0000

=== timing (test) ===
 horizon     subset   pos%       f1  auc_roc   auc_pr    brier      fpr      fnr      mcc
      0s        all  14.72   0.9930   0.9986   0.9873   0.0021   0.0012   0.0070   0.9918
      0s  pre_onset   0.00   0.0000      nan      nan   0.0012   0.0012   0.0000      nan
      1s        all  15.92   0.9593   0.9916   0.9670   0.0121   0.0012   0.0722   0.9526
      1s  pre_onset   1.23   0.0000   0.8950   0.0884   0.0130   0.0012   1.0000  -0.0039
      2s        all  17.09   0.9281   0.9858   0.9510   0.0219   0.0010   0.1298   0.9173
      2s  pre_onset   2.48   0.0000   0.8946   0.1194   0.0246   0.0010   1.0000  -0.0051
      5s        all  19.68   0.8500   0.9749   0.9255   0.0456   0.0157   0.2136   0.8209
      5s  pre_onset   6.11   0.2880   0.9080   0.3182   0.0523   0.0157   0.7913   0.2829

MC-dropout mean predictive variance: 0.00108
detection latency (window-quantised, dt=0.1s): {'episodes': 11, 'detected': 9, 'missed': 2, 'latency_ms_median': 100.0, 'latency_ms_mean': 88.88888888888887, 'latency_ms_max': 300.00000000000006}
saved -> experiments\road_v2_graph_fold0\20260923-033147
