  test  correlated_signal_attack_1
  test  correlated_signal_attack_1_masquerade
  val   correlated_signal_attack_2
  val   correlated_signal_attack_2_masquerade
  train correlated_signal_attack_3
  train correlated_signal_attack_3_masquerade
  test  fuzzing_attack_1
  val   fuzzing_attack_2
  train fuzzing_attack_3
  test  max_engine_coolant_temp_attack
  test  max_engine_coolant_temp_attack_masquerade
  test  max_speedometer_attack_1
  test  max_speedometer_attack_1_masquerade
  val   max_speedometer_attack_2
  val   max_speedometer_attack_2_masquerade
  train max_speedometer_attack_3
  train max_speedometer_attack_3_masquerade
  test  reverse_light_off_attack_1
  test  reverse_light_off_attack_1_masquerade
  val   reverse_light_off_attack_2
  val   reverse_light_off_attack_2_masquerade
  train reverse_light_off_attack_3
  train reverse_light_off_attack_3_masquerade
  test  reverse_light_on_attack_1
  test  reverse_light_on_attack_1_masquerade
  val   reverse_light_on_attack_2
  val   reverse_light_on_attack_2_masquerade
  train reverse_light_on_attack_3
  train reverse_light_on_attack_3_masquerade
nodes=107 windows=56742 in 38 sequences
{'train': 33844, 'val': 9830, 'test': 10636}
  train positive rate per horizon: [0.072 0.074 0.076 0.079]
  val positive rate per horizon: [0.233 0.239 0.245 0.261]
  test positive rate per horizon: [0.147 0.158 0.167 0.187]
train positive rate per horizon: [0.072 0.074 0.076 0.08 ]
params=1.05M
ep   0 loss 0.9311 val_f1(mean over horizons) 0.8870 [0.877, 0.884, 0.881, 0.905] 32.5s
ep   1 loss 0.7955 val_f1(mean over horizons) 0.8761 [0.861, 0.867, 0.879, 0.898] 30.7s
ep   2 loss 0.7599 val_f1(mean over horizons) 0.8722 [0.852, 0.863, 0.875, 0.899] 31.3s
ep   3 loss 0.7478 val_f1(mean over horizons) 0.8925 [0.889, 0.884, 0.893, 0.904] 31.4s
ep   4 loss 0.7394 val_f1(mean over horizons) 0.8747 [0.861, 0.863, 0.874, 0.901] 32.2s
ep   5 loss 0.7254 val_f1(mean over horizons) 0.8095 [0.738, 0.820, 0.825, 0.855] 33.2s
ep   6 loss 0.7185 val_f1(mean over horizons) 0.8777 [0.874, 0.879, 0.870, 0.888] 35.0s
ep   7 loss 0.7172 val_f1(mean over horizons) 0.8720 [0.866, 0.879, 0.859, 0.884] 34.9s
ep   8 loss 0.7105 val_f1(mean over horizons) 0.8687 [0.874, 0.850, 0.863, 0.888] 34.2s
ep   9 loss 0.7059 val_f1(mean over horizons) 0.8662 [0.860, 0.870, 0.855, 0.880] 31.9s
early stop

=== sttf (test) ===
 horizon     subset   pos%       f1  auc_roc   auc_pr    brier      fpr      fnr      mcc
      0s        all  14.72   0.6314   0.8891   0.7895   0.0936   0.0042   0.5275   0.6374
      0s  pre_onset   0.00   0.0000      nan      nan   0.0660   0.0042   0.0000      nan
      1s        all  15.92   0.6152   0.9229   0.8116   0.0950   0.0072   0.5388   0.6140
      1s  pre_onset   1.23   0.0000   0.8153   0.0652   0.0723   0.0072   1.0000  -0.0095
      2s        all  17.09   0.6510   0.9394   0.8279   0.0963   0.0197   0.4713   0.6206
      2s  pre_onset   2.48   0.2110   0.8574   0.1456   0.0806   0.0197   0.7909   0.1911
      5s        all  19.68   0.5887   0.9669   0.8662   0.0978   0.0133   0.5602   0.5722
      5s  pre_onset   6.11   0.0873   0.9297   0.3117   0.1068   0.0133   0.9450   0.0799

=== persistence (test) ===
 horizon     subset   pos%       f1  auc_roc   auc_pr    brier      fpr      fnr      mcc
      0s        all  14.72   1.0000   1.0000   1.0000   0.0000   0.0000   0.0000   1.0000
      0s  pre_onset   0.00   0.0000      nan      nan   0.0000   0.0000   0.0000      nan
      1s        all  15.92   0.9661   0.9672   0.9448   0.0105   0.0000   0.0656   0.9607
      1s  pre_onset   1.23   0.0000   0.5000   0.0123   0.0123   0.0000   1.0000   0.0000
      2s        all  17.09   0.9341   0.9382   0.8975   0.0211   0.0000   0.1236   0.9245
      2s  pre_onset   2.48   0.0000   0.5000   0.0248   0.0248   0.0000   1.0000   0.0000
      5s        all  19.68   0.8469   0.8673   0.7868   0.0523   0.0000   0.2655   0.8304
      5s  pre_onset   6.11   0.0000   0.5000   0.0611   0.0611   0.0000   1.0000   0.0000

=== timing (test) ===
 horizon     subset   pos%       f1  auc_roc   auc_pr    brier      fpr      fnr      mcc
      0s        all  14.72   0.9930   0.9986   0.9873   0.0021   0.0012   0.0070   0.9918
      0s  pre_onset   0.00   0.0000      nan      nan   0.0012   0.0012   0.0000      nan
      1s        all  15.92   0.9593   0.9916   0.9670   0.0121   0.0012   0.0722   0.9526
      1s  pre_onset   1.23   0.0000   0.8950   0.0884   0.0130   0.0012   1.0000  -0.0039
      2s        all  17.09   0.9281   0.9858   0.9510   0.0219   0.0010   0.1298   0.9173
      2s  pre_onset   2.48   0.0000   0.8946   0.1194   0.0246   0.0010   1.0000  -0.0051
      5s        all  19.68   0.8500   0.9749   0.9255   0.0456   0.0157   0.2136   0.8209
      5s  pre_onset   6.11   0.2880   0.9080   0.3182   0.0523   0.0157   0.7913   0.2829

MC-dropout mean predictive variance: 0.00078
detection latency (window-quantised, dt=0.1s): {'episodes': 11, 'detected': 6, 'missed': 5, 'latency_ms_median': 1000.0, 'latency_ms_mean': 1133.3333333333333, 'latency_ms_max': 2700.0}
saved -> experiments\road_v2_nograph_fold0\20260923-030314
