  train correlated_signal_attack_1
  train correlated_signal_attack_1_masquerade
  test  correlated_signal_attack_2
  test  correlated_signal_attack_2_masquerade
  val   correlated_signal_attack_3
  val   correlated_signal_attack_3_masquerade
  train fuzzing_attack_1
  test  fuzzing_attack_2
  val   fuzzing_attack_3
  train max_engine_coolant_temp_attack
  train max_engine_coolant_temp_attack_masquerade
  train max_speedometer_attack_1
  train max_speedometer_attack_1_masquerade
  test  max_speedometer_attack_2
  test  max_speedometer_attack_2_masquerade
  val   max_speedometer_attack_3
  val   max_speedometer_attack_3_masquerade
  train reverse_light_off_attack_1
  train reverse_light_off_attack_1_masquerade
  test  reverse_light_off_attack_2
  test  reverse_light_off_attack_2_masquerade
  val   reverse_light_off_attack_3
  val   reverse_light_off_attack_3_masquerade
  train reverse_light_on_attack_1
  train reverse_light_on_attack_1_masquerade
  test  reverse_light_on_attack_2
  test  reverse_light_on_attack_2_masquerade
  val   reverse_light_on_attack_3
  val   reverse_light_on_attack_3_masquerade
nodes=107 windows=56742 in 38 sequences
{'train': 34041, 'val': 10255, 'test': 10014}
  train positive rate per horizon: [0.046 0.049 0.052 0.058]
  val positive rate per horizon: [0.238 0.244 0.25  0.262]
  test positive rate per horizon: [0.229 0.235 0.241 0.256]
train positive rate per horizon: [0.046 0.049 0.053 0.059]
params=1.04M
ep   0 loss 1.3336 val_f1(mean over horizons) 0.7232 [0.714, 0.726, 0.713, 0.740] 27.6s
ep   1 loss 1.1269 val_f1(mean over horizons) 0.7474 [0.740, 0.743, 0.745, 0.761] 27.2s
ep   2 loss 1.0136 val_f1(mean over horizons) 0.7755 [0.781, 0.771, 0.765, 0.784] 27.5s
ep   3 loss 1.0128 val_f1(mean over horizons) 0.7619 [0.753, 0.758, 0.756, 0.780] 27.6s
ep   4 loss 0.9705 val_f1(mean over horizons) 0.7518 [0.733, 0.746, 0.753, 0.775] 27.7s
ep   5 loss 0.9687 val_f1(mean over horizons) 0.7642 [0.761, 0.761, 0.755, 0.780] 27.7s
ep   6 loss 0.9507 val_f1(mean over horizons) 0.6904 [0.689, 0.675, 0.679, 0.718] 27.7s
ep   7 loss 0.9360 val_f1(mean over horizons) 0.7678 [0.767, 0.771, 0.764, 0.769] 27.7s
ep   8 loss 0.9221 val_f1(mean over horizons) 0.7347 [0.713, 0.725, 0.747, 0.755] 27.8s
early stop

=== sttf (test) ===
 horizon     subset   pos%       f1  auc_roc   auc_pr    brier      fpr      fnr      mcc
      0s        all  22.90   0.6943   0.9416   0.8156   0.1619   0.0457   0.3864   0.6269
      0s  pre_onset   0.00   0.0000      nan      nan   0.1877   0.0457   0.0000      nan
      1s        all  23.71   0.7359   0.9403   0.8019   0.1621   0.1042   0.2227   0.6496
      1s  pre_onset   1.17   0.1056   0.8632   0.0641   0.1909   0.1042   0.4556   0.1520
      2s        all  24.54   0.7332   0.9368   0.7860   0.1644   0.0990   0.2449   0.6436
      2s  pre_onset   2.37   0.1552   0.8702   0.1140   0.1964   0.0990   0.5722   0.1618
      5s        all  26.84   0.7526   0.9229   0.7318   0.1799   0.1652   0.1250   0.6570
      5s  pre_onset   5.65   0.2991   0.8586   0.1627   0.2237   0.1652   0.3389   0.2900

=== persistence (test) ===
 horizon     subset   pos%       f1  auc_roc   auc_pr    brier      fpr      fnr      mcc
      0s        all  22.90   1.0000   1.0000   1.0000   0.0000   0.0000   0.0000   1.0000
      0s  pre_onset   0.00   0.0000      nan      nan   0.0000   0.0000   0.0000      nan
      1s        all  23.71   0.9805   0.9809   0.9708   0.0091   0.0000   0.0382   0.9749
      1s  pre_onset   1.17   0.0000   0.5000   0.0117   0.0117   0.0000   1.0000   0.0000
      2s        all  24.54   0.9613   0.9627   0.9437   0.0183   0.0000   0.0746   0.9505
      2s  pre_onset   2.37   0.0000   0.5000   0.0237   0.0237   0.0000   1.0000   0.0000
      5s        all  26.84   0.9111   0.9184   0.8806   0.0438   0.0000   0.1632   0.8885
      5s  pre_onset   5.65   0.0000   0.5000   0.0565   0.0565   0.0000   1.0000   0.0000

=== timing (test) ===
 horizon     subset   pos%       f1  auc_roc   auc_pr    brier      fpr      fnr      mcc
      0s        all  22.90   0.9967   0.9991   0.9962   0.0019   0.0008   0.0039   0.9958
      0s  pre_onset   0.00   0.0000      nan      nan   0.0008   0.0008   0.0000      nan
      1s        all  23.71   0.9772   0.9964   0.9892   0.0108   0.0008   0.0421   0.9707
      1s  pre_onset   1.17   0.0000   0.9251   0.1040   0.0122   0.0008   1.0000  -0.0031
      2s        all  24.54   0.9580   0.9941   0.9833   0.0194   0.0008   0.0783   0.9463
      2s  pre_onset   2.37   0.0000   0.9304   0.2373   0.0228   0.0008   1.0000  -0.0044
      5s        all  26.84   0.9333   0.9942   0.9850   0.0348   0.0114   0.0978   0.9110
      5s  pre_onset   5.65   0.5127   0.9656   0.5823   0.0438   0.0114   0.5895   0.5085

MC-dropout mean predictive variance: 0.00106
detection latency (window-quantised, dt=0.1s): {'episodes': 9, 'detected': 9, 'missed': 0, 'latency_ms_median': 1300.0, 'latency_ms_mean': 5555.555555555556, 'latency_ms_max': 22100.0}
saved -> experiments\road_nograph_fold1\20260922-232822
