  val      ambient_dyno_drive_basic_long
  train    ambient_dyno_drive_basic_short
  val      ambient_dyno_drive_benign_anomaly
  test     ambient_dyno_drive_extended_long
  val      ambient_dyno_drive_extended_short
  test     ambient_dyno_drive_radio_infotainment
  test     ambient_dyno_drive_winter
  train    ambient_dyno_idle_radio_infotainment
  train    ambient_dyno_reverse
  train    correlated_signal_attack_1
  train    correlated_signal_attack_1_masquerade
  test     correlated_signal_attack_2
  test     correlated_signal_attack_2_masquerade
  val      correlated_signal_attack_3
  val      correlated_signal_attack_3_masquerade
  train    fuzzing_attack_1
  test     fuzzing_attack_2
  val      fuzzing_attack_3
  train    max_engine_coolant_temp_attack
  train    max_engine_coolant_temp_attack_masquerade
  train    max_speedometer_attack_1
  train    max_speedometer_attack_1_masquerade
  test     max_speedometer_attack_2
  test     max_speedometer_attack_2_masquerade
  val      max_speedometer_attack_3
  val      max_speedometer_attack_3_masquerade
  train    reverse_light_off_attack_1
  train    reverse_light_off_attack_1_masquerade
  test     reverse_light_off_attack_2
  test     reverse_light_off_attack_2_masquerade
  val      reverse_light_off_attack_3
  val      reverse_light_off_attack_3_masquerade
  train    reverse_light_on_attack_1
  train    reverse_light_on_attack_1_masquerade
  test     reverse_light_on_attack_2
  test     reverse_light_on_attack_2_masquerade
  val      reverse_light_on_attack_3
  val      reverse_light_on_attack_3_masquerade
nodes=107 windows=56742 in 38 sequences
{'train': 16115, 'val': 25021, 'test': 14884}
  train positive rate per horizon: [0.097 0.104 0.11  0.123]
  val positive rate per horizon: [0.098 0.1   0.102 0.107]
  test positive rate per horizon: [0.154 0.158 0.162 0.172]
train positive rate per horizon: [0.097 0.105 0.112 0.129]
params=1.05M
ep   0 loss 0.7349 val_f1(mean over horizons) 0.7540 [0.710, 0.740, 0.762, 0.804] 38.8s
ep   1 loss 0.5962 val_f1(mean over horizons) 0.7617 [0.824, 0.795, 0.781, 0.647] 38.7s
ep   2 loss 0.5709 val_f1(mean over horizons) 0.8176 [0.847, 0.829, 0.811, 0.784] 38.7s
ep   3 loss 0.5611 val_f1(mean over horizons) 0.7577 [0.858, 0.834, 0.756, 0.583] 38.9s
ep   4 loss 0.5585 val_f1(mean over horizons) 0.7236 [0.815, 0.774, 0.747, 0.558] 40.2s
ep   5 loss 0.5495 val_f1(mean over horizons) 0.8044 [0.860, 0.836, 0.813, 0.708] 43.3s
ep   6 loss 0.5477 val_f1(mean over horizons) 0.8128 [0.863, 0.837, 0.821, 0.730] 44.3s
ep   7 loss 0.5455 val_f1(mean over horizons) 0.7588 [0.851, 0.824, 0.782, 0.579] 43.0s
ep   8 loss 0.5418 val_f1(mean over horizons) 0.7783 [0.857, 0.823, 0.801, 0.633] 38.6s
early stop

=== sttf (test) ===
 horizon     subset   pos%       f1  auc_roc   auc_pr    brier      fpr      fnr      mcc
      0s        all  15.41   0.7378   0.9602   0.8960   0.0853   0.0001   0.4152   0.7370
      0s  pre_onset   0.00   0.0000      nan      nan   0.0366   0.0001   0.0000      nan
      1s        all  15.94   0.6937   0.8542   0.7819   0.0886   0.0028   0.4611   0.6917
      1s  pre_onset   0.72   0.0000   0.3198   0.0051   0.0381   0.0028   1.0000  -0.0045
      2s        all  16.48   0.6979   0.8541   0.7769   0.0852   0.0083   0.4414   0.6835
      2s  pre_onset   1.45   0.0000   0.2470   0.0089   0.0385   0.0083   1.0000  -0.0110
      5s        all  17.97   0.6529   0.9370   0.8283   0.0795   0.0040   0.5064   0.6504
      5s  pre_onset   3.45   0.0000   0.8855   0.1721   0.0415   0.0040   1.0000  -0.0118

=== persistence (test) ===
 horizon     subset   pos%       f1  auc_roc   auc_pr    brier      fpr      fnr      mcc
      0s        all  15.41   1.0000   1.0000   1.0000   0.0000   0.0000   0.0000   1.0000
      0s  pre_onset   0.00   0.0000      nan      nan   0.0000   0.0000   0.0000      nan
      1s        all  15.94   0.9805   0.9809   0.9678   0.0061   0.0000   0.0382   0.9772
      1s  pre_onset   0.72   0.0000   0.5000   0.0072   0.0072   0.0000   1.0000   0.0000
      2s        all  16.48   0.9613   0.9627   0.9377   0.0123   0.0000   0.0746   0.9550
      2s  pre_onset   1.45   0.0000   0.5000   0.0145   0.0145   0.0000   1.0000   0.0000
      5s        all  17.97   0.9111   0.9184   0.8661   0.0293   0.0000   0.1632   0.8988
      5s  pre_onset   3.45   0.0000   0.5000   0.0345   0.0345   0.0000   1.0000   0.0000

=== timing (test) ===
 horizon     subset   pos%       f1  auc_roc   auc_pr    brier      fpr      fnr      mcc
      0s        all  15.41   0.9967   0.9991   0.9941   0.0012   0.0005   0.0039   0.9961
      0s  pre_onset   0.00   0.0000      nan      nan   0.0005   0.0005   0.0000      nan
      1s        all  15.94   0.9772   0.9963   0.9809   0.0077   0.0005   0.0421   0.9733
      1s  pre_onset   0.72   0.0000   0.9199   0.0555   0.0082   0.0005   1.0000  -0.0019
      2s        all  16.48   0.9580   0.9942   0.9775   0.0134   0.0005   0.0783   0.9511
      2s  pre_onset   1.45   0.0000   0.9296   0.1252   0.0151   0.0005   1.0000  -0.0027
      5s        all  17.97   0.9062   0.9911   0.9672   0.0253   0.0003   0.1702   0.8933
      5s  pre_onset   3.45   0.0000   0.9472   0.2891   0.0290   0.0003   1.0000  -0.0034

MC-dropout mean predictive variance: 0.00200
detection latency (window-quantised, dt=0.1s): {'episodes': 9, 'detected': 8, 'missed': 1, 'latency_ms_median': 1050.0, 'latency_ms_mean': 4962.5, 'latency_ms_max': 18600.0}
saved -> experiments\road_v3_graph_s2_fold1\20260926-105245
