  val      ambient_dyno_drive_basic_long
  train    ambient_dyno_drive_basic_short
  val      ambient_dyno_drive_benign_anomaly
  test     ambient_dyno_drive_extended_long
  val      ambient_dyno_drive_extended_short
  test     ambient_dyno_drive_radio_infotainment
  test     ambient_dyno_drive_winter
  train    ambient_dyno_idle_radio_infotainment
  train    ambient_dyno_reverse
  train    correlated_signal_attack_1
  train    correlated_signal_attack_1_masquerade
  test     correlated_signal_attack_2
  test     correlated_signal_attack_2_masquerade
  val      correlated_signal_attack_3
  val      correlated_signal_attack_3_masquerade
  train    fuzzing_attack_1
  test     fuzzing_attack_2
  val      fuzzing_attack_3
  train    max_engine_coolant_temp_attack
  train    max_engine_coolant_temp_attack_masquerade
  train    max_speedometer_attack_1
  train    max_speedometer_attack_1_masquerade
  test     max_speedometer_attack_2
  test     max_speedometer_attack_2_masquerade
  val      max_speedometer_attack_3
  val      max_speedometer_attack_3_masquerade
  train    reverse_light_off_attack_1
  train    reverse_light_off_attack_1_masquerade
  test     reverse_light_off_attack_2
  test     reverse_light_off_attack_2_masquerade
  val      reverse_light_off_attack_3
  val      reverse_light_off_attack_3_masquerade
  train    reverse_light_on_attack_1
  train    reverse_light_on_attack_1_masquerade
  test     reverse_light_on_attack_2
  test     reverse_light_on_attack_2_masquerade
  val      reverse_light_on_attack_3
  val      reverse_light_on_attack_3_masquerade
nodes=107 windows=56742 in 38 sequences
{'train': 16115, 'val': 25021, 'test': 14884}
  train positive rate per horizon: [0.097 0.104 0.11  0.123]
  val positive rate per horizon: [0.098 0.1   0.102 0.107]
  test positive rate per horizon: [0.154 0.158 0.162 0.172]
train positive rate per horizon: [0.097 0.105 0.112 0.129]
params=1.05M
ep   0 loss 0.8408 val_f1(mean over horizons) 0.7943 [0.769, 0.765, 0.772, 0.871] 44.6s
ep   1 loss 0.6460 val_f1(mean over horizons) 0.5757 [0.524, 0.550, 0.570, 0.659] 42.1s
ep   2 loss 0.6050 val_f1(mean over horizons) 0.7385 [0.760, 0.748, 0.736, 0.708] 38.5s
ep   3 loss 0.5942 val_f1(mean over horizons) 0.6192 [0.637, 0.624, 0.614, 0.602] 38.5s
ep   4 loss 0.5735 val_f1(mean over horizons) 0.5544 [0.552, 0.555, 0.550, 0.561] 38.5s
ep   5 loss 0.5642 val_f1(mean over horizons) 0.5997 [0.608, 0.606, 0.603, 0.582] 38.7s
ep   6 loss 0.5547 val_f1(mean over horizons) 0.5593 [0.569, 0.570, 0.559, 0.540] 40.4s
early stop

=== sttf (test) ===
 horizon     subset   pos%       f1  auc_roc   auc_pr    brier      fpr      fnr      mcc
      0s        all  15.41   0.5647   0.7919   0.5851   0.1103   0.1265   0.3332   0.4791
      0s  pre_onset   0.00   0.0000      nan      nan   0.0544   0.1265   0.0000      nan
      1s        all  15.94   0.6461   0.8939   0.6523   0.1101   0.1248   0.2087   0.5788
      1s  pre_onset   0.72   0.0785   0.8666   0.0431   0.0577   0.1248   0.2556   0.1561
      2s        all  16.48   0.7693   0.9536   0.7032   0.1033   0.0786   0.1260   0.7250
      2s  pre_onset   1.45   0.2186   0.9270   0.1010   0.0617   0.0786   0.2222   0.2940
      5s        all  17.97   0.7809   0.9599   0.7106   0.0832   0.0571   0.1924   0.7316
      5s  pre_onset   3.45   0.3822   0.9462   0.2321   0.0693   0.0571   0.3866   0.3826

=== persistence (test) ===
 horizon     subset   pos%       f1  auc_roc   auc_pr    brier      fpr      fnr      mcc
      0s        all  15.41   1.0000   1.0000   1.0000   0.0000   0.0000   0.0000   1.0000
      0s  pre_onset   0.00   0.0000      nan      nan   0.0000   0.0000   0.0000      nan
      1s        all  15.94   0.9805   0.9809   0.9678   0.0061   0.0000   0.0382   0.9772
      1s  pre_onset   0.72   0.0000   0.5000   0.0072   0.0072   0.0000   1.0000   0.0000
      2s        all  16.48   0.9613   0.9627   0.9377   0.0123   0.0000   0.0746   0.9550
      2s  pre_onset   1.45   0.0000   0.5000   0.0145   0.0145   0.0000   1.0000   0.0000
      5s        all  17.97   0.9111   0.9184   0.8661   0.0293   0.0000   0.1632   0.8988
      5s  pre_onset   3.45   0.0000   0.5000   0.0345   0.0345   0.0000   1.0000   0.0000

=== timing (test) ===
 horizon     subset   pos%       f1  auc_roc   auc_pr    brier      fpr      fnr      mcc
      0s        all  15.41   0.9967   0.9991   0.9941   0.0012   0.0005   0.0039   0.9961
      0s  pre_onset   0.00   0.0000      nan      nan   0.0005   0.0005   0.0000      nan
      1s        all  15.94   0.9772   0.9963   0.9809   0.0077   0.0005   0.0421   0.9733
      1s  pre_onset   0.72   0.0000   0.9199   0.0555   0.0082   0.0005   1.0000  -0.0019
      2s        all  16.48   0.9580   0.9942   0.9775   0.0134   0.0005   0.0783   0.9511
      2s  pre_onset   1.45   0.0000   0.9296   0.1252   0.0151   0.0005   1.0000  -0.0027
      5s        all  17.97   0.9062   0.9911   0.9672   0.0253   0.0003   0.1702   0.8933
      5s  pre_onset   3.45   0.0000   0.9472   0.2891   0.0290   0.0003   1.0000  -0.0034

MC-dropout mean predictive variance: 0.00155
detection latency (window-quantised, dt=0.1s): {'episodes': 9, 'detected': 9, 'missed': 0, 'latency_ms_median': 0.0, 'latency_ms_mean': 1400.0000000000002, 'latency_ms_max': 10800.0}
saved -> experiments\road_v3_nograph_s1_fold1\20260926-101811
