  train correlated_signal_attack_1
  train correlated_signal_attack_1_masquerade
  test  correlated_signal_attack_2
  test  correlated_signal_attack_2_masquerade
  val   correlated_signal_attack_3
  val   correlated_signal_attack_3_masquerade
  train fuzzing_attack_1
  test  fuzzing_attack_2
  val   fuzzing_attack_3
  train max_engine_coolant_temp_attack
  train max_engine_coolant_temp_attack_masquerade
  train max_speedometer_attack_1
  train max_speedometer_attack_1_masquerade
  test  max_speedometer_attack_2
  test  max_speedometer_attack_2_masquerade
  val   max_speedometer_attack_3
  val   max_speedometer_attack_3_masquerade
  train reverse_light_off_attack_1
  train reverse_light_off_attack_1_masquerade
  test  reverse_light_off_attack_2
  test  reverse_light_off_attack_2_masquerade
  val   reverse_light_off_attack_3
  val   reverse_light_off_attack_3_masquerade
  train reverse_light_on_attack_1
  train reverse_light_on_attack_1_masquerade
  test  reverse_light_on_attack_2
  test  reverse_light_on_attack_2_masquerade
  val   reverse_light_on_attack_3
  val   reverse_light_on_attack_3_masquerade
nodes=107 windows=56742 in 38 sequences
{'train': 34041, 'val': 10255, 'test': 10014}
  train positive rate per horizon: [0.046 0.049 0.052 0.058]
  val positive rate per horizon: [0.238 0.244 0.25  0.262]
  test positive rate per horizon: [0.229 0.235 0.241 0.256]
train positive rate per horizon: [0.046 0.049 0.053 0.059]
params=1.05M
ep   0 loss 1.1695 val_f1(mean over horizons) 0.8675 [0.860, 0.871, 0.871, 0.868] 33.8s
ep   1 loss 1.0230 val_f1(mean over horizons) 0.8450 [0.824, 0.837, 0.849, 0.870] 33.9s
ep   2 loss 0.9837 val_f1(mean over horizons) 0.8715 [0.875, 0.848, 0.880, 0.883] 35.4s
ep   3 loss 0.9641 val_f1(mean over horizons) 0.8815 [0.878, 0.861, 0.875, 0.912] 35.2s
ep   4 loss 0.9419 val_f1(mean over horizons) 0.8820 [0.851, 0.868, 0.885, 0.923] 34.1s
ep   5 loss 0.9310 val_f1(mean over horizons) 0.9017 [0.933, 0.914, 0.894, 0.865] 32.1s
ep   6 loss 0.9213 val_f1(mean over horizons) 0.8750 [0.893, 0.873, 0.858, 0.877] 31.2s
ep   7 loss 0.9191 val_f1(mean over horizons) 0.8081 [0.822, 0.805, 0.791, 0.814] 31.2s
ep   8 loss 0.9108 val_f1(mean over horizons) 0.8659 [0.876, 0.868, 0.860, 0.860] 31.3s
ep   9 loss 0.9033 val_f1(mean over horizons) 0.8489 [0.863, 0.850, 0.836, 0.846] 31.2s
ep  10 loss 0.9611 val_f1(mean over horizons) 0.8882 [0.873, 0.884, 0.893, 0.903] 31.0s
ep  11 loss 0.9406 val_f1(mean over horizons) 0.8786 [0.883, 0.885, 0.871, 0.875] 31.4s
early stop

=== sttf (test) ===
 horizon     subset   pos%       f1  auc_roc   auc_pr    brier      fpr      fnr      mcc
      0s        all  22.90   0.8326   0.9866   0.9549   0.1158   0.0210   0.2364   0.7938
      0s  pre_onset   0.00   0.0000      nan      nan   0.1219   0.0210   0.0000      nan
      1s        all  23.71   0.8120   0.9803   0.9383   0.1182   0.0189   0.2750   0.7713
      1s  pre_onset   1.17   0.0823   0.9266   0.1030   0.1237   0.0189   0.8889   0.0710
      2s        all  24.54   0.7917   0.9777   0.9373   0.1162   0.0121   0.3203   0.7544
      2s  pre_onset   2.37   0.1379   0.9156   0.2037   0.1198   0.0121   0.8889   0.1260
      5s        all  26.84   0.9001   0.9843   0.9467   0.1093   0.0775   0.0090   0.8660
      5s  pre_onset   5.65   0.5836   0.9595   0.4474   0.1208   0.0775   0.0549   0.6027

=== persistence (test) ===
 horizon     subset   pos%       f1  auc_roc   auc_pr    brier      fpr      fnr      mcc
      0s        all  22.90   1.0000   1.0000   1.0000   0.0000   0.0000   0.0000   1.0000
      0s  pre_onset   0.00   0.0000      nan      nan   0.0000   0.0000   0.0000      nan
      1s        all  23.71   0.9805   0.9809   0.9708   0.0091   0.0000   0.0382   0.9749
      1s  pre_onset   1.17   0.0000   0.5000   0.0117   0.0117   0.0000   1.0000   0.0000
      2s        all  24.54   0.9613   0.9627   0.9437   0.0183   0.0000   0.0746   0.9505
      2s  pre_onset   2.37   0.0000   0.5000   0.0237   0.0237   0.0000   1.0000   0.0000
      5s        all  26.84   0.9111   0.9184   0.8806   0.0438   0.0000   0.1632   0.8885
      5s  pre_onset   5.65   0.0000   0.5000   0.0565   0.0565   0.0000   1.0000   0.0000

=== timing (test) ===
 horizon     subset   pos%       f1  auc_roc   auc_pr    brier      fpr      fnr      mcc
      0s        all  22.90   0.9967   0.9991   0.9962   0.0019   0.0008   0.0039   0.9958
      0s  pre_onset   0.00   0.0000      nan      nan   0.0008   0.0008   0.0000      nan
      1s        all  23.71   0.9772   0.9964   0.9892   0.0108   0.0008   0.0421   0.9707
      1s  pre_onset   1.17   0.0000   0.9251   0.1040   0.0122   0.0008   1.0000  -0.0031
      2s        all  24.54   0.9580   0.9941   0.9833   0.0194   0.0008   0.0783   0.9463
      2s  pre_onset   2.37   0.0000   0.9304   0.2373   0.0228   0.0008   1.0000  -0.0044
      5s        all  26.84   0.9333   0.9942   0.9850   0.0348   0.0114   0.0978   0.9110
      5s  pre_onset   5.65   0.5127   0.9656   0.5823   0.0438   0.0114   0.5895   0.5085

MC-dropout mean predictive variance: 0.00179
detection latency (window-quantised, dt=0.1s): {'episodes': 9, 'detected': 9, 'missed': 0, 'latency_ms_median': 0.0, 'latency_ms_mean': 122.22222222222223, 'latency_ms_max': 1100.0}
saved -> experiments\road_v2_nograph_fold1\20260923-031245
