  val      ambient_dyno_drive_basic_long
  train    ambient_dyno_drive_basic_short
  val      ambient_dyno_drive_benign_anomaly
  test     ambient_dyno_drive_extended_long
  val      ambient_dyno_drive_extended_short
  test     ambient_dyno_drive_radio_infotainment
  test     ambient_dyno_drive_winter
  train    ambient_dyno_idle_radio_infotainment
  train    ambient_dyno_reverse
  train    correlated_signal_attack_1
  train    correlated_signal_attack_1_masquerade
  test     correlated_signal_attack_2
  test     correlated_signal_attack_2_masquerade
  val      correlated_signal_attack_3
  val      correlated_signal_attack_3_masquerade
  train    fuzzing_attack_1
  test     fuzzing_attack_2
  val      fuzzing_attack_3
  train    max_engine_coolant_temp_attack
  train    max_engine_coolant_temp_attack_masquerade
  train    max_speedometer_attack_1
  train    max_speedometer_attack_1_masquerade
  test     max_speedometer_attack_2
  test     max_speedometer_attack_2_masquerade
  val      max_speedometer_attack_3
  val      max_speedometer_attack_3_masquerade
  train    reverse_light_off_attack_1
  train    reverse_light_off_attack_1_masquerade
  test     reverse_light_off_attack_2
  test     reverse_light_off_attack_2_masquerade
  val      reverse_light_off_attack_3
  val      reverse_light_off_attack_3_masquerade
  train    reverse_light_on_attack_1
  train    reverse_light_on_attack_1_masquerade
  test     reverse_light_on_attack_2
  test     reverse_light_on_attack_2_masquerade
  val      reverse_light_on_attack_3
  val      reverse_light_on_attack_3_masquerade
nodes=107 windows=56742 in 38 sequences
{'train': 16115, 'val': 25021, 'test': 14884}
  train positive rate per horizon: [0.097 0.104 0.11  0.123]
  val positive rate per horizon: [0.098 0.1   0.102 0.107]
  test positive rate per horizon: [0.154 0.158 0.162 0.172]
train positive rate per horizon: [0.097 0.105 0.112 0.129]
params=1.05M
ep   0 loss 0.7509 val_f1(mean over horizons) 0.8318 [0.841, 0.841, 0.854, 0.791] 41.4s
ep   1 loss 0.6026 val_f1(mean over horizons) 0.8025 [0.798, 0.797, 0.793, 0.822] 43.5s
ep   2 loss 0.5762 val_f1(mean over horizons) 0.8104 [0.842, 0.818, 0.806, 0.776] 40.7s
ep   3 loss 0.5621 val_f1(mean over horizons) 0.8445 [0.888, 0.852, 0.838, 0.800] 38.3s
ep   4 loss 0.5552 val_f1(mean over horizons) 0.8320 [0.868, 0.846, 0.823, 0.791] 38.4s
ep   5 loss 0.5485 val_f1(mean over horizons) 0.7883 [0.828, 0.795, 0.779, 0.751] 38.0s
ep   6 loss 0.5473 val_f1(mean over horizons) 0.8536 [0.904, 0.868, 0.853, 0.790] 38.4s
ep   7 loss 0.5441 val_f1(mean over horizons) 0.8280 [0.868, 0.840, 0.817, 0.787] 38.1s
ep   8 loss 0.5426 val_f1(mean over horizons) 0.8507 [0.896, 0.862, 0.847, 0.797] 38.1s
ep   9 loss 0.5438 val_f1(mean over horizons) 0.8525 [0.898, 0.864, 0.848, 0.800] 43.2s
ep  10 loss 0.5548 val_f1(mean over horizons) 0.8139 [0.863, 0.835, 0.812, 0.746] 42.1s
ep  11 loss 0.5539 val_f1(mean over horizons) 0.5611 [0.564, 0.565, 0.558, 0.557] 43.3s
ep  12 loss 0.5553 val_f1(mean over horizons) 0.8266 [0.884, 0.848, 0.828, 0.745] 40.6s
early stop

=== sttf (test) ===
 horizon     subset   pos%       f1  auc_roc   auc_pr    brier      fpr      fnr      mcc
      0s        all  15.41   0.8199   0.9823   0.9545   0.0610   0.0000   0.3053   0.8113
      0s  pre_onset   0.00   0.0000      nan      nan   0.0342   0.0000   0.0000      nan
      1s        all  15.94   0.6899   0.9486   0.9207   0.0640   0.0000   0.4734   0.6951
      1s  pre_onset   0.72   0.0000   0.4434   0.0069   0.0370   0.0000   1.0000   0.0000
      2s        all  16.48   0.7902   0.9011   0.8725   0.0655   0.0005   0.3452   0.7811
      2s  pre_onset   1.45   0.0000   0.3053   0.0096   0.0384   0.0005   1.0000  -0.0027
      5s        all  17.97   0.6128   0.9456   0.8025   0.1018   0.0035   0.5512   0.6179
      5s  pre_onset   3.45   0.0000   0.8491   0.1025   0.0944   0.0035   1.0000  -0.0110

=== persistence (test) ===
 horizon     subset   pos%       f1  auc_roc   auc_pr    brier      fpr      fnr      mcc
      0s        all  15.41   1.0000   1.0000   1.0000   0.0000   0.0000   0.0000   1.0000
      0s  pre_onset   0.00   0.0000      nan      nan   0.0000   0.0000   0.0000      nan
      1s        all  15.94   0.9805   0.9809   0.9678   0.0061   0.0000   0.0382   0.9772
      1s  pre_onset   0.72   0.0000   0.5000   0.0072   0.0072   0.0000   1.0000   0.0000
      2s        all  16.48   0.9613   0.9627   0.9377   0.0123   0.0000   0.0746   0.9550
      2s  pre_onset   1.45   0.0000   0.5000   0.0145   0.0145   0.0000   1.0000   0.0000
      5s        all  17.97   0.9111   0.9184   0.8661   0.0293   0.0000   0.1632   0.8988
      5s  pre_onset   3.45   0.0000   0.5000   0.0345   0.0345   0.0000   1.0000   0.0000

=== timing (test) ===
 horizon     subset   pos%       f1  auc_roc   auc_pr    brier      fpr      fnr      mcc
      0s        all  15.41   0.9967   0.9991   0.9941   0.0012   0.0005   0.0039   0.9961
      0s  pre_onset   0.00   0.0000      nan      nan   0.0005   0.0005   0.0000      nan
      1s        all  15.94   0.9772   0.9963   0.9809   0.0077   0.0005   0.0421   0.9733
      1s  pre_onset   0.72   0.0000   0.9199   0.0555   0.0082   0.0005   1.0000  -0.0019
      2s        all  16.48   0.9580   0.9942   0.9775   0.0134   0.0005   0.0783   0.9511
      2s  pre_onset   1.45   0.0000   0.9296   0.1252   0.0151   0.0005   1.0000  -0.0027
      5s        all  17.97   0.9062   0.9911   0.9672   0.0253   0.0003   0.1702   0.8933
      5s  pre_onset   3.45   0.0000   0.9472   0.2891   0.0290   0.0003   1.0000  -0.0034

MC-dropout mean predictive variance: 0.00189
detection latency (window-quantised, dt=0.1s): {'episodes': 9, 'detected': 9, 'missed': 0, 'latency_ms_median': 200.0, 'latency_ms_mean': 1455.5555555555557, 'latency_ms_max': 7400.0}
saved -> experiments\road_v3_graph_s1_fold1\20260926-093902
