  train    ambient_dyno_drive_basic_long
  test     ambient_dyno_drive_basic_short
  train    ambient_dyno_drive_benign_anomaly
  val      ambient_dyno_drive_extended_long
  train    ambient_dyno_drive_extended_short
  val      ambient_dyno_drive_radio_infotainment
  val      ambient_dyno_drive_winter
  test     ambient_dyno_idle_radio_infotainment
  test     ambient_dyno_reverse
  val      correlated_signal_attack_1
  val      correlated_signal_attack_1_masquerade
  train    correlated_signal_attack_2
  train    correlated_signal_attack_2_masquerade
  test     correlated_signal_attack_3
  test     correlated_signal_attack_3_masquerade
  val      fuzzing_attack_1
  train    fuzzing_attack_2
  test     fuzzing_attack_3
  val      max_engine_coolant_temp_attack
  val      max_engine_coolant_temp_attack_masquerade
  val      max_speedometer_attack_1
  val      max_speedometer_attack_1_masquerade
  train    max_speedometer_attack_2
  train    max_speedometer_attack_2_masquerade
  test     max_speedometer_attack_3
  test     max_speedometer_attack_3_masquerade
  val      reverse_light_off_attack_1
  val      reverse_light_off_attack_1_masquerade
  train    reverse_light_off_attack_2
  train    reverse_light_off_attack_2_masquerade
  test     reverse_light_off_attack_3
  test     reverse_light_off_attack_3_masquerade
  val      reverse_light_on_attack_1
  val      reverse_light_on_attack_1_masquerade
  train    reverse_light_on_attack_2
  train    reverse_light_on_attack_2_masquerade
  test     reverse_light_on_attack_3
  test     reverse_light_on_attack_3_masquerade
nodes=107 windows=56742 in 38 sequences
{'train': 24596, 'val': 15506, 'test': 15918}
  train positive rate per horizon: [0.093 0.096 0.098 0.104]
  val positive rate per horizon: [0.101 0.108 0.115 0.128]
  test positive rate per horizon: [0.153 0.157 0.161 0.169]
train positive rate per horizon: [0.093 0.096 0.099 0.107]
params=1.05M
ep   0 loss 0.7890 val_f1(mean over horizons) 0.1960 [0.118, 0.155, 0.120, 0.391] 32.5s
ep   1 loss 0.6689 val_f1(mean over horizons) 0.7763 [0.737, 0.763, 0.792, 0.814] 31.8s
ep   2 loss 0.6222 val_f1(mean over horizons) 0.7940 [0.785, 0.794, 0.791, 0.807] 31.5s
ep   3 loss 0.6203 val_f1(mean over horizons) 0.7105 [0.666, 0.683, 0.724, 0.769] 31.4s
ep   4 loss 0.6046 val_f1(mean over horizons) 0.7422 [0.703, 0.731, 0.752, 0.783] 35.0s
ep   5 loss 0.5961 val_f1(mean over horizons) 0.7220 [0.682, 0.707, 0.731, 0.768] 36.1s
ep   6 loss 0.5935 val_f1(mean over horizons) 0.6938 [0.651, 0.679, 0.699, 0.746] 33.7s
ep   7 loss 0.5904 val_f1(mean over horizons) 0.7040 [0.653, 0.693, 0.717, 0.752] 31.2s
ep   8 loss 0.5859 val_f1(mean over horizons) 0.6928 [0.644, 0.677, 0.706, 0.745] 31.3s
early stop

=== sttf (test) ===
 horizon     subset   pos%       f1  auc_roc   auc_pr    brier      fpr      fnr      mcc
      0s        all  15.35   0.8004   0.9744   0.8126   0.0990   0.0841   0.0233   0.7753
      0s  pre_onset   0.00   0.0000      nan      nan   0.1154   0.0841   0.0000      nan
      1s        all  15.84   0.8047   0.9634   0.7222   0.0989   0.0806   0.0388   0.7762
      1s  pre_onset   0.65   0.0844   0.9293   0.0408   0.1158   0.0806   0.4138   0.1466
      2s        all  16.35   0.8093   0.9603   0.7125   0.0985   0.0852   0.0242   0.7817
      2s  pre_onset   1.26   0.1800   0.9307   0.0776   0.1158   0.0852   0.2395   0.2583
      5s        all  17.51   0.8369   0.9514   0.6906   0.1056   0.0723   0.0354   0.8077
      5s  pre_onset   2.68   0.3685   0.9664   0.3280   0.1246   0.0723   0.1810   0.4165

=== persistence (test) ===
 horizon     subset   pos%       f1  auc_roc   auc_pr    brier      fpr      fnr      mcc
      0s        all  15.35   1.0000   1.0000   1.0000   0.0000   0.0000   0.0000   1.0000
      0s  pre_onset   0.00   0.0000      nan      nan   0.0000   0.0000   0.0000      nan
      1s        all  15.84   0.9823   0.9826   0.9707   0.0055   0.0000   0.0348   0.9793
      1s  pre_onset   0.65   0.0000   0.5000   0.0065   0.0065   0.0000   1.0000   0.0000
      2s        all  16.35   0.9663   0.9674   0.9455   0.0107   0.0000   0.0652   0.9608
      2s  pre_onset   1.26   0.0000   0.5000   0.0126   0.0126   0.0000   1.0000   0.0000
      5s        all  17.51   0.9307   0.9352   0.8930   0.0227   0.0000   0.1297   0.9203
      5s  pre_onset   2.68   0.0000   0.5000   0.0268   0.0268   0.0000   1.0000   0.0000

=== timing (test) ===
 horizon     subset   pos%       f1  auc_roc   auc_pr    brier      fpr      fnr      mcc
      0s        all  15.35   0.9405   0.9974   0.9872   0.0172   0.0003   0.1109   0.9325
      0s  pre_onset   0.00   0.0000      nan      nan   0.0003   0.0003   0.0000      nan
      1s        all  15.84   0.9243   0.9911   0.9647   0.0231   0.0003   0.1394   0.9147
      1s  pre_onset   0.65   0.0000   0.9021   0.0440   0.0076   0.0003   1.0000  -0.0014
      2s        all  16.35   0.9097   0.9865   0.9507   0.0283   0.0003   0.1643   0.8988
      2s  pre_onset   1.26   0.0000   0.9054   0.0765   0.0143   0.0003   1.0000  -0.0020
      5s        all  17.51   0.8714   0.9845   0.9432   0.0355   0.0039   0.2139   0.8546
      5s  pre_onset   2.68   0.0681   0.9439   0.2267   0.0233   0.0039   0.9598   0.0845

MC-dropout mean predictive variance: 0.00083
detection latency (window-quantised, dt=0.1s): {'episodes': 9, 'detected': 9, 'missed': 0, 'latency_ms_median': 0.0, 'latency_ms_mean': 611.1111111111112, 'latency_ms_max': 2600.0}
saved -> experiments\road_v3_nograph_s2_fold2\20260926-113653
