  train    ambient_dyno_drive_basic_long
  test     ambient_dyno_drive_basic_short
  train    ambient_dyno_drive_benign_anomaly
  val      ambient_dyno_drive_extended_long
  train    ambient_dyno_drive_extended_short
  val      ambient_dyno_drive_radio_infotainment
  val      ambient_dyno_drive_winter
  test     ambient_dyno_idle_radio_infotainment
  test     ambient_dyno_reverse
  val      correlated_signal_attack_1
  val      correlated_signal_attack_1_masquerade
  train    correlated_signal_attack_2
  train    correlated_signal_attack_2_masquerade
  test     correlated_signal_attack_3
  test     correlated_signal_attack_3_masquerade
  val      fuzzing_attack_1
  train    fuzzing_attack_2
  test     fuzzing_attack_3
  val      max_engine_coolant_temp_attack
  val      max_engine_coolant_temp_attack_masquerade
  val      max_speedometer_attack_1
  val      max_speedometer_attack_1_masquerade
  train    max_speedometer_attack_2
  train    max_speedometer_attack_2_masquerade
  test     max_speedometer_attack_3
  test     max_speedometer_attack_3_masquerade
  val      reverse_light_off_attack_1
  val      reverse_light_off_attack_1_masquerade
  train    reverse_light_off_attack_2
  train    reverse_light_off_attack_2_masquerade
  test     reverse_light_off_attack_3
  test     reverse_light_off_attack_3_masquerade
  val      reverse_light_on_attack_1
  val      reverse_light_on_attack_1_masquerade
  train    reverse_light_on_attack_2
  train    reverse_light_on_attack_2_masquerade
  test     reverse_light_on_attack_3
  test     reverse_light_on_attack_3_masquerade
nodes=107 windows=56742 in 38 sequences
{'train': 24596, 'val': 15506, 'test': 15918}
  train positive rate per horizon: [0.093 0.096 0.098 0.104]
  val positive rate per horizon: [0.101 0.108 0.115 0.128]
  test positive rate per horizon: [0.153 0.157 0.161 0.169]
train positive rate per horizon: [0.093 0.096 0.099 0.107]
params=1.05M
ep   0 loss 0.8432 val_f1(mean over horizons) 0.8012 [0.842, 0.799, 0.765, 0.799] 34.7s
ep   1 loss 0.6113 val_f1(mean over horizons) 0.8522 [0.926, 0.835, 0.816, 0.831] 31.5s
ep   2 loss 0.5990 val_f1(mean over horizons) 0.8836 [0.956, 0.921, 0.831, 0.827] 31.3s
ep   3 loss 0.5937 val_f1(mean over horizons) 0.8870 [0.951, 0.912, 0.858, 0.827] 31.5s
ep   4 loss 0.5917 val_f1(mean over horizons) 0.9059 [0.962, 0.928, 0.884, 0.851] 31.1s
ep   5 loss 0.5884 val_f1(mean over horizons) 0.8315 [0.884, 0.830, 0.814, 0.797] 31.5s
ep   6 loss 0.5855 val_f1(mean over horizons) 0.9022 [0.961, 0.931, 0.877, 0.840] 31.4s
ep   7 loss 0.5838 val_f1(mean over horizons) 0.9104 [0.969, 0.934, 0.897, 0.842] 31.6s
ep   8 loss 0.5832 val_f1(mean over horizons) 0.9100 [0.964, 0.928, 0.889, 0.860] 31.4s
ep   9 loss 0.5808 val_f1(mean over horizons) 0.9015 [0.960, 0.909, 0.877, 0.861] 31.6s
ep  10 loss 0.5926 val_f1(mean over horizons) 0.7596 [0.831, 0.766, 0.730, 0.712] 31.5s
ep  11 loss 0.5900 val_f1(mean over horizons) 0.8482 [0.911, 0.818, 0.823, 0.841] 35.2s
ep  12 loss 0.5860 val_f1(mean over horizons) 0.8706 [0.946, 0.870, 0.850, 0.817] 35.8s
ep  13 loss 0.5883 val_f1(mean over horizons) 0.8888 [0.955, 0.891, 0.874, 0.834] 33.8s
early stop

=== sttf (test) ===
 horizon     subset   pos%       f1  auc_roc   auc_pr    brier      fpr      fnr      mcc
      0s        all  15.35   0.9936   0.9999   0.9994   0.0334   0.0007   0.0090   0.9925
      0s  pre_onset   0.00   0.0000      nan      nan   0.0386   0.0007   0.0000      nan
      1s        all  15.84   0.9740   0.9747   0.9767   0.0361   0.0020   0.0408   0.9694
      1s  pre_onset   0.65   0.0000   0.3267   0.0340   0.0417   0.0020   1.0000  -0.0036
      2s        all  16.35   0.9563   0.9515   0.9578   0.0391   0.0014   0.0769   0.9490
      2s  pre_onset   1.26   0.0000   0.2952   0.0898   0.0452   0.0014   1.0000  -0.0043
      5s        all  17.51   0.8740   0.9907   0.9386   0.0729   0.0504   0.0395   0.8496
      5s  pre_onset   2.68   0.4061   0.9610   0.2691   0.0859   0.0504   0.2787   0.4293

=== persistence (test) ===
 horizon     subset   pos%       f1  auc_roc   auc_pr    brier      fpr      fnr      mcc
      0s        all  15.35   1.0000   1.0000   1.0000   0.0000   0.0000   0.0000   1.0000
      0s  pre_onset   0.00   0.0000      nan      nan   0.0000   0.0000   0.0000      nan
      1s        all  15.84   0.9823   0.9826   0.9707   0.0055   0.0000   0.0348   0.9793
      1s  pre_onset   0.65   0.0000   0.5000   0.0065   0.0065   0.0000   1.0000   0.0000
      2s        all  16.35   0.9663   0.9674   0.9455   0.0107   0.0000   0.0652   0.9608
      2s  pre_onset   1.26   0.0000   0.5000   0.0126   0.0126   0.0000   1.0000   0.0000
      5s        all  17.51   0.9307   0.9352   0.8930   0.0227   0.0000   0.1297   0.9203
      5s  pre_onset   2.68   0.0000   0.5000   0.0268   0.0268   0.0000   1.0000   0.0000

=== timing (test) ===
 horizon     subset   pos%       f1  auc_roc   auc_pr    brier      fpr      fnr      mcc
      0s        all  15.35   0.9405   0.9974   0.9872   0.0172   0.0003   0.1109   0.9325
      0s  pre_onset   0.00   0.0000      nan      nan   0.0003   0.0003   0.0000      nan
      1s        all  15.84   0.9243   0.9911   0.9647   0.0231   0.0003   0.1394   0.9147
      1s  pre_onset   0.65   0.0000   0.9021   0.0440   0.0076   0.0003   1.0000  -0.0014
      2s        all  16.35   0.9097   0.9865   0.9507   0.0283   0.0003   0.1643   0.8988
      2s  pre_onset   1.26   0.0000   0.9054   0.0765   0.0143   0.0003   1.0000  -0.0020
      5s        all  17.51   0.8714   0.9845   0.9432   0.0355   0.0039   0.2139   0.8546
      5s  pre_onset   2.68   0.0681   0.9439   0.2267   0.0233   0.0039   0.9598   0.0845

MC-dropout mean predictive variance: 0.00061
detection latency (window-quantised, dt=0.1s): {'episodes': 9, 'detected': 9, 'missed': 0, 'latency_ms_median': 100.0, 'latency_ms_mean': 133.33333333333337, 'latency_ms_max': 300.00000000000006}
saved -> experiments\road_v3_graph_s4_fold2\20260926-144621
