  test     ambient_dyno_drive_basic_long
  val      ambient_dyno_drive_basic_short
  test     ambient_dyno_drive_benign_anomaly
  train    ambient_dyno_drive_extended_long
  test     ambient_dyno_drive_extended_short
  train    ambient_dyno_drive_radio_infotainment
  train    ambient_dyno_drive_winter
  val      ambient_dyno_idle_radio_infotainment
  val      ambient_dyno_reverse
  test     correlated_signal_attack_1
  test     correlated_signal_attack_1_masquerade
  val      correlated_signal_attack_2
  val      correlated_signal_attack_2_masquerade
  train    correlated_signal_attack_3
  train    correlated_signal_attack_3_masquerade
  test     fuzzing_attack_1
  val      fuzzing_attack_2
  train    fuzzing_attack_3
  test     max_engine_coolant_temp_attack
  test     max_engine_coolant_temp_attack_masquerade
  test     max_speedometer_attack_1
  test     max_speedometer_attack_1_masquerade
  val      max_speedometer_attack_2
  val      max_speedometer_attack_2_masquerade
  train    max_speedometer_attack_3
  train    max_speedometer_attack_3_masquerade
  test     reverse_light_off_attack_1
  test     reverse_light_off_attack_1_masquerade
  val      reverse_light_off_attack_2
  val      reverse_light_off_attack_2_masquerade
  train    reverse_light_off_attack_3
  train    reverse_light_off_attack_3_masquerade
  test     reverse_light_on_attack_1
  test     reverse_light_on_attack_1_masquerade
  val      reverse_light_on_attack_2
  val      reverse_light_on_attack_2_masquerade
  train    reverse_light_on_attack_3
  train    reverse_light_on_attack_3_masquerade
nodes=107 windows=56742 in 38 sequences
{'train': 15309, 'val': 15493, 'test': 25218}
  train positive rate per horizon: [0.16  0.163 0.167 0.175]
  val positive rate per horizon: [0.148 0.152 0.156 0.166]
  test positive rate per horizon: [0.062 0.066 0.071 0.079]
train positive rate per horizon: [0.16  0.165 0.17  0.182]
params=1.05M
ep   0 loss 0.6669 val_f1(mean over horizons) 0.7304 [0.689, 0.697, 0.736, 0.800] 31.5s
ep   1 loss 0.4615 val_f1(mean over horizons) 0.7696 [0.747, 0.757, 0.766, 0.808] 34.7s
ep   2 loss 0.4355 val_f1(mean over horizons) 0.7645 [0.725, 0.753, 0.767, 0.813] 35.8s
ep   3 loss 0.4103 val_f1(mean over horizons) 0.7855 [0.761, 0.781, 0.794, 0.806] 33.8s
ep   4 loss 0.4046 val_f1(mean over horizons) 0.7692 [0.716, 0.767, 0.785, 0.808] 31.1s
ep   5 loss 0.4028 val_f1(mean over horizons) 0.7839 [0.753, 0.781, 0.791, 0.810] 31.3s
ep   6 loss 0.3960 val_f1(mean over horizons) 0.7797 [0.760, 0.780, 0.789, 0.789] 31.4s
ep   7 loss 0.3939 val_f1(mean over horizons) 0.7776 [0.729, 0.782, 0.789, 0.811] 31.5s
ep   8 loss 0.3885 val_f1(mean over horizons) 0.7814 [0.745, 0.785, 0.791, 0.805] 31.6s
ep   9 loss 0.3907 val_f1(mean over horizons) 0.7872 [0.759, 0.789, 0.799, 0.802] 31.7s
ep  10 loss 0.4192 val_f1(mean over horizons) 0.8178 [0.770, 0.825, 0.837, 0.839] 32.0s
ep  11 loss 0.4033 val_f1(mean over horizons) 0.7772 [0.728, 0.761, 0.796, 0.824] 31.8s
ep  12 loss 0.3990 val_f1(mean over horizons) 0.7749 [0.748, 0.774, 0.784, 0.793] 31.8s
ep  13 loss 0.3943 val_f1(mean over horizons) 0.7931 [0.740, 0.799, 0.817, 0.816] 31.6s
ep  14 loss 0.3901 val_f1(mean over horizons) 0.7957 [0.779, 0.798, 0.801, 0.805] 31.7s
ep  15 loss 0.3896 val_f1(mean over horizons) 0.7592 [0.686, 0.768, 0.782, 0.800] 34.2s
ep  16 loss 0.3900 val_f1(mean over horizons) 0.7983 [0.770, 0.797, 0.811, 0.815] 35.9s
early stop

=== sttf (test) ===
 horizon     subset   pos%       f1  auc_roc   auc_pr    brier      fpr      fnr      mcc
      0s        all   6.21   0.3622   0.8683   0.5953   0.0471   0.1231   0.3678   0.3398
      0s  pre_onset   0.00   0.0000      nan      nan   0.0252   0.1231   0.0000      nan
      1s        all   6.68   0.4453   0.7518   0.5716   0.0645   0.0637   0.4588   0.4055
      1s  pre_onset   0.47   0.0499   0.6421   0.0198   0.0452   0.0637   0.6273   0.0854
      2s        all   7.14   0.4818   0.9059   0.5952   0.0761   0.0671   0.4056   0.4433
      2s  pre_onset   0.94   0.1424   0.8312   0.0568   0.0619   0.0671   0.3818   0.2055
      5s        all   8.10   0.5731   0.9365   0.6169   0.0947   0.0743   0.2594   0.5435
      5s  pre_onset   2.29   0.2857   0.8968   0.1702   0.0925   0.0743   0.3036   0.3272

=== persistence (test) ===
 horizon     subset   pos%       f1  auc_roc   auc_pr    brier      fpr      fnr      mcc
      0s        all   6.21   1.0000   1.0000   1.0000   0.0000   0.0000   0.0000   1.0000
      0s  pre_onset   0.00   0.0000      nan      nan   0.0000   0.0000   0.0000      nan
      1s        all   6.68   0.9661   0.9672   0.9388   0.0044   0.0000   0.0656   0.9644
      1s  pre_onset   0.47   0.0000   0.5000   0.0047   0.0047   0.0000   1.0000   0.0000
      2s        all   7.14   0.9341   0.9382   0.8852   0.0088   0.0000   0.1236   0.9317
      2s  pre_onset   0.94   0.0000   0.5000   0.0094   0.0094   0.0000   1.0000   0.0000
      5s        all   8.10   0.8469   0.8673   0.7560   0.0215   0.0000   0.2655   0.8472
      5s  pre_onset   2.29   0.0000   0.5000   0.0229   0.0229   0.0000   1.0000   0.0000

=== timing (test) ===
 horizon     subset   pos%       f1  auc_roc   auc_pr    brier      fpr      fnr      mcc
      0s        all   6.21   0.9930   0.9969   0.9875   0.0009   0.0005   0.0070   0.9925
      0s  pre_onset   0.00   0.0000      nan      nan   0.0005   0.0005   0.0000      nan
      1s        all   6.68   0.9593   0.9960   0.9668   0.0056   0.0005   0.0722   0.9571
      1s  pre_onset   0.47   0.0000   0.9481   0.0682   0.0056   0.0005   1.0000  -0.0015
      2s        all   7.14   0.9281   0.9920   0.9424   0.0102   0.0004   0.1298   0.9253
      2s  pre_onset   0.94   0.0000   0.9401   0.0940   0.0104   0.0004   1.0000  -0.0019
      5s        all   8.10   0.8420   0.9852   0.9008   0.0195   0.0002   0.2710   0.8422
      5s  pre_onset   2.29   0.0000   0.9457   0.2031   0.0204   0.0002   1.0000  -0.0023

MC-dropout mean predictive variance: 0.00235
detection latency (window-quantised, dt=0.1s): {'episodes': 11, 'detected': 9, 'missed': 2, 'latency_ms_median': 0.0, 'latency_ms_mean': 2599.9999999999995, 'latency_ms_max': 11900.0}
saved -> experiments\road_v3_nograph_s1_fold0\20260926-100141
