  test     ambient_dyno_drive_basic_long
  val      ambient_dyno_drive_basic_short
  test     ambient_dyno_drive_benign_anomaly
  train    ambient_dyno_drive_extended_long
  test     ambient_dyno_drive_extended_short
  train    ambient_dyno_drive_radio_infotainment
  train    ambient_dyno_drive_winter
  val      ambient_dyno_idle_radio_infotainment
  val      ambient_dyno_reverse
  test     correlated_signal_attack_1
  test     correlated_signal_attack_1_masquerade
  val      correlated_signal_attack_2
  val      correlated_signal_attack_2_masquerade
  train    correlated_signal_attack_3
  train    correlated_signal_attack_3_masquerade
  test     fuzzing_attack_1
  val      fuzzing_attack_2
  train    fuzzing_attack_3
  test     max_engine_coolant_temp_attack
  test     max_engine_coolant_temp_attack_masquerade
  test     max_speedometer_attack_1
  test     max_speedometer_attack_1_masquerade
  val      max_speedometer_attack_2
  val      max_speedometer_attack_2_masquerade
  train    max_speedometer_attack_3
  train    max_speedometer_attack_3_masquerade
  test     reverse_light_off_attack_1
  test     reverse_light_off_attack_1_masquerade
  val      reverse_light_off_attack_2
  val      reverse_light_off_attack_2_masquerade
  train    reverse_light_off_attack_3
  train    reverse_light_off_attack_3_masquerade
  test     reverse_light_on_attack_1
  test     reverse_light_on_attack_1_masquerade
  val      reverse_light_on_attack_2
  val      reverse_light_on_attack_2_masquerade
  train    reverse_light_on_attack_3
  train    reverse_light_on_attack_3_masquerade
nodes=107 windows=56742 in 38 sequences
{'train': 15309, 'val': 15493, 'test': 25218}
  train positive rate per horizon: [0.16  0.163 0.167 0.175]
  val positive rate per horizon: [0.148 0.152 0.156 0.166]
  test positive rate per horizon: [0.062 0.066 0.071 0.079]
train positive rate per horizon: [0.16  0.165 0.17  0.182]
params=1.05M
ep   0 loss 0.6565 val_f1(mean over horizons) 0.8292 [0.801, 0.821, 0.841, 0.854] 37.7s
ep   1 loss 0.4756 val_f1(mean over horizons) 0.8429 [0.855, 0.835, 0.832, 0.850] 36.7s
ep   2 loss 0.4398 val_f1(mean over horizons) 0.7860 [0.757, 0.787, 0.796, 0.804] 36.8s
ep   3 loss 0.4193 val_f1(mean over horizons) 0.8266 [0.815, 0.825, 0.838, 0.827] 36.5s
ep   4 loss 0.4161 val_f1(mean over horizons) 0.8241 [0.797, 0.830, 0.838, 0.832] 36.8s
ep   5 loss 0.4026 val_f1(mean over horizons) 0.8448 [0.857, 0.840, 0.831, 0.851] 36.8s
ep   6 loss 0.3974 val_f1(mean over horizons) 0.8131 [0.780, 0.813, 0.827, 0.832] 36.6s
ep   7 loss 0.3968 val_f1(mean over horizons) 0.8032 [0.763, 0.803, 0.817, 0.830] 36.7s
ep   8 loss 0.3913 val_f1(mean over horizons) 0.7973 [0.762, 0.797, 0.807, 0.823] 36.7s
ep   9 loss 0.3906 val_f1(mean over horizons) 0.7960 [0.760, 0.794, 0.805, 0.825] 36.8s
ep  10 loss 0.4248 val_f1(mean over horizons) 0.8261 [0.817, 0.815, 0.828, 0.844] 36.8s
ep  11 loss 0.4098 val_f1(mean over horizons) 0.8222 [0.823, 0.805, 0.819, 0.841] 36.4s
early stop

=== sttf (test) ===
 horizon     subset   pos%       f1  auc_roc   auc_pr    brier      fpr      fnr      mcc
      0s        all   6.21   0.6821   0.9008   0.7484   0.0393   0.0231   0.3020   0.6607
      0s  pre_onset   0.00   0.0000      nan      nan   0.0229   0.0231   0.0000      nan
      1s        all   6.68   0.6887   0.9456   0.8013   0.0411   0.0147   0.3669   0.6715
      1s  pre_onset   0.47   0.1619   0.8479   0.1039   0.0354   0.0147   0.6364   0.1879
      2s        all   7.14   0.6900   0.9451   0.7682   0.0444   0.0129   0.3848   0.6749
      2s  pre_onset   0.94   0.2671   0.8347   0.1711   0.0420   0.0129   0.6364   0.2681
      5s        all   8.10   0.7416   0.9698   0.7850   0.0482   0.0135   0.3204   0.7246
      5s  pre_onset   2.29   0.3512   0.9181   0.3173   0.0503   0.0135   0.6641   0.3371

=== persistence (test) ===
 horizon     subset   pos%       f1  auc_roc   auc_pr    brier      fpr      fnr      mcc
      0s        all   6.21   1.0000   1.0000   1.0000   0.0000   0.0000   0.0000   1.0000
      0s  pre_onset   0.00   0.0000      nan      nan   0.0000   0.0000   0.0000      nan
      1s        all   6.68   0.9661   0.9672   0.9388   0.0044   0.0000   0.0656   0.9644
      1s  pre_onset   0.47   0.0000   0.5000   0.0047   0.0047   0.0000   1.0000   0.0000
      2s        all   7.14   0.9341   0.9382   0.8852   0.0088   0.0000   0.1236   0.9317
      2s  pre_onset   0.94   0.0000   0.5000   0.0094   0.0094   0.0000   1.0000   0.0000
      5s        all   8.10   0.8469   0.8673   0.7560   0.0215   0.0000   0.2655   0.8472
      5s  pre_onset   2.29   0.0000   0.5000   0.0229   0.0229   0.0000   1.0000   0.0000

=== timing (test) ===
 horizon     subset   pos%       f1  auc_roc   auc_pr    brier      fpr      fnr      mcc
      0s        all   6.21   0.9930   0.9969   0.9875   0.0009   0.0005   0.0070   0.9925
      0s  pre_onset   0.00   0.0000      nan      nan   0.0005   0.0005   0.0000      nan
      1s        all   6.68   0.9593   0.9960   0.9668   0.0056   0.0005   0.0722   0.9571
      1s  pre_onset   0.47   0.0000   0.9481   0.0682   0.0056   0.0005   1.0000  -0.0015
      2s        all   7.14   0.9281   0.9920   0.9424   0.0102   0.0004   0.1298   0.9253
      2s  pre_onset   0.94   0.0000   0.9401   0.0940   0.0104   0.0004   1.0000  -0.0019
      5s        all   8.10   0.8420   0.9852   0.9008   0.0195   0.0002   0.2710   0.8422
      5s  pre_onset   2.29   0.0000   0.9457   0.2031   0.0204   0.0002   1.0000  -0.0023

MC-dropout mean predictive variance: 0.00115
detection latency (window-quantised, dt=0.1s): {'episodes': 11, 'detected': 7, 'missed': 4, 'latency_ms_median': 0.0, 'latency_ms_mean': 514.2857142857143, 'latency_ms_max': 1700.0000000000002}
saved -> experiments\road_v3_nograph_fold0\20260923-044316
