  test     ambient_dyno_drive_basic_long
  val      ambient_dyno_drive_basic_short
  test     ambient_dyno_drive_benign_anomaly
  train    ambient_dyno_drive_extended_long
  test     ambient_dyno_drive_extended_short
  train    ambient_dyno_drive_radio_infotainment
  train    ambient_dyno_drive_winter
  val      ambient_dyno_idle_radio_infotainment
  val      ambient_dyno_reverse
  test     correlated_signal_attack_1
  test     correlated_signal_attack_1_masquerade
  val      correlated_signal_attack_2
  val      correlated_signal_attack_2_masquerade
  train    correlated_signal_attack_3
  train    correlated_signal_attack_3_masquerade
  test     fuzzing_attack_1
  val      fuzzing_attack_2
  train    fuzzing_attack_3
  test     max_engine_coolant_temp_attack
  test     max_engine_coolant_temp_attack_masquerade
  test     max_speedometer_attack_1
  test     max_speedometer_attack_1_masquerade
  val      max_speedometer_attack_2
  val      max_speedometer_attack_2_masquerade
  train    max_speedometer_attack_3
  train    max_speedometer_attack_3_masquerade
  test     reverse_light_off_attack_1
  test     reverse_light_off_attack_1_masquerade
  val      reverse_light_off_attack_2
  val      reverse_light_off_attack_2_masquerade
  train    reverse_light_off_attack_3
  train    reverse_light_off_attack_3_masquerade
  test     reverse_light_on_attack_1
  test     reverse_light_on_attack_1_masquerade
  val      reverse_light_on_attack_2
  val      reverse_light_on_attack_2_masquerade
  train    reverse_light_on_attack_3
  train    reverse_light_on_attack_3_masquerade
nodes=107 windows=56742 in 38 sequences
{'train': 15309, 'val': 15493, 'test': 25218}
  train positive rate per horizon: [0.16  0.163 0.167 0.175]
  val positive rate per horizon: [0.148 0.152 0.156 0.166]
  test positive rate per horizon: [0.062 0.066 0.071 0.079]
train positive rate per horizon: [0.16  0.165 0.17  0.182]
params=1.05M
ep   0 loss 0.5499 val_f1(mean over horizons) 0.8646 [0.899, 0.875, 0.848, 0.837] 31.9s
ep   1 loss 0.4134 val_f1(mean over horizons) 0.9246 [0.949, 0.942, 0.919, 0.888] 31.4s
ep   2 loss 0.4033 val_f1(mean over horizons) 0.8873 [0.984, 0.913, 0.822, 0.830] 31.5s
ep   3 loss 0.3964 val_f1(mean over horizons) 0.9138 [0.990, 0.925, 0.899, 0.841] 31.5s
ep   4 loss 0.3952 val_f1(mean over horizons) 0.9250 [0.960, 0.942, 0.923, 0.876] 31.6s
ep   5 loss 0.3905 val_f1(mean over horizons) 0.9397 [0.988, 0.959, 0.922, 0.890] 31.5s
ep   6 loss 0.3900 val_f1(mean over horizons) 0.9333 [0.978, 0.954, 0.920, 0.881] 34.2s
ep   7 loss 0.3867 val_f1(mean over horizons) 0.9359 [0.981, 0.955, 0.922, 0.886] 35.5s
ep   8 loss 0.3864 val_f1(mean over horizons) 0.9393 [0.985, 0.959, 0.925, 0.888] 34.9s
ep   9 loss 0.3853 val_f1(mean over horizons) 0.9405 [0.987, 0.961, 0.925, 0.889] 31.2s
ep  10 loss 0.4013 val_f1(mean over horizons) 0.9247 [0.996, 0.936, 0.905, 0.861] 31.3s
ep  11 loss 0.3937 val_f1(mean over horizons) 0.9440 [0.992, 0.965, 0.924, 0.895] 31.2s
ep  12 loss 0.3909 val_f1(mean over horizons) 0.9400 [0.997, 0.939, 0.923, 0.901] 31.5s
ep  13 loss 0.3884 val_f1(mean over horizons) 0.9453 [0.997, 0.959, 0.925, 0.900] 31.4s
ep  14 loss 0.3869 val_f1(mean over horizons) 0.9389 [0.997, 0.968, 0.922, 0.868] 31.6s
ep  15 loss 0.3860 val_f1(mean over horizons) 0.9349 [0.995, 0.935, 0.919, 0.890] 31.5s
ep  16 loss 0.3866 val_f1(mean over horizons) 0.9451 [0.996, 0.974, 0.919, 0.892] 31.6s
ep  17 loss 0.3847 val_f1(mean over horizons) 0.9398 [0.992, 0.960, 0.919, 0.889] 31.4s
ep  18 loss 0.3846 val_f1(mean over horizons) 0.9399 [0.997, 0.950, 0.923, 0.891] 31.4s
ep  19 loss 0.3850 val_f1(mean over horizons) 0.9384 [0.998, 0.942, 0.924, 0.891] 33.3s
early stop

=== sttf (test) ===
 horizon     subset   pos%       f1  auc_roc   auc_pr    brier      fpr      fnr      mcc
      0s        all   6.21   0.9439   0.9607   0.9466   0.0198   0.0034   0.0600   0.9402
      0s  pre_onset   0.00   0.0000      nan      nan   0.0181   0.0034   0.0000      nan
      1s        all   6.68   0.9161   0.9094   0.8863   0.0232   0.0024   0.1265   0.9117
      1s  pre_onset   0.47   0.0000   0.2233   0.0030   0.0217   0.0024   1.0000  -0.0033
      2s        all   7.14   0.8896   0.9042   0.8626   0.0271   0.0011   0.1871   0.8865
      2s  pre_onset   0.94   0.0000   0.5376   0.0218   0.0260   0.0011   1.0000  -0.0033
      5s        all   8.10   0.8233   0.9488   0.8802   0.0386   0.0128   0.1985   0.8085
      5s  pre_onset   2.29   0.3227   0.8339   0.2639   0.0403   0.0128   0.7021   0.3093

=== persistence (test) ===
 horizon     subset   pos%       f1  auc_roc   auc_pr    brier      fpr      fnr      mcc
      0s        all   6.21   1.0000   1.0000   1.0000   0.0000   0.0000   0.0000   1.0000
      0s  pre_onset   0.00   0.0000      nan      nan   0.0000   0.0000   0.0000      nan
      1s        all   6.68   0.9661   0.9672   0.9388   0.0044   0.0000   0.0656   0.9644
      1s  pre_onset   0.47   0.0000   0.5000   0.0047   0.0047   0.0000   1.0000   0.0000
      2s        all   7.14   0.9341   0.9382   0.8852   0.0088   0.0000   0.1236   0.9317
      2s  pre_onset   0.94   0.0000   0.5000   0.0094   0.0094   0.0000   1.0000   0.0000
      5s        all   8.10   0.8469   0.8673   0.7560   0.0215   0.0000   0.2655   0.8472
      5s  pre_onset   2.29   0.0000   0.5000   0.0229   0.0229   0.0000   1.0000   0.0000

=== timing (test) ===
 horizon     subset   pos%       f1  auc_roc   auc_pr    brier      fpr      fnr      mcc
      0s        all   6.21   0.9930   0.9969   0.9875   0.0009   0.0005   0.0070   0.9925
      0s  pre_onset   0.00   0.0000      nan      nan   0.0005   0.0005   0.0000      nan
      1s        all   6.68   0.9593   0.9960   0.9668   0.0056   0.0005   0.0722   0.9571
      1s  pre_onset   0.47   0.0000   0.9481   0.0682   0.0056   0.0005   1.0000  -0.0015
      2s        all   7.14   0.9281   0.9920   0.9424   0.0102   0.0004   0.1298   0.9253
      2s  pre_onset   0.94   0.0000   0.9401   0.0940   0.0104   0.0004   1.0000  -0.0019
      5s        all   8.10   0.8420   0.9852   0.9008   0.0195   0.0002   0.2710   0.8422
      5s  pre_onset   2.29   0.0000   0.9457   0.2031   0.0204   0.0002   1.0000  -0.0023

MC-dropout mean predictive variance: 0.00096
detection latency (window-quantised, dt=0.1s): {'episodes': 11, 'detected': 9, 'missed': 2, 'latency_ms_median': 100.0, 'latency_ms_mean': 88.88888888888889, 'latency_ms_max': 200.0}
saved -> experiments\road_v3_graph_s3_fold0\20260926-132842
