  val      ambient_dyno_drive_basic_long
  train    ambient_dyno_drive_basic_short
  val      ambient_dyno_drive_benign_anomaly
  test     ambient_dyno_drive_extended_long
  val      ambient_dyno_drive_extended_short
  test     ambient_dyno_drive_radio_infotainment
  test     ambient_dyno_drive_winter
  train    ambient_dyno_idle_radio_infotainment
  train    ambient_dyno_reverse
  train    correlated_signal_attack_1
  train    correlated_signal_attack_1_masquerade
  test     correlated_signal_attack_2
  test     correlated_signal_attack_2_masquerade
  val      correlated_signal_attack_3
  val      correlated_signal_attack_3_masquerade
  train    fuzzing_attack_1
  test     fuzzing_attack_2
  val      fuzzing_attack_3
  train    max_engine_coolant_temp_attack
  train    max_engine_coolant_temp_attack_masquerade
  train    max_speedometer_attack_1
  train    max_speedometer_attack_1_masquerade
  test     max_speedometer_attack_2
  test     max_speedometer_attack_2_masquerade
  val      max_speedometer_attack_3
  val      max_speedometer_attack_3_masquerade
  train    reverse_light_off_attack_1
  train    reverse_light_off_attack_1_masquerade
  test     reverse_light_off_attack_2
  test     reverse_light_off_attack_2_masquerade
  val      reverse_light_off_attack_3
  val      reverse_light_off_attack_3_masquerade
  train    reverse_light_on_attack_1
  train    reverse_light_on_attack_1_masquerade
  test     reverse_light_on_attack_2
  test     reverse_light_on_attack_2_masquerade
  val      reverse_light_on_attack_3
  val      reverse_light_on_attack_3_masquerade
nodes=107 windows=56742 in 38 sequences
{'train': 16115, 'val': 25021, 'test': 14884}
  train positive rate per horizon: [0.097 0.104 0.11  0.123]
  val positive rate per horizon: [0.098 0.1   0.102 0.107]
  test positive rate per horizon: [0.154 0.158 0.162 0.172]
train positive rate per horizon: [0.097 0.105 0.112 0.129]
params=1.05M
ep   0 loss 0.7599 val_f1(mean over horizons) 0.8017 [0.880, 0.844, 0.786, 0.696] 43.3s
ep   1 loss 0.5996 val_f1(mean over horizons) 0.8849 [0.920, 0.905, 0.883, 0.831] 43.9s
ep   2 loss 0.5715 val_f1(mean over horizons) 0.8907 [0.935, 0.912, 0.895, 0.820] 39.0s
ep   3 loss 0.5554 val_f1(mean over horizons) 0.8724 [0.908, 0.878, 0.860, 0.843] 38.5s
ep   4 loss 0.5514 val_f1(mean over horizons) 0.8955 [0.936, 0.899, 0.884, 0.863] 38.3s
ep   5 loss 0.5495 val_f1(mean over horizons) 0.8510 [0.876, 0.861, 0.844, 0.822] 38.0s
ep   6 loss 0.5465 val_f1(mean over horizons) 0.8714 [0.918, 0.885, 0.870, 0.813] 38.4s
ep   7 loss 0.5453 val_f1(mean over horizons) 0.8552 [0.888, 0.862, 0.846, 0.825] 38.6s
ep   8 loss 0.5415 val_f1(mean over horizons) 0.8710 [0.902, 0.877, 0.858, 0.847] 41.5s
ep   9 loss 0.5410 val_f1(mean over horizons) 0.8634 [0.890, 0.870, 0.854, 0.839] 43.7s
ep  10 loss 0.5569 val_f1(mean over horizons) 0.8167 [0.872, 0.830, 0.802, 0.763] 40.8s
early stop

=== sttf (test) ===
 horizon     subset   pos%       f1  auc_roc   auc_pr    brier      fpr      fnr      mcc
      0s        all  15.41   0.9343   0.9981   0.9920   0.0490   0.0001   0.1230   0.9259
      0s  pre_onset   0.00   0.0000      nan      nan   0.0342   0.0001   0.0000      nan
      1s        all  15.94   0.9317   0.9816   0.9642   0.0547   0.0026   0.1160   0.9214
      1s  pre_onset   0.72   0.0000   0.5960   0.0096   0.0377   0.0026   1.0000  -0.0043
      2s        all  16.48   0.8540   0.9752   0.9305   0.0595   0.0196   0.1807   0.8277
      2s  pre_onset   1.45   0.0000   0.7591   0.0298   0.0422   0.0196   1.0000  -0.0170
      5s        all  17.97   0.8210   0.9507   0.8763   0.0746   0.0291   0.2111   0.7847
      5s  pre_onset   3.45   0.1373   0.7516   0.0803   0.0651   0.0291   0.8663   0.1073

=== persistence (test) ===
 horizon     subset   pos%       f1  auc_roc   auc_pr    brier      fpr      fnr      mcc
      0s        all  15.41   1.0000   1.0000   1.0000   0.0000   0.0000   0.0000   1.0000
      0s  pre_onset   0.00   0.0000      nan      nan   0.0000   0.0000   0.0000      nan
      1s        all  15.94   0.9805   0.9809   0.9678   0.0061   0.0000   0.0382   0.9772
      1s  pre_onset   0.72   0.0000   0.5000   0.0072   0.0072   0.0000   1.0000   0.0000
      2s        all  16.48   0.9613   0.9627   0.9377   0.0123   0.0000   0.0746   0.9550
      2s  pre_onset   1.45   0.0000   0.5000   0.0145   0.0145   0.0000   1.0000   0.0000
      5s        all  17.97   0.9111   0.9184   0.8661   0.0293   0.0000   0.1632   0.8988
      5s  pre_onset   3.45   0.0000   0.5000   0.0345   0.0345   0.0000   1.0000   0.0000

=== timing (test) ===
 horizon     subset   pos%       f1  auc_roc   auc_pr    brier      fpr      fnr      mcc
      0s        all  15.41   0.9967   0.9991   0.9941   0.0012   0.0005   0.0039   0.9961
      0s  pre_onset   0.00   0.0000      nan      nan   0.0005   0.0005   0.0000      nan
      1s        all  15.94   0.9772   0.9963   0.9809   0.0077   0.0005   0.0421   0.9733
      1s  pre_onset   0.72   0.0000   0.9199   0.0555   0.0082   0.0005   1.0000  -0.0019
      2s        all  16.48   0.9580   0.9942   0.9775   0.0134   0.0005   0.0783   0.9511
      2s  pre_onset   1.45   0.0000   0.9296   0.1252   0.0151   0.0005   1.0000  -0.0027
      5s        all  17.97   0.9062   0.9911   0.9672   0.0253   0.0003   0.1702   0.8933
      5s  pre_onset   3.45   0.0000   0.9472   0.2891   0.0290   0.0003   1.0000  -0.0034

MC-dropout mean predictive variance: 0.00178
detection latency (window-quantised, dt=0.1s): {'episodes': 9, 'detected': 9, 'missed': 0, 'latency_ms_median': 200.0, 'latency_ms_mean': 188.8888888888889, 'latency_ms_max': 600.0000000000001}
saved -> experiments\road_v3_graph_s4_fold1\20260926-143414
