  train    ambient_dyno_drive_basic_long
  test     ambient_dyno_drive_basic_short
  train    ambient_dyno_drive_benign_anomaly
  val      ambient_dyno_drive_extended_long
  train    ambient_dyno_drive_extended_short
  val      ambient_dyno_drive_radio_infotainment
  val      ambient_dyno_drive_winter
  test     ambient_dyno_idle_radio_infotainment
  test     ambient_dyno_reverse
  val      correlated_signal_attack_1
  val      correlated_signal_attack_1_masquerade
  train    correlated_signal_attack_2
  train    correlated_signal_attack_2_masquerade
  test     correlated_signal_attack_3
  test     correlated_signal_attack_3_masquerade
  val      fuzzing_attack_1
  train    fuzzing_attack_2
  test     fuzzing_attack_3
  val      max_engine_coolant_temp_attack
  val      max_engine_coolant_temp_attack_masquerade
  val      max_speedometer_attack_1
  val      max_speedometer_attack_1_masquerade
  train    max_speedometer_attack_2
  train    max_speedometer_attack_2_masquerade
  test     max_speedometer_attack_3
  test     max_speedometer_attack_3_masquerade
  val      reverse_light_off_attack_1
  val      reverse_light_off_attack_1_masquerade
  train    reverse_light_off_attack_2
  train    reverse_light_off_attack_2_masquerade
  test     reverse_light_off_attack_3
  test     reverse_light_off_attack_3_masquerade
  val      reverse_light_on_attack_1
  val      reverse_light_on_attack_1_masquerade
  train    reverse_light_on_attack_2
  train    reverse_light_on_attack_2_masquerade
  test     reverse_light_on_attack_3
  test     reverse_light_on_attack_3_masquerade
nodes=107 windows=56742 in 38 sequences
{'train': 24596, 'val': 15506, 'test': 15918}
  train positive rate per horizon: [0.093 0.096 0.098 0.104]
  val positive rate per horizon: [0.101 0.108 0.115 0.128]
  test positive rate per horizon: [0.153 0.157 0.161 0.169]
train positive rate per horizon: [0.093 0.096 0.099 0.107]
params=1.05M
ep   0 loss 0.7977 val_f1(mean over horizons) 0.7297 [0.678, 0.709, 0.734, 0.797] 32.1s
ep   1 loss 0.6579 val_f1(mean over horizons) 0.7091 [0.669, 0.687, 0.712, 0.768] 32.2s
ep   2 loss 0.6223 val_f1(mean over horizons) 0.6848 [0.643, 0.666, 0.690, 0.740] 32.0s
ep   3 loss 0.6112 val_f1(mean over horizons) 0.7232 [0.705, 0.706, 0.726, 0.755] 32.0s
ep   4 loss 0.5991 val_f1(mean over horizons) 0.6762 [0.643, 0.659, 0.678, 0.726] 32.0s
ep   5 loss 0.5986 val_f1(mean over horizons) 0.6846 [0.648, 0.662, 0.687, 0.741] 31.8s
ep   6 loss 0.5951 val_f1(mean over horizons) 0.7007 [0.681, 0.680, 0.696, 0.745] 32.2s
early stop

=== sttf (test) ===
 horizon     subset   pos%       f1  auc_roc   auc_pr    brier      fpr      fnr      mcc
      0s        all  15.35   0.8060   0.9817   0.8725   0.0862   0.0288   0.2178   0.7726
      0s  pre_onset   0.00   0.0000      nan      nan   0.0983   0.0288   0.0000      nan
      1s        all  15.84   0.8077   0.9809   0.8694   0.0855   0.0379   0.1862   0.7712
      1s  pre_onset   0.65   0.0718   0.9400   0.0501   0.0973   0.0379   0.7471   0.0889
      2s        all  16.35   0.8070   0.9770   0.8328   0.0809   0.0431   0.1744   0.7686
      2s  pre_onset   1.26   0.1207   0.9420   0.0929   0.0925   0.0431   0.7186   0.1267
      5s        all  17.51   0.8060   0.9644   0.7509   0.0852   0.0425   0.1896   0.7646
      5s  pre_onset   2.68   0.2386   0.9509   0.2111   0.0999   0.0425   0.6552   0.2226

=== persistence (test) ===
 horizon     subset   pos%       f1  auc_roc   auc_pr    brier      fpr      fnr      mcc
      0s        all  15.35   1.0000   1.0000   1.0000   0.0000   0.0000   0.0000   1.0000
      0s  pre_onset   0.00   0.0000      nan      nan   0.0000   0.0000   0.0000      nan
      1s        all  15.84   0.9823   0.9826   0.9707   0.0055   0.0000   0.0348   0.9793
      1s  pre_onset   0.65   0.0000   0.5000   0.0065   0.0065   0.0000   1.0000   0.0000
      2s        all  16.35   0.9663   0.9674   0.9455   0.0107   0.0000   0.0652   0.9608
      2s  pre_onset   1.26   0.0000   0.5000   0.0126   0.0126   0.0000   1.0000   0.0000
      5s        all  17.51   0.9307   0.9352   0.8930   0.0227   0.0000   0.1297   0.9203
      5s  pre_onset   2.68   0.0000   0.5000   0.0268   0.0268   0.0000   1.0000   0.0000

=== timing (test) ===
 horizon     subset   pos%       f1  auc_roc   auc_pr    brier      fpr      fnr      mcc
      0s        all  15.35   0.9405   0.9974   0.9872   0.0172   0.0003   0.1109   0.9325
      0s  pre_onset   0.00   0.0000      nan      nan   0.0003   0.0003   0.0000      nan
      1s        all  15.84   0.9243   0.9911   0.9647   0.0231   0.0003   0.1394   0.9147
      1s  pre_onset   0.65   0.0000   0.9021   0.0440   0.0076   0.0003   1.0000  -0.0014
      2s        all  16.35   0.9097   0.9865   0.9507   0.0283   0.0003   0.1643   0.8988
      2s  pre_onset   1.26   0.0000   0.9054   0.0765   0.0143   0.0003   1.0000  -0.0020
      5s        all  17.51   0.8714   0.9845   0.9432   0.0355   0.0039   0.2139   0.8546
      5s  pre_onset   2.68   0.0681   0.9439   0.2267   0.0233   0.0039   0.9598   0.0845

MC-dropout mean predictive variance: 0.00137
detection latency (window-quantised, dt=0.1s): {'episodes': 9, 'detected': 7, 'missed': 2, 'latency_ms_median': 1300.0, 'latency_ms_mean': 1300.0, 'latency_ms_max': 3700.0}
saved -> experiments\road_v3_nograph_fold2\20260923-050833
