  val      ambient_dyno_drive_basic_long
  train    ambient_dyno_drive_basic_short
  val      ambient_dyno_drive_benign_anomaly
  test     ambient_dyno_drive_extended_long
  val      ambient_dyno_drive_extended_short
  test     ambient_dyno_drive_radio_infotainment
  test     ambient_dyno_drive_winter
  train    ambient_dyno_idle_radio_infotainment
  train    ambient_dyno_reverse
  train    correlated_signal_attack_1
  train    correlated_signal_attack_1_masquerade
  test     correlated_signal_attack_2
  test     correlated_signal_attack_2_masquerade
  val      correlated_signal_attack_3
  val      correlated_signal_attack_3_masquerade
  train    fuzzing_attack_1
  test     fuzzing_attack_2
  val      fuzzing_attack_3
  train    max_engine_coolant_temp_attack
  train    max_engine_coolant_temp_attack_masquerade
  train    max_speedometer_attack_1
  train    max_speedometer_attack_1_masquerade
  test     max_speedometer_attack_2
  test     max_speedometer_attack_2_masquerade
  val      max_speedometer_attack_3
  val      max_speedometer_attack_3_masquerade
  train    reverse_light_off_attack_1
  train    reverse_light_off_attack_1_masquerade
  test     reverse_light_off_attack_2
  test     reverse_light_off_attack_2_masquerade
  val      reverse_light_off_attack_3
  val      reverse_light_off_attack_3_masquerade
  train    reverse_light_on_attack_1
  train    reverse_light_on_attack_1_masquerade
  test     reverse_light_on_attack_2
  test     reverse_light_on_attack_2_masquerade
  val      reverse_light_on_attack_3
  val      reverse_light_on_attack_3_masquerade
nodes=107 windows=56742 in 38 sequences
{'train': 16115, 'val': 25021, 'test': 14884}
  train positive rate per horizon: [0.097 0.104 0.11  0.123]
  val positive rate per horizon: [0.098 0.1   0.102 0.107]
  test positive rate per horizon: [0.154 0.158 0.162 0.172]
train positive rate per horizon: [0.097 0.105 0.112 0.129]
params=1.05M
ep   0 loss 0.8660 val_f1(mean over horizons) 0.8202 [0.832, 0.824, 0.816, 0.809] 45.2s
ep   1 loss 0.6530 val_f1(mean over horizons) 0.8180 [0.838, 0.830, 0.826, 0.777] 44.7s
ep   2 loss 0.6284 val_f1(mean over horizons) 0.8024 [0.831, 0.804, 0.789, 0.785] 44.7s
ep   3 loss 0.6184 val_f1(mean over horizons) 0.7519 [0.723, 0.741, 0.765, 0.779] 43.6s
ep   4 loss 0.5778 val_f1(mean over horizons) 0.7591 [0.814, 0.782, 0.753, 0.688] 38.7s
ep   5 loss 0.5715 val_f1(mean over horizons) 0.7642 [0.794, 0.804, 0.751, 0.708] 38.7s
ep   6 loss 0.5625 val_f1(mean over horizons) 0.7208 [0.786, 0.800, 0.760, 0.537] 38.7s
early stop

=== sttf (test) ===
 horizon     subset   pos%       f1  auc_roc   auc_pr    brier      fpr      fnr      mcc
      0s        all  15.41   0.7880   0.9707   0.8790   0.0895   0.0284   0.2486   0.7528
      0s  pre_onset   0.00   0.0000      nan      nan   0.0904   0.0284   0.0000      nan
      1s        all  15.94   0.7855   0.9742   0.8871   0.0868   0.0255   0.2660   0.7508
      1s  pre_onset   0.72   0.1373   0.9571   0.0766   0.0886   0.0255   0.6667   0.1584
      2s        all  16.48   0.7873   0.9770   0.8925   0.0888   0.0446   0.2039   0.7448
      2s  pre_onset   1.45   0.1805   0.9551   0.1451   0.0939   0.0446   0.6000   0.1953
      5s        all  17.97   0.7984   0.9778   0.8849   0.1006   0.0480   0.1901   0.7536
      5s  pre_onset   3.45   0.4010   0.9503   0.2903   0.1153   0.0480   0.4129   0.3949

=== persistence (test) ===
 horizon     subset   pos%       f1  auc_roc   auc_pr    brier      fpr      fnr      mcc
      0s        all  15.41   1.0000   1.0000   1.0000   0.0000   0.0000   0.0000   1.0000
      0s  pre_onset   0.00   0.0000      nan      nan   0.0000   0.0000   0.0000      nan
      1s        all  15.94   0.9805   0.9809   0.9678   0.0061   0.0000   0.0382   0.9772
      1s  pre_onset   0.72   0.0000   0.5000   0.0072   0.0072   0.0000   1.0000   0.0000
      2s        all  16.48   0.9613   0.9627   0.9377   0.0123   0.0000   0.0746   0.9550
      2s  pre_onset   1.45   0.0000   0.5000   0.0145   0.0145   0.0000   1.0000   0.0000
      5s        all  17.97   0.9111   0.9184   0.8661   0.0293   0.0000   0.1632   0.8988
      5s  pre_onset   3.45   0.0000   0.5000   0.0345   0.0345   0.0000   1.0000   0.0000

=== timing (test) ===
 horizon     subset   pos%       f1  auc_roc   auc_pr    brier      fpr      fnr      mcc
      0s        all  15.41   0.9967   0.9991   0.9941   0.0012   0.0005   0.0039   0.9961
      0s  pre_onset   0.00   0.0000      nan      nan   0.0005   0.0005   0.0000      nan
      1s        all  15.94   0.9772   0.9963   0.9809   0.0077   0.0005   0.0421   0.9733
      1s  pre_onset   0.72   0.0000   0.9199   0.0555   0.0082   0.0005   1.0000  -0.0019
      2s        all  16.48   0.9580   0.9942   0.9775   0.0134   0.0005   0.0783   0.9511
      2s  pre_onset   1.45   0.0000   0.9296   0.1252   0.0151   0.0005   1.0000  -0.0027
      5s        all  17.97   0.9062   0.9911   0.9672   0.0253   0.0003   0.1702   0.8933
      5s  pre_onset   3.45   0.0000   0.9472   0.2891   0.0290   0.0003   1.0000  -0.0034

MC-dropout mean predictive variance: 0.00172
detection latency (window-quantised, dt=0.1s): {'episodes': 9, 'detected': 9, 'missed': 0, 'latency_ms_median': 0.0, 'latency_ms_mean': 200.0, 'latency_ms_max': 700.0000000000001}
saved -> experiments\road_v3_nograph_fold1\20260923-045848
