  test     ambient_dyno_drive_basic_long
  val      ambient_dyno_drive_basic_short
  test     ambient_dyno_drive_benign_anomaly
  train    ambient_dyno_drive_extended_long
  test     ambient_dyno_drive_extended_short
  train    ambient_dyno_drive_radio_infotainment
  train    ambient_dyno_drive_winter
  val      ambient_dyno_idle_radio_infotainment
  val      ambient_dyno_reverse
  test     correlated_signal_attack_1
  test     correlated_signal_attack_1_masquerade
  val      correlated_signal_attack_2
  val      correlated_signal_attack_2_masquerade
  train    correlated_signal_attack_3
  train    correlated_signal_attack_3_masquerade
  test     fuzzing_attack_1
  val      fuzzing_attack_2
  train    fuzzing_attack_3
  test     max_engine_coolant_temp_attack
  test     max_engine_coolant_temp_attack_masquerade
  test     max_speedometer_attack_1
  test     max_speedometer_attack_1_masquerade
  val      max_speedometer_attack_2
  val      max_speedometer_attack_2_masquerade
  train    max_speedometer_attack_3
  train    max_speedometer_attack_3_masquerade
  test     reverse_light_off_attack_1
  test     reverse_light_off_attack_1_masquerade
  val      reverse_light_off_attack_2
  val      reverse_light_off_attack_2_masquerade
  train    reverse_light_off_attack_3
  train    reverse_light_off_attack_3_masquerade
  test     reverse_light_on_attack_1
  test     reverse_light_on_attack_1_masquerade
  val      reverse_light_on_attack_2
  val      reverse_light_on_attack_2_masquerade
  train    reverse_light_on_attack_3
  train    reverse_light_on_attack_3_masquerade
nodes=107 windows=56742 in 38 sequences
{'train': 15309, 'val': 15493, 'test': 25218}
  train positive rate per horizon: [0.16  0.163 0.167 0.175]
  val positive rate per horizon: [0.148 0.152 0.156 0.166]
  test positive rate per horizon: [0.062 0.066 0.071 0.079]
train positive rate per horizon: [0.16  0.165 0.17  0.182]
params=1.05M
ep   0 loss 0.5674 val_f1(mean over horizons) 0.9226 [0.963, 0.960, 0.911, 0.856] 34.7s
ep   1 loss 0.4136 val_f1(mean over horizons) 0.9319 [0.921, 0.963, 0.928, 0.916] 31.9s
ep   2 loss 0.4025 val_f1(mean over horizons) 0.9516 [0.987, 0.972, 0.955, 0.893] 33.9s
ep   3 loss 0.4030 val_f1(mean over horizons) 0.9598 [0.998, 0.979, 0.955, 0.907] 31.9s
ep   4 loss 0.3931 val_f1(mean over horizons) 0.9545 [0.995, 0.976, 0.951, 0.895] 34.1s
ep   5 loss 0.3905 val_f1(mean over horizons) 0.9508 [0.999, 0.972, 0.936, 0.897] 31.7s
ep   6 loss 0.3904 val_f1(mean over horizons) 0.9496 [0.999, 0.973, 0.939, 0.887] 31.6s
ep   7 loss 0.3886 val_f1(mean over horizons) 0.9411 [0.998, 0.975, 0.934, 0.858] 33.4s
ep   8 loss 0.3854 val_f1(mean over horizons) 0.9491 [0.998, 0.975, 0.938, 0.885] 31.7s
ep   9 loss 0.3879 val_f1(mean over horizons) 0.9504 [0.998, 0.978, 0.935, 0.891] 35.3s
early stop

=== sttf (test) ===
 horizon     subset   pos%       f1  auc_roc   auc_pr    brier      fpr      fnr      mcc
      0s        all   6.21   0.9644   0.9646   0.9493   0.0177   0.0001   0.0670   0.9627
      0s  pre_onset   0.00   0.0000      nan      nan   0.0159   0.0001   0.0000      nan
      1s        all   6.68   0.9306   0.9334   0.8989   0.0217   0.0001   0.1283   0.9284
      1s  pre_onset   0.47   0.0000   0.4458   0.0049   0.0202   0.0001   1.0000  -0.0008
      2s        all   7.14   0.9007   0.9099   0.8595   0.0233   0.0001   0.1792   0.8988
      2s  pre_onset   0.94   0.0000   0.4593   0.0098   0.0220   0.0001   1.0000  -0.0011
      5s        all   8.10   0.5055   0.9124   0.8279   0.0323   0.0001   0.6615   0.5646
      5s  pre_onset   2.29   0.0000   0.7063   0.0758   0.0336   0.0001   1.0000  -0.0014

=== persistence (test) ===
 horizon     subset   pos%       f1  auc_roc   auc_pr    brier      fpr      fnr      mcc
      0s        all   6.21   1.0000   1.0000   1.0000   0.0000   0.0000   0.0000   1.0000
      0s  pre_onset   0.00   0.0000      nan      nan   0.0000   0.0000   0.0000      nan
      1s        all   6.68   0.9661   0.9672   0.9388   0.0044   0.0000   0.0656   0.9644
      1s  pre_onset   0.47   0.0000   0.5000   0.0047   0.0047   0.0000   1.0000   0.0000
      2s        all   7.14   0.9341   0.9382   0.8852   0.0088   0.0000   0.1236   0.9317
      2s  pre_onset   0.94   0.0000   0.5000   0.0094   0.0094   0.0000   1.0000   0.0000
      5s        all   8.10   0.8469   0.8673   0.7560   0.0215   0.0000   0.2655   0.8472
      5s  pre_onset   2.29   0.0000   0.5000   0.0229   0.0229   0.0000   1.0000   0.0000

=== timing (test) ===
 horizon     subset   pos%       f1  auc_roc   auc_pr    brier      fpr      fnr      mcc
      0s        all   6.21   0.9930   0.9969   0.9875   0.0009   0.0005   0.0070   0.9925
      0s  pre_onset   0.00   0.0000      nan      nan   0.0005   0.0005   0.0000      nan
      1s        all   6.68   0.9593   0.9960   0.9668   0.0056   0.0005   0.0722   0.9571
      1s  pre_onset   0.47   0.0000   0.9481   0.0682   0.0056   0.0005   1.0000  -0.0015
      2s        all   7.14   0.9281   0.9920   0.9424   0.0102   0.0004   0.1298   0.9253
      2s  pre_onset   0.94   0.0000   0.9401   0.0940   0.0104   0.0004   1.0000  -0.0019
      5s        all   8.10   0.8420   0.9852   0.9008   0.0195   0.0002   0.2710   0.8422
      5s  pre_onset   2.29   0.0000   0.9457   0.2031   0.0204   0.0002   1.0000  -0.0023

MC-dropout mean predictive variance: 0.00082
detection latency (window-quantised, dt=0.1s): {'episodes': 11, 'detected': 9, 'missed': 2, 'latency_ms_median': 100.0, 'latency_ms_mean': 166.66666666666666, 'latency_ms_max': 500.0}
saved -> experiments\road_v3_graph_s1_fold0\20260926-092559
