  val      ambient_dyno_drive_basic_long
  train    ambient_dyno_drive_basic_short
  val      ambient_dyno_drive_benign_anomaly
  test     ambient_dyno_drive_extended_long
  val      ambient_dyno_drive_extended_short
  test     ambient_dyno_drive_radio_infotainment
  test     ambient_dyno_drive_winter
  train    ambient_dyno_idle_radio_infotainment
  train    ambient_dyno_reverse
  train    correlated_signal_attack_1
  train    correlated_signal_attack_1_masquerade
  test     correlated_signal_attack_2
  test     correlated_signal_attack_2_masquerade
  val      correlated_signal_attack_3
  val      correlated_signal_attack_3_masquerade
  train    fuzzing_attack_1
  test     fuzzing_attack_2
  val      fuzzing_attack_3
  train    max_engine_coolant_temp_attack
  train    max_engine_coolant_temp_attack_masquerade
  train    max_speedometer_attack_1
  train    max_speedometer_attack_1_masquerade
  test     max_speedometer_attack_2
  test     max_speedometer_attack_2_masquerade
  val      max_speedometer_attack_3
  val      max_speedometer_attack_3_masquerade
  train    reverse_light_off_attack_1
  train    reverse_light_off_attack_1_masquerade
  test     reverse_light_off_attack_2
  test     reverse_light_off_attack_2_masquerade
  val      reverse_light_off_attack_3
  val      reverse_light_off_attack_3_masquerade
  train    reverse_light_on_attack_1
  train    reverse_light_on_attack_1_masquerade
  test     reverse_light_on_attack_2
  test     reverse_light_on_attack_2_masquerade
  val      reverse_light_on_attack_3
  val      reverse_light_on_attack_3_masquerade
nodes=107 windows=56742 in 38 sequences
{'train': 16115, 'val': 25021, 'test': 14884}
  train positive rate per horizon: [0.097 0.104 0.11  0.123]
  val positive rate per horizon: [0.098 0.1   0.102 0.107]
  test positive rate per horizon: [0.154 0.158 0.162 0.172]
train positive rate per horizon: [0.097 0.105 0.112 0.129]
params=1.05M
ep   0 loss 0.8520 val_f1(mean over horizons) 0.8302 [0.842, 0.838, 0.839, 0.802] 43.0s
ep   1 loss 0.6727 val_f1(mean over horizons) 0.7198 [0.784, 0.768, 0.765, 0.562] 44.6s
ep   2 loss 0.6121 val_f1(mean over horizons) 0.7487 [0.750, 0.752, 0.744, 0.749] 39.2s
ep   3 loss 0.6099 val_f1(mean over horizons) 0.7707 [0.795, 0.787, 0.774, 0.728] 38.6s
ep   4 loss 0.5842 val_f1(mean over horizons) 0.7149 [0.805, 0.780, 0.730, 0.544] 38.5s
ep   5 loss 0.5679 val_f1(mean over horizons) 0.7665 [0.805, 0.787, 0.763, 0.712] 38.5s
ep   6 loss 0.5665 val_f1(mean over horizons) 0.7311 [0.823, 0.785, 0.719, 0.597] 38.7s
early stop

=== sttf (test) ===
 horizon     subset   pos%       f1  auc_roc   auc_pr    brier      fpr      fnr      mcc
      0s        all  15.41   0.7655   0.9615   0.7490   0.1035   0.0966   0.0510   0.7336
      0s  pre_onset   0.00   0.0000      nan      nan   0.1180   0.0966   0.0000      nan
      1s        all  15.94   0.7849   0.9604   0.7203   0.1040   0.0874   0.0561   0.7520
      1s  pre_onset   0.72   0.1290   0.9502   0.0683   0.1199   0.0874   0.1000   0.2362
      2s        all  16.48   0.7981   0.9586   0.7053   0.0959   0.0787   0.0713   0.7629
      2s  pre_onset   1.45   0.2308   0.9482   0.1288   0.1105   0.0787   0.1722   0.3137
      5s        all  17.97   0.8157   0.9598   0.7316   0.0965   0.0845   0.0456   0.7811
      5s  pre_onset   3.45   0.3832   0.9476   0.2579   0.1128   0.0845   0.2029   0.4173

=== persistence (test) ===
 horizon     subset   pos%       f1  auc_roc   auc_pr    brier      fpr      fnr      mcc
      0s        all  15.41   1.0000   1.0000   1.0000   0.0000   0.0000   0.0000   1.0000
      0s  pre_onset   0.00   0.0000      nan      nan   0.0000   0.0000   0.0000      nan
      1s        all  15.94   0.9805   0.9809   0.9678   0.0061   0.0000   0.0382   0.9772
      1s  pre_onset   0.72   0.0000   0.5000   0.0072   0.0072   0.0000   1.0000   0.0000
      2s        all  16.48   0.9613   0.9627   0.9377   0.0123   0.0000   0.0746   0.9550
      2s  pre_onset   1.45   0.0000   0.5000   0.0145   0.0145   0.0000   1.0000   0.0000
      5s        all  17.97   0.9111   0.9184   0.8661   0.0293   0.0000   0.1632   0.8988
      5s  pre_onset   3.45   0.0000   0.5000   0.0345   0.0345   0.0000   1.0000   0.0000

=== timing (test) ===
 horizon     subset   pos%       f1  auc_roc   auc_pr    brier      fpr      fnr      mcc
      0s        all  15.41   0.9967   0.9991   0.9941   0.0012   0.0005   0.0039   0.9961
      0s  pre_onset   0.00   0.0000      nan      nan   0.0005   0.0005   0.0000      nan
      1s        all  15.94   0.9772   0.9963   0.9809   0.0077   0.0005   0.0421   0.9733
      1s  pre_onset   0.72   0.0000   0.9199   0.0555   0.0082   0.0005   1.0000  -0.0019
      2s        all  16.48   0.9580   0.9942   0.9775   0.0134   0.0005   0.0783   0.9511
      2s  pre_onset   1.45   0.0000   0.9296   0.1252   0.0151   0.0005   1.0000  -0.0027
      5s        all  17.97   0.9062   0.9911   0.9672   0.0253   0.0003   0.1702   0.8933
      5s  pre_onset   3.45   0.0000   0.9472   0.2891   0.0290   0.0003   1.0000  -0.0034

MC-dropout mean predictive variance: 0.00127
detection latency (window-quantised, dt=0.1s): {'episodes': 9, 'detected': 9, 'missed': 0, 'latency_ms_median': 0.0, 'latency_ms_mean': 0.0, 'latency_ms_max': 0.0}
saved -> experiments\road_v3_nograph_s2_fold1\20260926-112720
