  train correlated_signal_attack_1
  train correlated_signal_attack_1_masquerade
  test  correlated_signal_attack_2
  test  correlated_signal_attack_2_masquerade
  val   correlated_signal_attack_3
  val   correlated_signal_attack_3_masquerade
  train fuzzing_attack_1
  test  fuzzing_attack_2
  val   fuzzing_attack_3
  train max_engine_coolant_temp_attack
  train max_engine_coolant_temp_attack_masquerade
  train max_speedometer_attack_1
  train max_speedometer_attack_1_masquerade
  test  max_speedometer_attack_2
  test  max_speedometer_attack_2_masquerade
  val   max_speedometer_attack_3
  val   max_speedometer_attack_3_masquerade
  train reverse_light_off_attack_1
  train reverse_light_off_attack_1_masquerade
  test  reverse_light_off_attack_2
  test  reverse_light_off_attack_2_masquerade
  val   reverse_light_off_attack_3
  val   reverse_light_off_attack_3_masquerade
  train reverse_light_on_attack_1
  train reverse_light_on_attack_1_masquerade
  test  reverse_light_on_attack_2
  test  reverse_light_on_attack_2_masquerade
  val   reverse_light_on_attack_3
  val   reverse_light_on_attack_3_masquerade
nodes=107 windows=56742 in 38 sequences
{'train': 34041, 'val': 10255, 'test': 10014}
  train positive rate per horizon: [0.046 0.049 0.052 0.058]
  val positive rate per horizon: [0.238 0.244 0.25  0.262]
  test positive rate per horizon: [0.229 0.235 0.241 0.256]
train positive rate per horizon: [0.046 0.049 0.053 0.059]
params=1.05M
ep   0 loss 1.1190 val_f1(mean over horizons) 0.8766 [0.907, 0.891, 0.878, 0.830] 1672.3s
ep   1 loss 0.9594 val_f1(mean over horizons) 0.9079 [0.945, 0.925, 0.904, 0.858] 1762.5s
ep   2 loss 0.9243 val_f1(mean over horizons) 0.9277 [0.948, 0.932, 0.919, 0.911] 1302.9s
ep   3 loss 0.9157 val_f1(mean over horizons) 0.9192 [0.930, 0.927, 0.917, 0.904] 734.5s
ep   4 loss 0.9106 val_f1(mean over horizons) 0.8911 [0.905, 0.896, 0.892, 0.872] 252.2s
ep   5 loss 0.9118 val_f1(mean over horizons) 0.9190 [0.955, 0.932, 0.912, 0.878] 1218.2s
ep   6 loss 0.9037 val_f1(mean over horizons) 0.9147 [0.952, 0.930, 0.912, 0.865] 823.7s
ep   7 loss 0.9068 val_f1(mean over horizons) 0.9223 [0.956, 0.932, 0.915, 0.887] 55.6s
ep   8 loss 0.9008 val_f1(mean over horizons) 0.9162 [0.954, 0.923, 0.908, 0.879] 1093.7s
early stop

=== sttf (test) ===
 horizon     subset   pos%       f1  auc_roc   auc_pr    brier      fpr      fnr      mcc
      0s        all  22.90   0.9101   0.9966   0.9943   0.0859   0.0557   0.0083   0.8859
      0s  pre_onset   0.00   0.0000      nan      nan   0.1044   0.0557   0.0000      nan
      1s        all  23.71   0.9704   0.9761   0.9729   0.0885   0.0016   0.0527   0.9620
      1s  pre_onset   1.17   0.0000   0.4205   0.0100   0.1113   0.0016   1.0000  -0.0043
      2s        all  24.54   0.9465   0.9915   0.9805   0.0890   0.0067   0.0829   0.9307
      2s  pre_onset   2.37   0.0000   0.8928   0.1088   0.1138   0.0067   1.0000  -0.0127
      5s        all  26.84   0.8840   0.9896   0.9746   0.0975   0.0272   0.1492   0.8449
      5s  pre_onset   5.65   0.1319   0.9382   0.3081   0.1254   0.0272   0.8974   0.0999

=== persistence (test) ===
 horizon     subset   pos%       f1  auc_roc   auc_pr    brier      fpr      fnr      mcc
      0s        all  22.90   1.0000   1.0000   1.0000   0.0000   0.0000   0.0000   1.0000
      0s  pre_onset   0.00   0.0000      nan      nan   0.0000   0.0000   0.0000      nan
      1s        all  23.71   0.9805   0.9809   0.9708   0.0091   0.0000   0.0382   0.9749
      1s  pre_onset   1.17   0.0000   0.5000   0.0117   0.0117   0.0000   1.0000   0.0000
      2s        all  24.54   0.9613   0.9627   0.9437   0.0183   0.0000   0.0746   0.9505
      2s  pre_onset   2.37   0.0000   0.5000   0.0237   0.0237   0.0000   1.0000   0.0000
      5s        all  26.84   0.9111   0.9184   0.8806   0.0438   0.0000   0.1632   0.8885
      5s  pre_onset   5.65   0.0000   0.5000   0.0565   0.0565   0.0000   1.0000   0.0000

=== timing (test) ===
 horizon     subset   pos%       f1  auc_roc   auc_pr    brier      fpr      fnr      mcc
      0s        all  22.90   0.9967   0.9991   0.9962   0.0019   0.0008   0.0039   0.9958
      0s  pre_onset   0.00   0.0000      nan      nan   0.0008   0.0008   0.0000      nan
      1s        all  23.71   0.9772   0.9964   0.9892   0.0108   0.0008   0.0421   0.9707
      1s  pre_onset   1.17   0.0000   0.9251   0.1040   0.0122   0.0008   1.0000  -0.0031
      2s        all  24.54   0.9580   0.9941   0.9833   0.0194   0.0008   0.0783   0.9463
      2s  pre_onset   2.37   0.0000   0.9304   0.2373   0.0228   0.0008   1.0000  -0.0044
      5s        all  26.84   0.9333   0.9942   0.9850   0.0348   0.0114   0.0978   0.9110
      5s  pre_onset   5.65   0.5127   0.9656   0.5823   0.0438   0.0114   0.5895   0.5085

MC-dropout mean predictive variance: 0.00075
detection latency (window-quantised, dt=0.1s): {'episodes': 9, 'detected': 9, 'missed': 0, 'latency_ms_median': 100.0, 'latency_ms_mean': 88.88888888888889, 'latency_ms_max': 300.00000000000006}
saved -> experiments\road_v2_graph_fold1\20260923-000643
