  val   correlated_signal_attack_1
  val   correlated_signal_attack_1_masquerade
  train correlated_signal_attack_2
  train correlated_signal_attack_2_masquerade
  test  correlated_signal_attack_3
  test  correlated_signal_attack_3_masquerade
  val   fuzzing_attack_1
  train fuzzing_attack_2
  test  fuzzing_attack_3
  val   max_engine_coolant_temp_attack
  val   max_engine_coolant_temp_attack_masquerade
  val   max_speedometer_attack_1
  val   max_speedometer_attack_1_masquerade
  train max_speedometer_attack_2
  train max_speedometer_attack_2_masquerade
  test  max_speedometer_attack_3
  test  max_speedometer_attack_3_masquerade
  val   reverse_light_off_attack_1
  val   reverse_light_off_attack_1_masquerade
  train reverse_light_off_attack_2
  train reverse_light_off_attack_2_masquerade
  test  reverse_light_off_attack_3
  test  reverse_light_off_attack_3_masquerade
  val   reverse_light_on_attack_1
  val   reverse_light_on_attack_1_masquerade
  train reverse_light_on_attack_2
  train reverse_light_on_attack_2_masquerade
  test  reverse_light_on_attack_3
  test  reverse_light_on_attack_3_masquerade
nodes=107 windows=56742 in 38 sequences
{'train': 33419, 'val': 10452, 'test': 10439}
  train positive rate per horizon: [0.069 0.07  0.072 0.077]
  val positive rate per horizon: [0.15 0.16 0.17 0.19]
  test positive rate per horizon: [0.234 0.24  0.246 0.257]
train positive rate per horizon: [0.069 0.071 0.073 0.078]
params=1.04M
ep   0 loss 1.0038 val_f1(mean over horizons) 0.7208 [0.756, 0.726, 0.711, 0.691] 31.2s
ep   1 loss 0.7768 val_f1(mean over horizons) 0.8927 [0.936, 0.902, 0.877, 0.855] 29.8s
ep   2 loss 0.7630 val_f1(mean over horizons) 0.8555 [0.913, 0.879, 0.848, 0.781] 31.4s
ep   3 loss 0.7463 val_f1(mean over horizons) 0.8260 [0.881, 0.847, 0.819, 0.757] 28.6s
ep   4 loss 0.7368 val_f1(mean over horizons) 0.7828 [0.837, 0.801, 0.774, 0.719] 28.1s
ep   5 loss 0.7336 val_f1(mean over horizons) 0.7626 [0.819, 0.782, 0.754, 0.696] 28.2s
ep   6 loss 0.7293 val_f1(mean over horizons) 0.8244 [0.883, 0.843, 0.816, 0.756] 32.1s
ep   7 loss 0.7300 val_f1(mean over horizons) 0.7941 [0.852, 0.811, 0.782, 0.732] 29.2s
early stop

=== sttf (test) ===
 horizon     subset   pos%       f1  auc_roc   auc_pr    brier      fpr      fnr      mcc
      0s        all  23.40   0.9061   0.9920   0.9796   0.0782   0.0471   0.0438   0.8776
      0s  pre_onset   0.00   0.0000      nan      nan   0.0941   0.0471   0.0000      nan
      1s        all  24.19   0.8994   0.9830   0.9635   0.0812   0.0399   0.0807   0.8667
      1s  pre_onset   1.10   0.0000   0.6767   0.0217   0.1010   0.0399   1.0000  -0.0213
      2s        all  24.98   0.8654   0.9739   0.9291   0.0892   0.0833   0.0464   0.8216
      2s  pre_onset   2.12   0.1447   0.7413   0.0494   0.1133   0.0833   0.6228   0.1484
      5s        all  26.83   0.8546   0.9597   0.8868   0.1164   0.0766   0.0980   0.7995
      5s  pre_onset   4.54   0.1892   0.7847   0.1017   0.1514   0.0766   0.7270   0.1461

=== persistence (test) ===
 horizon     subset   pos%       f1  auc_roc   auc_pr    brier      fpr      fnr      mcc
      0s        all  23.40   1.0000   1.0000   1.0000   0.0000   0.0000   0.0000   1.0000
      0s  pre_onset   0.00   0.0000      nan      nan   0.0000   0.0000   0.0000      nan
      1s        all  24.19   0.9823   0.9826   0.9736   0.0084   0.0000   0.0348   0.9771
      1s  pre_onset   1.10   0.0000   0.5000   0.0110   0.0110   0.0000   1.0000   0.0000
      2s        all  24.98   0.9663   0.9674   0.9511   0.0163   0.0000   0.0652   0.9565
      2s  pre_onset   2.12   0.0000   0.5000   0.0212   0.0212   0.0000   1.0000   0.0000
      5s        all  26.83   0.9307   0.9352   0.9051   0.0348   0.0000   0.1297   0.9115
      5s  pre_onset   4.54   0.0000   0.5000   0.0454   0.0454   0.0000   1.0000   0.0000

=== timing (test) ===
 horizon     subset   pos%       f1  auc_roc   auc_pr    brier      fpr      fnr      mcc
      0s        all  23.40   0.9969   0.9984   0.9967   0.0106   0.0008   0.0037   0.9960
      0s  pre_onset   0.00   0.0000      nan      nan   0.0005   0.0008   0.0000      nan
      1s        all  24.19   0.9220   0.9925   0.9793   0.0350   0.0005   0.1434   0.9039
      1s  pre_onset   1.10   0.0000   0.9139   0.0764   0.0113   0.0005   1.0000  -0.0024
      2s        all  24.98   0.9043   0.9884   0.9698   0.0421   0.0026   0.1682   0.8817
      2s  pre_onset   2.12   0.0000   0.9143   0.1338   0.0213   0.0026   1.0000  -0.0074
      5s        all  26.83   0.8743   0.9865   0.9659   0.0534   0.0186   0.1841   0.8363
      5s  pre_onset   4.54   0.3704   0.9555   0.3976   0.0361   0.0186   0.6839   0.3514

MC-dropout mean predictive variance: 0.00139
detection latency (window-quantised, dt=0.1s): {'episodes': 9, 'detected': 8, 'missed': 1, 'latency_ms_median': 200.0, 'latency_ms_mean': 337.5, 'latency_ms_max': 900.0}
saved -> experiments\road_graph_fold2\20260922-231123
