  test  correlated_signal_attack_1
  test  correlated_signal_attack_1_masquerade
  val   correlated_signal_attack_2
  val   correlated_signal_attack_2_masquerade
  train correlated_signal_attack_3
  train correlated_signal_attack_3_masquerade
  test  fuzzing_attack_1
  val   fuzzing_attack_2
  train fuzzing_attack_3
  test  max_engine_coolant_temp_attack
  test  max_engine_coolant_temp_attack_masquerade
  test  max_speedometer_attack_1
  test  max_speedometer_attack_1_masquerade
  val   max_speedometer_attack_2
  val   max_speedometer_attack_2_masquerade
  train max_speedometer_attack_3
  train max_speedometer_attack_3_masquerade
  test  reverse_light_off_attack_1
  test  reverse_light_off_attack_1_masquerade
  val   reverse_light_off_attack_2
  val   reverse_light_off_attack_2_masquerade
  train reverse_light_off_attack_3
  train reverse_light_off_attack_3_masquerade
  test  reverse_light_on_attack_1
  test  reverse_light_on_attack_1_masquerade
  val   reverse_light_on_attack_2
  val   reverse_light_on_attack_2_masquerade
  train reverse_light_on_attack_3
  train reverse_light_on_attack_3_masquerade
nodes=107 windows=56742 in 38 sequences
{'train': 33844, 'val': 9830, 'test': 10636}
  train positive rate per horizon: [0.072 0.074 0.076 0.079]
  val positive rate per horizon: [0.233 0.239 0.245 0.261]
  test positive rate per horizon: [0.145 0.158 0.167 0.187]
train positive rate per horizon: [0.072 0.074 0.076 0.08 ]
params=1.04M
ep   0 loss 1.4943 val_f1(mean over horizons) 0.4260 [0.423, 0.395, 0.457, 0.430] 11.8s

=== sttf (test) ===
 horizon     subset   pos%       f1  auc_roc   auc_pr    brier      fpr      fnr      mcc
      0s        all  14.50   0.4124   0.8192   0.4081   0.2474   0.0721   0.6297   0.3286
      0s  pre_onset   0.00   0.0000      nan      nan   0.2558   0.0721   0.0000      nan
      1s        all  15.92   0.3915   0.7899   0.3721   0.2645   0.1026   0.6247   0.2826
      1s  pre_onset   1.49   0.0358   0.6683   0.0235   0.2791   0.1026   0.8582   0.0156
      2s        all  17.09   0.3635   0.6759   0.2607   0.2533   0.5003   0.2388   0.1972
      2s  pre_onset   2.73   0.0669   0.5934   0.0328   0.2594   0.5003   0.3471   0.0497
      5s        all  19.68   0.4054   0.7160   0.3656   0.2719   0.1900   0.5486   0.2429
      5s  pre_onset   6.17   0.1417   0.6304   0.0896   0.2872   0.1900   0.7036   0.0645

=== persistence (test) ===
 horizon     subset   pos%       f1  auc_roc   auc_pr    brier      fpr      fnr      mcc
      0s        all  14.50   1.0000   1.0000   1.0000   0.0000   0.0000   0.0000   1.0000
      0s  pre_onset   0.00   0.0000      nan      nan   0.0000   0.0000   0.0000      nan
      1s        all  15.92   0.9584   0.9600   0.9328   0.0127   0.0000   0.0800   0.9520
      1s  pre_onset   1.49   0.0000   0.5000   0.0149   0.0149   0.0000   1.0000   0.0000
      2s        all  17.09   0.9271   0.9320   0.8873   0.0232   0.0000   0.1360   0.9168
      2s  pre_onset   2.73   0.0000   0.5000   0.0273   0.0273   0.0000   1.0000   0.0000
      5s        all  19.68   0.8449   0.8657   0.7843   0.0528   0.0000   0.2685   0.8285
      5s  pre_onset   6.17   0.0000   0.5000   0.0617   0.0617   0.0000   1.0000   0.0000

=== timing (test) ===
 horizon     subset   pos%       f1  auc_roc   auc_pr    brier      fpr      fnr      mcc
      0s        all  14.50   0.9489   1.0000   1.0000   0.0000   0.0000   0.0973   0.9424
      0s  pre_onset   0.00   0.0000      nan      nan   0.0000   0.0000   0.0000      nan
      1s        all  15.92   0.9584   0.9917   0.9745   0.0122   0.0000   0.0800   0.9520
      1s  pre_onset   1.49   0.0000   0.8966   0.1184   0.0142   0.0000   1.0000   0.0000
      2s        all  17.09   0.9060   0.9866   0.9572   0.0218   0.0000   0.1719   0.8943
      2s  pre_onset   2.73   0.0000   0.9013   0.1482   0.0255   0.0000   1.0000   0.0000
      5s        all  19.68   0.8342   0.9782   0.9337   0.0448   0.0414   0.1637   0.7934
      5s  pre_onset   6.17   0.3866   0.9190   0.3491   0.0523   0.0414   0.6098   0.3459

MC-dropout mean predictive variance: 0.00315
detection latency (window-quantised, dt=0.1s): {'episodes': 35, 'detected': 19, 'missed': 16, 'latency_ms_median': 100.0, 'latency_ms_mean': 284.2105263157895, 'latency_ms_max': 1100.0}
saved -> experiments\road_smoke\20260922-224948
