  train    ambient_dyno_drive_basic_long
  test     ambient_dyno_drive_basic_short
  train    ambient_dyno_drive_benign_anomaly
  val      ambient_dyno_drive_extended_long
  train    ambient_dyno_drive_extended_short
  val      ambient_dyno_drive_radio_infotainment
  val      ambient_dyno_drive_winter
  test     ambient_dyno_idle_radio_infotainment
  test     ambient_dyno_reverse
  val      correlated_signal_attack_1
  val      correlated_signal_attack_1_masquerade
  train    correlated_signal_attack_2
  train    correlated_signal_attack_2_masquerade
  test     correlated_signal_attack_3
  test     correlated_signal_attack_3_masquerade
  val      fuzzing_attack_1
  train    fuzzing_attack_2
  test     fuzzing_attack_3
  val      max_engine_coolant_temp_attack
  val      max_engine_coolant_temp_attack_masquerade
  val      max_speedometer_attack_1
  val      max_speedometer_attack_1_masquerade
  train    max_speedometer_attack_2
  train    max_speedometer_attack_2_masquerade
  test     max_speedometer_attack_3
  test     max_speedometer_attack_3_masquerade
  val      reverse_light_off_attack_1
  val      reverse_light_off_attack_1_masquerade
  train    reverse_light_off_attack_2
  train    reverse_light_off_attack_2_masquerade
  test     reverse_light_off_attack_3
  test     reverse_light_off_attack_3_masquerade
  val      reverse_light_on_attack_1
  val      reverse_light_on_attack_1_masquerade
  train    reverse_light_on_attack_2
  train    reverse_light_on_attack_2_masquerade
  test     reverse_light_on_attack_3
  test     reverse_light_on_attack_3_masquerade
nodes=107 windows=56742 in 38 sequences
{'train': 24596, 'val': 15506, 'test': 15918}
  train positive rate per horizon: [0.093 0.096 0.098 0.104]
  val positive rate per horizon: [0.101 0.108 0.115 0.128]
  test positive rate per horizon: [0.153 0.157 0.161 0.169]
train positive rate per horizon: [0.093 0.096 0.099 0.107]
params=1.05M
ep   0 loss 0.7601 val_f1(mean over horizons) 0.6973 [0.691, 0.713, 0.715, 0.671] 36.9s
ep   1 loss 0.6146 val_f1(mean over horizons) 0.8922 [0.956, 0.925, 0.877, 0.810] 36.4s
ep   2 loss 0.6074 val_f1(mean over horizons) 0.8438 [0.963, 0.845, 0.808, 0.759] 36.4s
ep   3 loss 0.5959 val_f1(mean over horizons) 0.9176 [0.965, 0.930, 0.903, 0.873] 36.5s
ep   4 loss 0.5929 val_f1(mean over horizons) 0.8802 [0.968, 0.916, 0.868, 0.769] 37.6s
ep   5 loss 0.5886 val_f1(mean over horizons) 0.8686 [0.952, 0.871, 0.855, 0.796] 39.1s
ep   6 loss 0.5885 val_f1(mean over horizons) 0.8969 [0.968, 0.934, 0.894, 0.791] 39.3s
ep   7 loss 0.5854 val_f1(mean over horizons) 0.9085 [0.969, 0.932, 0.893, 0.840] 38.2s
ep   8 loss 0.5854 val_f1(mean over horizons) 0.9019 [0.970, 0.927, 0.883, 0.827] 36.7s
ep   9 loss 0.5857 val_f1(mean over horizons) 0.9003 [0.970, 0.926, 0.881, 0.824] 36.4s
early stop

=== sttf (test) ===
 horizon     subset   pos%       f1  auc_roc   auc_pr    brier      fpr      fnr      mcc
      0s        all  15.35   0.9821   0.9996   0.9989   0.0351   0.0060   0.0033   0.9789
      0s  pre_onset   0.00   0.0000      nan      nan   0.0400   0.0060   0.0000      nan
      1s        all  15.84   0.9748   0.9643   0.9677   0.0358   0.0018   0.0400   0.9704
      1s  pre_onset   0.65   0.0000   0.0694   0.0035   0.0407   0.0018   1.0000  -0.0034
      2s        all  16.35   0.9572   0.9499   0.9466   0.0408   0.0008   0.0784   0.9503
      2s  pre_onset   1.26   0.0000   0.2587   0.0080   0.0466   0.0008   1.0000  -0.0031
      5s        all  17.51   0.9256   0.9936   0.9770   0.0533   0.0013   0.1330   0.9141
      5s  pre_onset   2.68   0.0270   0.9514   0.2861   0.0619   0.0013   0.9856   0.0511

=== persistence (test) ===
 horizon     subset   pos%       f1  auc_roc   auc_pr    brier      fpr      fnr      mcc
      0s        all  15.35   1.0000   1.0000   1.0000   0.0000   0.0000   0.0000   1.0000
      0s  pre_onset   0.00   0.0000      nan      nan   0.0000   0.0000   0.0000      nan
      1s        all  15.84   0.9823   0.9826   0.9707   0.0055   0.0000   0.0348   0.9793
      1s  pre_onset   0.65   0.0000   0.5000   0.0065   0.0065   0.0000   1.0000   0.0000
      2s        all  16.35   0.9663   0.9674   0.9455   0.0107   0.0000   0.0652   0.9608
      2s  pre_onset   1.26   0.0000   0.5000   0.0126   0.0126   0.0000   1.0000   0.0000
      5s        all  17.51   0.9307   0.9352   0.8930   0.0227   0.0000   0.1297   0.9203
      5s  pre_onset   2.68   0.0000   0.5000   0.0268   0.0268   0.0000   1.0000   0.0000

=== timing (test) ===
 horizon     subset   pos%       f1  auc_roc   auc_pr    brier      fpr      fnr      mcc
      0s        all  15.35   0.9405   0.9974   0.9872   0.0172   0.0003   0.1109   0.9325
      0s  pre_onset   0.00   0.0000      nan      nan   0.0003   0.0003   0.0000      nan
      1s        all  15.84   0.9243   0.9911   0.9647   0.0231   0.0003   0.1394   0.9147
      1s  pre_onset   0.65   0.0000   0.9021   0.0440   0.0076   0.0003   1.0000  -0.0014
      2s        all  16.35   0.9097   0.9865   0.9507   0.0283   0.0003   0.1643   0.8988
      2s  pre_onset   1.26   0.0000   0.9054   0.0765   0.0143   0.0003   1.0000  -0.0020
      5s        all  17.51   0.8714   0.9845   0.9432   0.0355   0.0039   0.2139   0.8546
      5s  pre_onset   2.68   0.0681   0.9439   0.2267   0.0233   0.0039   0.9598   0.0845

MC-dropout mean predictive variance: 0.00076
detection latency (window-quantised, dt=0.1s): {'episodes': 9, 'detected': 9, 'missed': 0, 'latency_ms_median': 100.0, 'latency_ms_mean': 77.77777777777779, 'latency_ms_max': 200.0}
saved -> experiments\road_v3_graph_fold2\20260923-043127
