  train    ambient_dyno_drive_basic_long
  test     ambient_dyno_drive_basic_short
  train    ambient_dyno_drive_benign_anomaly
  val      ambient_dyno_drive_extended_long
  train    ambient_dyno_drive_extended_short
  val      ambient_dyno_drive_radio_infotainment
  val      ambient_dyno_drive_winter
  test     ambient_dyno_idle_radio_infotainment
  test     ambient_dyno_reverse
  val      correlated_signal_attack_1
  val      correlated_signal_attack_1_masquerade
  train    correlated_signal_attack_2
  train    correlated_signal_attack_2_masquerade
  test     correlated_signal_attack_3
  test     correlated_signal_attack_3_masquerade
  val      fuzzing_attack_1
  train    fuzzing_attack_2
  test     fuzzing_attack_3
  val      max_engine_coolant_temp_attack
  val      max_engine_coolant_temp_attack_masquerade
  val      max_speedometer_attack_1
  val      max_speedometer_attack_1_masquerade
  train    max_speedometer_attack_2
  train    max_speedometer_attack_2_masquerade
  test     max_speedometer_attack_3
  test     max_speedometer_attack_3_masquerade
  val      reverse_light_off_attack_1
  val      reverse_light_off_attack_1_masquerade
  train    reverse_light_off_attack_2
  train    reverse_light_off_attack_2_masquerade
  test     reverse_light_off_attack_3
  test     reverse_light_off_attack_3_masquerade
  val      reverse_light_on_attack_1
  val      reverse_light_on_attack_1_masquerade
  train    reverse_light_on_attack_2
  train    reverse_light_on_attack_2_masquerade
  test     reverse_light_on_attack_3
  test     reverse_light_on_attack_3_masquerade
nodes=107 windows=56742 in 38 sequences
{'train': 24596, 'val': 15506, 'test': 15918}
  train positive rate per horizon: [0.093 0.096 0.098 0.104]
  val positive rate per horizon: [0.101 0.108 0.115 0.128]
  test positive rate per horizon: [0.153 0.157 0.161 0.169]
train positive rate per horizon: [0.093 0.096 0.099 0.107]
params=1.05M
ep   0 loss 0.7584 val_f1(mean over horizons) 0.7953 [0.794, 0.792, 0.790, 0.805] 32.0s
ep   1 loss 0.6208 val_f1(mean over horizons) 0.8460 [0.914, 0.844, 0.817, 0.809] 31.7s
ep   2 loss 0.6023 val_f1(mean over horizons) 0.7994 [0.879, 0.788, 0.746, 0.784] 31.5s
ep   3 loss 0.5993 val_f1(mean over horizons) 0.8178 [0.846, 0.807, 0.800, 0.819] 31.6s
ep   4 loss 0.5901 val_f1(mean over horizons) 0.8619 [0.895, 0.865, 0.830, 0.858] 31.8s
ep   5 loss 0.5882 val_f1(mean over horizons) 0.8446 [0.906, 0.825, 0.812, 0.835] 31.7s
ep   6 loss 0.5878 val_f1(mean over horizons) 0.8875 [0.947, 0.882, 0.862, 0.859] 32.4s
ep   7 loss 0.5854 val_f1(mean over horizons) 0.8702 [0.946, 0.867, 0.830, 0.838] 36.5s
ep   8 loss 0.5843 val_f1(mean over horizons) 0.8869 [0.949, 0.890, 0.862, 0.848] 36.5s
ep   9 loss 0.5857 val_f1(mean over horizons) 0.8848 [0.945, 0.887, 0.859, 0.848] 31.7s
ep  10 loss 0.6036 val_f1(mean over horizons) 0.8422 [0.923, 0.845, 0.809, 0.791] 31.6s
ep  11 loss 0.5937 val_f1(mean over horizons) 0.8669 [0.908, 0.854, 0.847, 0.858] 31.6s
ep  12 loss 0.5899 val_f1(mean over horizons) 0.7817 [0.893, 0.727, 0.739, 0.768] 31.7s
early stop

=== sttf (test) ===
 horizon     subset   pos%       f1  auc_roc   auc_pr    brier      fpr      fnr      mcc
      0s        all  15.35   0.9502   0.9995   0.9982   0.0377   0.0001   0.0946   0.9432
      0s  pre_onset   0.00   0.0000      nan      nan   0.0385   0.0001   0.0000      nan
      1s        all  15.84   0.9241   0.9890   0.9829   0.0404   0.0000   0.1410   0.9147
      1s  pre_onset   0.65   0.0000   0.7177   0.0854   0.0410   0.0000   1.0000   0.0000
      2s        all  16.35   0.8991   0.9692   0.9628   0.0422   0.0000   0.1834   0.8879
      2s  pre_onset   1.26   0.0000   0.5927   0.2412   0.0427   0.0000   1.0000   0.0000
      5s        all  17.51   0.8590   0.9914   0.9619   0.0609   0.0300   0.1408   0.8291
      5s  pre_onset   2.68   0.2354   0.9586   0.3549   0.0675   0.0300   0.7213   0.2138

=== persistence (test) ===
 horizon     subset   pos%       f1  auc_roc   auc_pr    brier      fpr      fnr      mcc
      0s        all  15.35   1.0000   1.0000   1.0000   0.0000   0.0000   0.0000   1.0000
      0s  pre_onset   0.00   0.0000      nan      nan   0.0000   0.0000   0.0000      nan
      1s        all  15.84   0.9823   0.9826   0.9707   0.0055   0.0000   0.0348   0.9793
      1s  pre_onset   0.65   0.0000   0.5000   0.0065   0.0065   0.0000   1.0000   0.0000
      2s        all  16.35   0.9663   0.9674   0.9455   0.0107   0.0000   0.0652   0.9608
      2s  pre_onset   1.26   0.0000   0.5000   0.0126   0.0126   0.0000   1.0000   0.0000
      5s        all  17.51   0.9307   0.9352   0.8930   0.0227   0.0000   0.1297   0.9203
      5s  pre_onset   2.68   0.0000   0.5000   0.0268   0.0268   0.0000   1.0000   0.0000

=== timing (test) ===
 horizon     subset   pos%       f1  auc_roc   auc_pr    brier      fpr      fnr      mcc
      0s        all  15.35   0.9405   0.9974   0.9872   0.0172   0.0003   0.1109   0.9325
      0s  pre_onset   0.00   0.0000      nan      nan   0.0003   0.0003   0.0000      nan
      1s        all  15.84   0.9243   0.9911   0.9647   0.0231   0.0003   0.1394   0.9147
      1s  pre_onset   0.65   0.0000   0.9021   0.0440   0.0076   0.0003   1.0000  -0.0014
      2s        all  16.35   0.9097   0.9865   0.9507   0.0283   0.0003   0.1643   0.8988
      2s  pre_onset   1.26   0.0000   0.9054   0.0765   0.0143   0.0003   1.0000  -0.0020
      5s        all  17.51   0.8714   0.9845   0.9432   0.0355   0.0039   0.2139   0.8546
      5s  pre_onset   2.68   0.0681   0.9439   0.2267   0.0233   0.0039   0.9598   0.0845

MC-dropout mean predictive variance: 0.00100
detection latency (window-quantised, dt=0.1s): {'episodes': 9, 'detected': 9, 'missed': 0, 'latency_ms_median': 700.0000000000001, 'latency_ms_mean': 644.4444444444443, 'latency_ms_max': 1200.0000000000002}
saved -> experiments\road_v3_graph_s2_fold2\20260926-110339
