  test     ambient_dyno_drive_basic_long
  val      ambient_dyno_drive_basic_short
  test     ambient_dyno_drive_benign_anomaly
  train    ambient_dyno_drive_extended_long
  test     ambient_dyno_drive_extended_short
  train    ambient_dyno_drive_radio_infotainment
  train    ambient_dyno_drive_winter
  val      ambient_dyno_idle_radio_infotainment
  val      ambient_dyno_reverse
  test     correlated_signal_attack_1
  test     correlated_signal_attack_1_masquerade
  val      correlated_signal_attack_2
  val      correlated_signal_attack_2_masquerade
  train    correlated_signal_attack_3
  train    correlated_signal_attack_3_masquerade
  test     fuzzing_attack_1
  val      fuzzing_attack_2
  train    fuzzing_attack_3
  test     max_engine_coolant_temp_attack
  test     max_engine_coolant_temp_attack_masquerade
  test     max_speedometer_attack_1
  test     max_speedometer_attack_1_masquerade
  val      max_speedometer_attack_2
  val      max_speedometer_attack_2_masquerade
  train    max_speedometer_attack_3
  train    max_speedometer_attack_3_masquerade
  test     reverse_light_off_attack_1
  test     reverse_light_off_attack_1_masquerade
  val      reverse_light_off_attack_2
  val      reverse_light_off_attack_2_masquerade
  train    reverse_light_off_attack_3
  train    reverse_light_off_attack_3_masquerade
  test     reverse_light_on_attack_1
  test     reverse_light_on_attack_1_masquerade
  val      reverse_light_on_attack_2
  val      reverse_light_on_attack_2_masquerade
  train    reverse_light_on_attack_3
  train    reverse_light_on_attack_3_masquerade
nodes=107 windows=56742 in 38 sequences
{'train': 15309, 'val': 15493, 'test': 25218}
  train positive rate per horizon: [0.16  0.163 0.167 0.175]
  val positive rate per horizon: [0.148 0.152 0.156 0.166]
  test positive rate per horizon: [0.062 0.066 0.071 0.079]
train positive rate per horizon: [0.16  0.165 0.17  0.182]
params=1.05M
ep   0 loss 0.5444 val_f1(mean over horizons) 0.8676 [0.890, 0.864, 0.868, 0.848] 34.8s
ep   1 loss 0.4235 val_f1(mean over horizons) 0.9521 [0.977, 0.954, 0.954, 0.923] 31.6s
ep   2 loss 0.4032 val_f1(mean over horizons) 0.9470 [0.965, 0.961, 0.950, 0.912] 31.4s
ep   3 loss 0.3982 val_f1(mean over horizons) 0.9279 [0.966, 0.954, 0.903, 0.888] 31.4s
ep   4 loss 0.3946 val_f1(mean over horizons) 0.9208 [0.953, 0.952, 0.935, 0.843] 31.5s
ep   5 loss 0.3920 val_f1(mean over horizons) 0.9267 [0.962, 0.951, 0.921, 0.873] 31.7s
ep   6 loss 0.3909 val_f1(mean over horizons) 0.9184 [0.987, 0.933, 0.903, 0.851] 31.9s
ep   7 loss 0.3889 val_f1(mean over horizons) 0.9344 [0.979, 0.965, 0.908, 0.886] 31.8s
early stop

=== sttf (test) ===
 horizon     subset   pos%       f1  auc_roc   auc_pr    brier      fpr      fnr      mcc
      0s        all   6.21   0.8348   0.9598   0.8993   0.0318   0.0191   0.0773   0.8271
      0s  pre_onset   0.00   0.0000      nan      nan   0.0301   0.0191   0.0000      nan
      1s        all   6.68   0.8391   0.9408   0.8676   0.0335   0.0124   0.1521   0.8275
      1s  pre_onset   0.47   0.0000   0.6282   0.0073   0.0319   0.0124   1.0000  -0.0077
      2s        all   7.14   0.7855   0.9385   0.8289   0.0362   0.0208   0.1781   0.7691
      2s  pre_onset   0.94   0.0391   0.7161   0.0199   0.0349   0.0208   0.9364   0.0287
      5s        all   8.10   0.7608   0.9249   0.7667   0.0464   0.0140   0.2887   0.7434
      5s  pre_onset   2.29   0.0419   0.7518   0.0721   0.0480   0.0140   0.9658   0.0253

=== persistence (test) ===
 horizon     subset   pos%       f1  auc_roc   auc_pr    brier      fpr      fnr      mcc
      0s        all   6.21   1.0000   1.0000   1.0000   0.0000   0.0000   0.0000   1.0000
      0s  pre_onset   0.00   0.0000      nan      nan   0.0000   0.0000   0.0000      nan
      1s        all   6.68   0.9661   0.9672   0.9388   0.0044   0.0000   0.0656   0.9644
      1s  pre_onset   0.47   0.0000   0.5000   0.0047   0.0047   0.0000   1.0000   0.0000
      2s        all   7.14   0.9341   0.9382   0.8852   0.0088   0.0000   0.1236   0.9317
      2s  pre_onset   0.94   0.0000   0.5000   0.0094   0.0094   0.0000   1.0000   0.0000
      5s        all   8.10   0.8469   0.8673   0.7560   0.0215   0.0000   0.2655   0.8472
      5s  pre_onset   2.29   0.0000   0.5000   0.0229   0.0229   0.0000   1.0000   0.0000

=== timing (test) ===
 horizon     subset   pos%       f1  auc_roc   auc_pr    brier      fpr      fnr      mcc
      0s        all   6.21   0.9930   0.9969   0.9875   0.0009   0.0005   0.0070   0.9925
      0s  pre_onset   0.00   0.0000      nan      nan   0.0005   0.0005   0.0000      nan
      1s        all   6.68   0.9593   0.9960   0.9668   0.0056   0.0005   0.0722   0.9571
      1s  pre_onset   0.47   0.0000   0.9481   0.0682   0.0056   0.0005   1.0000  -0.0015
      2s        all   7.14   0.9281   0.9920   0.9424   0.0102   0.0004   0.1298   0.9253
      2s  pre_onset   0.94   0.0000   0.9401   0.0940   0.0104   0.0004   1.0000  -0.0019
      5s        all   8.10   0.8420   0.9852   0.9008   0.0195   0.0002   0.2710   0.8422
      5s  pre_onset   2.29   0.0000   0.9457   0.2031   0.0204   0.0002   1.0000  -0.0023

MC-dropout mean predictive variance: 0.00192
detection latency (window-quantised, dt=0.1s): {'episodes': 11, 'detected': 9, 'missed': 2, 'latency_ms_median': 300.00000000000006, 'latency_ms_mean': 222.2222222222222, 'latency_ms_max': 500.0}
saved -> experiments\road_v3_graph_s2_fold0\20260926-104052
