  val   correlated_signal_attack_1
  val   correlated_signal_attack_1_masquerade
  train correlated_signal_attack_2
  train correlated_signal_attack_2_masquerade
  test  correlated_signal_attack_3
  test  correlated_signal_attack_3_masquerade
  val   fuzzing_attack_1
  train fuzzing_attack_2
  test  fuzzing_attack_3
  val   max_engine_coolant_temp_attack
  val   max_engine_coolant_temp_attack_masquerade
  val   max_speedometer_attack_1
  val   max_speedometer_attack_1_masquerade
  train max_speedometer_attack_2
  train max_speedometer_attack_2_masquerade
  test  max_speedometer_attack_3
  test  max_speedometer_attack_3_masquerade
  val   reverse_light_off_attack_1
  val   reverse_light_off_attack_1_masquerade
  train reverse_light_off_attack_2
  train reverse_light_off_attack_2_masquerade
  test  reverse_light_off_attack_3
  test  reverse_light_off_attack_3_masquerade
  val   reverse_light_on_attack_1
  val   reverse_light_on_attack_1_masquerade
  train reverse_light_on_attack_2
  train reverse_light_on_attack_2_masquerade
  test  reverse_light_on_attack_3
  test  reverse_light_on_attack_3_masquerade
nodes=107 windows=56742 in 38 sequences
{'train': 33419, 'val': 10452, 'test': 10439}
  train positive rate per horizon: [0.069 0.07  0.072 0.077]
  val positive rate per horizon: [0.15 0.16 0.17 0.19]
  test positive rate per horizon: [0.234 0.24  0.246 0.257]
train positive rate per horizon: [0.069 0.071 0.073 0.078]
params=1.05M
ep   0 loss 0.9434 val_f1(mean over horizons) 0.7430 [0.745, 0.737, 0.741, 0.749] 31.5s
ep   1 loss 0.8034 val_f1(mean over horizons) 0.6719 [0.645, 0.665, 0.658, 0.719] 30.6s
ep   2 loss 0.7671 val_f1(mean over horizons) 0.7127 [0.696, 0.700, 0.713, 0.743] 30.6s
ep   3 loss 0.7501 val_f1(mean over horizons) 0.6402 [0.619, 0.620, 0.630, 0.692] 30.7s
ep   4 loss 0.7406 val_f1(mean over horizons) 0.5706 [0.549, 0.561, 0.573, 0.599] 30.7s
ep   5 loss 0.7430 val_f1(mean over horizons) 0.6814 [0.665, 0.677, 0.686, 0.699] 31.0s
ep   6 loss 0.7317 val_f1(mean over horizons) 0.7136 [0.698, 0.711, 0.721, 0.725] 31.1s
early stop

=== sttf (test) ===
 horizon     subset   pos%       f1  auc_roc   auc_pr    brier      fpr      fnr      mcc
      0s        all  23.40   0.8860   0.9871   0.9625   0.0756   0.0154   0.1646   0.8565
      0s  pre_onset   0.00   0.0000      nan      nan   0.0786   0.0154   0.0000      nan
      1s        all  24.19   0.8719   0.9863   0.9615   0.0802   0.0103   0.2022   0.8418
      1s  pre_onset   1.10   0.0800   0.9424   0.0963   0.0871   0.0103   0.9195   0.0697
      2s        all  24.98   0.8623   0.9867   0.9628   0.0760   0.0185   0.2002   0.8253
      2s  pre_onset   2.12   0.1386   0.9494   0.1792   0.0823   0.0185   0.8623   0.1200
      5s        all  26.83   0.8541   0.9877   0.9646   0.0747   0.1253   0.0000   0.8074
      5s  pre_onset   4.54   0.4315   0.9649   0.4155   0.0874   0.1253   0.0000   0.4905

=== persistence (test) ===
 horizon     subset   pos%       f1  auc_roc   auc_pr    brier      fpr      fnr      mcc
      0s        all  23.40   1.0000   1.0000   1.0000   0.0000   0.0000   0.0000   1.0000
      0s  pre_onset   0.00   0.0000      nan      nan   0.0000   0.0000   0.0000      nan
      1s        all  24.19   0.9823   0.9826   0.9736   0.0084   0.0000   0.0348   0.9771
      1s  pre_onset   1.10   0.0000   0.5000   0.0110   0.0110   0.0000   1.0000   0.0000
      2s        all  24.98   0.9663   0.9674   0.9511   0.0163   0.0000   0.0652   0.9565
      2s  pre_onset   2.12   0.0000   0.5000   0.0212   0.0212   0.0000   1.0000   0.0000
      5s        all  26.83   0.9307   0.9352   0.9051   0.0348   0.0000   0.1297   0.9115
      5s  pre_onset   4.54   0.0000   0.5000   0.0454   0.0454   0.0000   1.0000   0.0000

=== timing (test) ===
 horizon     subset   pos%       f1  auc_roc   auc_pr    brier      fpr      fnr      mcc
      0s        all  23.40   0.9969   0.9984   0.9967   0.0106   0.0008   0.0037   0.9960
      0s  pre_onset   0.00   0.0000      nan      nan   0.0005   0.0008   0.0000      nan
      1s        all  24.19   0.9220   0.9925   0.9793   0.0350   0.0005   0.1434   0.9039
      1s  pre_onset   1.10   0.0000   0.9139   0.0764   0.0113   0.0005   1.0000  -0.0024
      2s        all  24.98   0.9043   0.9884   0.9698   0.0421   0.0026   0.1682   0.8817
      2s  pre_onset   2.12   0.0000   0.9143   0.1338   0.0213   0.0026   1.0000  -0.0074
      5s        all  26.83   0.8743   0.9865   0.9659   0.0534   0.0186   0.1841   0.8363
      5s  pre_onset   4.54   0.3704   0.9555   0.3976   0.0361   0.0186   0.6839   0.3514

MC-dropout mean predictive variance: 0.00119
detection latency (window-quantised, dt=0.1s): {'episodes': 9, 'detected': 8, 'missed': 1, 'latency_ms_median': 800.0, 'latency_ms_mean': 562.5, 'latency_ms_max': 1200.0000000000002}
saved -> experiments\road_v2_nograph_fold2\20260923-032319
