  train    ambient_dyno_drive_basic_long
  test     ambient_dyno_drive_basic_short
  train    ambient_dyno_drive_benign_anomaly
  val      ambient_dyno_drive_extended_long
  train    ambient_dyno_drive_extended_short
  val      ambient_dyno_drive_radio_infotainment
  val      ambient_dyno_drive_winter
  test     ambient_dyno_idle_radio_infotainment
  test     ambient_dyno_reverse
  val      correlated_signal_attack_1
  val      correlated_signal_attack_1_masquerade
  train    correlated_signal_attack_2
  train    correlated_signal_attack_2_masquerade
  test     correlated_signal_attack_3
  test     correlated_signal_attack_3_masquerade
  val      fuzzing_attack_1
  train    fuzzing_attack_2
  test     fuzzing_attack_3
  val      max_engine_coolant_temp_attack
  val      max_engine_coolant_temp_attack_masquerade
  val      max_speedometer_attack_1
  val      max_speedometer_attack_1_masquerade
  train    max_speedometer_attack_2
  train    max_speedometer_attack_2_masquerade
  test     max_speedometer_attack_3
  test     max_speedometer_attack_3_masquerade
  val      reverse_light_off_attack_1
  val      reverse_light_off_attack_1_masquerade
  train    reverse_light_off_attack_2
  train    reverse_light_off_attack_2_masquerade
  test     reverse_light_off_attack_3
  test     reverse_light_off_attack_3_masquerade
  val      reverse_light_on_attack_1
  val      reverse_light_on_attack_1_masquerade
  train    reverse_light_on_attack_2
  train    reverse_light_on_attack_2_masquerade
  test     reverse_light_on_attack_3
  test     reverse_light_on_attack_3_masquerade
nodes=107 windows=56742 in 38 sequences
{'train': 24596, 'val': 15506, 'test': 15918}
  train positive rate per horizon: [0.093 0.096 0.098 0.104]
  val positive rate per horizon: [0.101 0.108 0.115 0.128]
  test positive rate per horizon: [0.153 0.157 0.161 0.169]
train positive rate per horizon: [0.093 0.096 0.099 0.107]
params=1.05M
ep   0 loss 0.8044 val_f1(mean over horizons) 0.8588 [0.883, 0.891, 0.879, 0.783] 33.6s
ep   1 loss 0.6102 val_f1(mean over horizons) 0.8994 [0.956, 0.924, 0.905, 0.813] 31.3s
ep   2 loss 0.6008 val_f1(mean over horizons) 0.8656 [0.949, 0.850, 0.837, 0.826] 31.2s
ep   3 loss 0.5927 val_f1(mean over horizons) 0.8295 [0.945, 0.829, 0.793, 0.751] 31.4s
ep   4 loss 0.5913 val_f1(mean over horizons) 0.8495 [0.967, 0.828, 0.825, 0.779] 31.0s
ep   5 loss 0.5859 val_f1(mean over horizons) 0.8640 [0.964, 0.860, 0.833, 0.800] 31.3s
ep   6 loss 0.5847 val_f1(mean over horizons) 0.8825 [0.967, 0.896, 0.860, 0.806] 31.2s
ep   7 loss 0.5846 val_f1(mean over horizons) 0.8941 [0.966, 0.900, 0.875, 0.836] 31.2s
early stop

=== sttf (test) ===
 horizon     subset   pos%       f1  auc_roc   auc_pr    brier      fpr      fnr      mcc
      0s        all  15.35   0.9653   0.9964   0.9943   0.0274   0.0002   0.0659   0.9600
      0s  pre_onset   0.00   0.0000      nan      nan   0.0298   0.0002   0.0000      nan
      1s        all  15.84   0.9457   0.9637   0.9660   0.0333   0.0002   0.1019   0.9380
      1s  pre_onset   0.65   0.0000   0.0560   0.0036   0.0366   0.0002   1.0000  -0.0012
      2s        all  16.35   0.9488   0.9927   0.9802   0.0421   0.0009   0.0933   0.9407
      2s  pre_onset   1.26   0.0000   0.8950   0.1520   0.0473   0.0009   1.0000  -0.0034
      5s        all  17.51   0.9061   0.9928   0.9705   0.0628   0.0009   0.1680   0.8933
      5s  pre_onset   2.68   0.0000   0.9533   0.2509   0.0724   0.0009   1.0000  -0.0050

=== persistence (test) ===
 horizon     subset   pos%       f1  auc_roc   auc_pr    brier      fpr      fnr      mcc
      0s        all  15.35   1.0000   1.0000   1.0000   0.0000   0.0000   0.0000   1.0000
      0s  pre_onset   0.00   0.0000      nan      nan   0.0000   0.0000   0.0000      nan
      1s        all  15.84   0.9823   0.9826   0.9707   0.0055   0.0000   0.0348   0.9793
      1s  pre_onset   0.65   0.0000   0.5000   0.0065   0.0065   0.0000   1.0000   0.0000
      2s        all  16.35   0.9663   0.9674   0.9455   0.0107   0.0000   0.0652   0.9608
      2s  pre_onset   1.26   0.0000   0.5000   0.0126   0.0126   0.0000   1.0000   0.0000
      5s        all  17.51   0.9307   0.9352   0.8930   0.0227   0.0000   0.1297   0.9203
      5s  pre_onset   2.68   0.0000   0.5000   0.0268   0.0268   0.0000   1.0000   0.0000

=== timing (test) ===
 horizon     subset   pos%       f1  auc_roc   auc_pr    brier      fpr      fnr      mcc
      0s        all  15.35   0.9405   0.9974   0.9872   0.0172   0.0003   0.1109   0.9325
      0s  pre_onset   0.00   0.0000      nan      nan   0.0003   0.0003   0.0000      nan
      1s        all  15.84   0.9243   0.9911   0.9647   0.0231   0.0003   0.1394   0.9147
      1s  pre_onset   0.65   0.0000   0.9021   0.0440   0.0076   0.0003   1.0000  -0.0014
      2s        all  16.35   0.9097   0.9865   0.9507   0.0283   0.0003   0.1643   0.8988
      2s  pre_onset   1.26   0.0000   0.9054   0.0765   0.0143   0.0003   1.0000  -0.0020
      5s        all  17.51   0.8714   0.9845   0.9432   0.0355   0.0039   0.2139   0.8546
      5s  pre_onset   2.68   0.0681   0.9439   0.2267   0.0233   0.0039   0.9598   0.0845

MC-dropout mean predictive variance: 0.00099
detection latency (window-quantised, dt=0.1s): {'episodes': 9, 'detected': 9, 'missed': 0, 'latency_ms_median': 600.0000000000001, 'latency_ms_mean': 733.3333333333334, 'latency_ms_max': 1500.0}
saved -> experiments\road_v3_graph_s1_fold2\20260926-095230
