  val   correlated_signal_attack_1
  val   correlated_signal_attack_1_masquerade
  train correlated_signal_attack_2
  train correlated_signal_attack_2_masquerade
  test  correlated_signal_attack_3
  test  correlated_signal_attack_3_masquerade
  val   fuzzing_attack_1
  train fuzzing_attack_2
  test  fuzzing_attack_3
  val   max_engine_coolant_temp_attack
  val   max_engine_coolant_temp_attack_masquerade
  val   max_speedometer_attack_1
  val   max_speedometer_attack_1_masquerade
  train max_speedometer_attack_2
  train max_speedometer_attack_2_masquerade
  test  max_speedometer_attack_3
  test  max_speedometer_attack_3_masquerade
  val   reverse_light_off_attack_1
  val   reverse_light_off_attack_1_masquerade
  train reverse_light_off_attack_2
  train reverse_light_off_attack_2_masquerade
  test  reverse_light_off_attack_3
  test  reverse_light_off_attack_3_masquerade
  val   reverse_light_on_attack_1
  val   reverse_light_on_attack_1_masquerade
  train reverse_light_on_attack_2
  train reverse_light_on_attack_2_masquerade
  test  reverse_light_on_attack_3
  test  reverse_light_on_attack_3_masquerade
nodes=107 windows=56742 in 38 sequences
{'train': 33419, 'val': 10452, 'test': 10439}
  train positive rate per horizon: [0.069 0.07  0.072 0.077]
  val positive rate per horizon: [0.15 0.16 0.17 0.19]
  test positive rate per horizon: [0.234 0.24  0.246 0.257]
train positive rate per horizon: [0.069 0.071 0.073 0.078]
params=1.05M
ep   0 loss 0.8902 val_f1(mean over horizons) 0.7065 [0.637, 0.700, 0.723, 0.766] 35.5s
ep   1 loss 0.7618 val_f1(mean over horizons) 0.8714 [0.914, 0.890, 0.873, 0.809] 34.5s
ep   2 loss 0.7506 val_f1(mean over horizons) 0.8722 [0.921, 0.903, 0.862, 0.803] 34.1s
ep   3 loss 0.7405 val_f1(mean over horizons) 0.8628 [0.949, 0.874, 0.841, 0.787] 31.4s
ep   4 loss 0.7364 val_f1(mean over horizons) 0.8508 [0.853, 0.869, 0.863, 0.818] 31.5s
ep   5 loss 0.7318 val_f1(mean over horizons) 0.9013 [0.956, 0.923, 0.897, 0.829] 31.5s
ep   6 loss 0.7290 val_f1(mean over horizons) 0.8922 [0.964, 0.925, 0.884, 0.796] 31.3s
ep   7 loss 0.7282 val_f1(mean over horizons) 0.9051 [0.961, 0.926, 0.896, 0.838] 31.3s
ep   8 loss 0.7253 val_f1(mean over horizons) 0.8975 [0.964, 0.929, 0.893, 0.804] 31.3s
ep   9 loss 0.7237 val_f1(mean over horizons) 0.8941 [0.960, 0.922, 0.889, 0.806] 31.2s
ep  10 loss 0.7423 val_f1(mean over horizons) 0.8500 [0.863, 0.890, 0.847, 0.800] 31.5s
ep  11 loss 0.7314 val_f1(mean over horizons) 0.8488 [0.914, 0.843, 0.847, 0.791] 31.4s
ep  12 loss 0.7307 val_f1(mean over horizons) 0.7810 [0.853, 0.756, 0.727, 0.788] 31.6s
ep  13 loss 0.7327 val_f1(mean over horizons) 0.8828 [0.949, 0.905, 0.874, 0.803] 33.4s
early stop

=== sttf (test) ===
 horizon     subset   pos%       f1  auc_roc   auc_pr    brier      fpr      fnr      mcc
      0s        all  23.40   0.9896   0.9996   0.9992   0.0528   0.0031   0.0106   0.9864
      0s  pre_onset   0.00   0.0000      nan      nan   0.0663   0.0031   0.0000      nan
      1s        all  24.19   0.9691   0.9787   0.9776   0.0567   0.0018   0.0547   0.9601
      1s  pre_onset   1.10   0.0000   0.3983   0.0091   0.0709   0.0018   1.0000  -0.0044
      2s        all  24.98   0.9529   0.9682   0.9653   0.0599   0.0019   0.0847   0.9394
      2s  pre_onset   2.12   0.0000   0.5166   0.0304   0.0752   0.0019   1.0000  -0.0064
      5s        all  26.83   0.9191   0.9918   0.9804   0.0655   0.0004   0.1487   0.8977
      5s  pre_onset   4.54   0.1526   0.9393   0.3646   0.0827   0.0004   0.9167   0.2677

=== persistence (test) ===
 horizon     subset   pos%       f1  auc_roc   auc_pr    brier      fpr      fnr      mcc
      0s        all  23.40   1.0000   1.0000   1.0000   0.0000   0.0000   0.0000   1.0000
      0s  pre_onset   0.00   0.0000      nan      nan   0.0000   0.0000   0.0000      nan
      1s        all  24.19   0.9823   0.9826   0.9736   0.0084   0.0000   0.0348   0.9771
      1s  pre_onset   1.10   0.0000   0.5000   0.0110   0.0110   0.0000   1.0000   0.0000
      2s        all  24.98   0.9663   0.9674   0.9511   0.0163   0.0000   0.0652   0.9565
      2s  pre_onset   2.12   0.0000   0.5000   0.0212   0.0212   0.0000   1.0000   0.0000
      5s        all  26.83   0.9307   0.9352   0.9051   0.0348   0.0000   0.1297   0.9115
      5s  pre_onset   4.54   0.0000   0.5000   0.0454   0.0454   0.0000   1.0000   0.0000

=== timing (test) ===
 horizon     subset   pos%       f1  auc_roc   auc_pr    brier      fpr      fnr      mcc
      0s        all  23.40   0.9969   0.9984   0.9967   0.0106   0.0008   0.0037   0.9960
      0s  pre_onset   0.00   0.0000      nan      nan   0.0005   0.0008   0.0000      nan
      1s        all  24.19   0.9220   0.9925   0.9793   0.0350   0.0005   0.1434   0.9039
      1s  pre_onset   1.10   0.0000   0.9139   0.0764   0.0113   0.0005   1.0000  -0.0024
      2s        all  24.98   0.9043   0.9884   0.9698   0.0421   0.0026   0.1682   0.8817
      2s  pre_onset   2.12   0.0000   0.9143   0.1338   0.0213   0.0026   1.0000  -0.0074
      5s        all  26.83   0.8743   0.9865   0.9659   0.0534   0.0186   0.1841   0.8363
      5s  pre_onset   4.54   0.3704   0.9555   0.3976   0.0361   0.0186   0.6839   0.3514

MC-dropout mean predictive variance: 0.00053
detection latency (window-quantised, dt=0.1s): {'episodes': 9, 'detected': 9, 'missed': 0, 'latency_ms_median': 200.0, 'latency_ms_mean': 200.0, 'latency_ms_max': 700.0000000000001}
saved -> experiments\road_v2_graph_fold2\20260923-025142
