  test  correlated_signal_attack_1
  test  correlated_signal_attack_1_masquerade
  val   correlated_signal_attack_2
  val   correlated_signal_attack_2_masquerade
  train correlated_signal_attack_3
  train correlated_signal_attack_3_masquerade
  test  fuzzing_attack_1
  val   fuzzing_attack_2
  train fuzzing_attack_3
  test  max_engine_coolant_temp_attack
  test  max_engine_coolant_temp_attack_masquerade
  test  max_speedometer_attack_1
  test  max_speedometer_attack_1_masquerade
  val   max_speedometer_attack_2
  val   max_speedometer_attack_2_masquerade
  train max_speedometer_attack_3
  train max_speedometer_attack_3_masquerade
  test  reverse_light_off_attack_1
  test  reverse_light_off_attack_1_masquerade
  val   reverse_light_off_attack_2
  val   reverse_light_off_attack_2_masquerade
  train reverse_light_off_attack_3
  train reverse_light_off_attack_3_masquerade
  test  reverse_light_on_attack_1
  test  reverse_light_on_attack_1_masquerade
  val   reverse_light_on_attack_2
  val   reverse_light_on_attack_2_masquerade
  train reverse_light_on_attack_3
  train reverse_light_on_attack_3_masquerade
nodes=107 windows=56742 in 38 sequences
{'train': 33844, 'val': 9830, 'test': 10636}
  train positive rate per horizon: [0.072 0.074 0.076 0.079]
  val positive rate per horizon: [0.233 0.239 0.245 0.261]
  test positive rate per horizon: [0.147 0.158 0.167 0.187]
train positive rate per horizon: [0.072 0.074 0.076 0.08 ]
params=1.04M
ep   0 loss 0.9486 val_f1(mean over horizons) 0.5494 [0.572, 0.557, 0.548, 0.520] 28.8s
ep   1 loss 0.7449 val_f1(mean over horizons) 0.8300 [0.854, 0.843, 0.831, 0.793] 28.2s
ep   2 loss 0.7281 val_f1(mean over horizons) 0.8807 [0.887, 0.876, 0.887, 0.873] 27.6s
ep   3 loss 0.7196 val_f1(mean over horizons) 0.7547 [0.760, 0.763, 0.759, 0.737] 27.9s
ep   4 loss 0.7185 val_f1(mean over horizons) 0.7235 [0.719, 0.744, 0.731, 0.700] 27.0s
ep   5 loss 0.7100 val_f1(mean over horizons) 0.8716 [0.888, 0.875, 0.868, 0.856] 27.4s
ep   6 loss 0.7098 val_f1(mean over horizons) 0.8633 [0.885, 0.872, 0.860, 0.836] 27.3s
ep   7 loss 0.7070 val_f1(mean over horizons) 0.8674 [0.886, 0.873, 0.869, 0.841] 27.3s
ep   8 loss 0.7079 val_f1(mean over horizons) 0.8638 [0.882, 0.869, 0.858, 0.846] 27.5s
early stop

=== sttf (test) ===
 horizon     subset   pos%       f1  auc_roc   auc_pr    brier      fpr      fnr      mcc
      0s        all  14.72   0.7874   0.7989   0.7751   0.0778   0.0015   0.3448   0.7798
      0s  pre_onset   0.00   0.0000      nan      nan   0.0546   0.0015   0.0000      nan
      1s        all  15.92   0.7722   0.9159   0.8349   0.0835   0.0086   0.3425   0.7531
      1s  pre_onset   1.23   0.0725   0.6739   0.0271   0.0640   0.0086   0.9364   0.0633
      2s        all  17.09   0.7912   0.8975   0.8267   0.0868   0.0235   0.2708   0.7564
      2s  pre_onset   2.48   0.1728   0.6587   0.0805   0.0755   0.0235   0.8182   0.1508
      5s        all  19.68   0.7655   0.8775   0.8030   0.1023   0.0172   0.3365   0.7312
      5s  pre_onset   6.11   0.2169   0.6758   0.1883   0.1051   0.0172   0.8463   0.2074

=== persistence (test) ===
 horizon     subset   pos%       f1  auc_roc   auc_pr    brier      fpr      fnr      mcc
      0s        all  14.72   1.0000   1.0000   1.0000   0.0000   0.0000   0.0000   1.0000
      0s  pre_onset   0.00   0.0000      nan      nan   0.0000   0.0000   0.0000      nan
      1s        all  15.92   0.9661   0.9672   0.9448   0.0105   0.0000   0.0656   0.9607
      1s  pre_onset   1.23   0.0000   0.5000   0.0123   0.0123   0.0000   1.0000   0.0000
      2s        all  17.09   0.9341   0.9382   0.8975   0.0211   0.0000   0.1236   0.9245
      2s  pre_onset   2.48   0.0000   0.5000   0.0248   0.0248   0.0000   1.0000   0.0000
      5s        all  19.68   0.8469   0.8673   0.7868   0.0523   0.0000   0.2655   0.8304
      5s  pre_onset   6.11   0.0000   0.5000   0.0611   0.0611   0.0000   1.0000   0.0000

=== timing (test) ===
 horizon     subset   pos%       f1  auc_roc   auc_pr    brier      fpr      fnr      mcc
      0s        all  14.72   0.9930   0.9986   0.9873   0.0021   0.0012   0.0070   0.9918
      0s  pre_onset   0.00   0.0000      nan      nan   0.0012   0.0012   0.0000      nan
      1s        all  15.92   0.9593   0.9916   0.9670   0.0121   0.0012   0.0722   0.9526
      1s  pre_onset   1.23   0.0000   0.8950   0.0884   0.0130   0.0012   1.0000  -0.0039
      2s        all  17.09   0.9281   0.9858   0.9510   0.0219   0.0010   0.1298   0.9173
      2s  pre_onset   2.48   0.0000   0.8946   0.1194   0.0246   0.0010   1.0000  -0.0051
      5s        all  19.68   0.8500   0.9749   0.9255   0.0456   0.0157   0.2136   0.8209
      5s  pre_onset   6.11   0.2880   0.9080   0.3182   0.0523   0.0157   0.7913   0.2829

MC-dropout mean predictive variance: 0.00086
detection latency (window-quantised, dt=0.1s): {'episodes': 11, 'detected': 6, 'missed': 5, 'latency_ms_median': 0.0, 'latency_ms_mean': 0.0, 'latency_ms_max': 0.0}
saved -> experiments\road_graph_fold0\20260922-225137
