  train    ambient_dyno_drive_basic_long
  test     ambient_dyno_drive_basic_short
  train    ambient_dyno_drive_benign_anomaly
  val      ambient_dyno_drive_extended_long
  train    ambient_dyno_drive_extended_short
  val      ambient_dyno_drive_radio_infotainment
  val      ambient_dyno_drive_winter
  test     ambient_dyno_idle_radio_infotainment
  test     ambient_dyno_reverse
  val      correlated_signal_attack_1
  val      correlated_signal_attack_1_masquerade
  train    correlated_signal_attack_2
  train    correlated_signal_attack_2_masquerade
  test     correlated_signal_attack_3
  test     correlated_signal_attack_3_masquerade
  val      fuzzing_attack_1
  train    fuzzing_attack_2
  test     fuzzing_attack_3
  val      max_engine_coolant_temp_attack
  val      max_engine_coolant_temp_attack_masquerade
  val      max_speedometer_attack_1
  val      max_speedometer_attack_1_masquerade
  train    max_speedometer_attack_2
  train    max_speedometer_attack_2_masquerade
  test     max_speedometer_attack_3
  test     max_speedometer_attack_3_masquerade
  val      reverse_light_off_attack_1
  val      reverse_light_off_attack_1_masquerade
  train    reverse_light_off_attack_2
  train    reverse_light_off_attack_2_masquerade
  test     reverse_light_off_attack_3
  test     reverse_light_off_attack_3_masquerade
  val      reverse_light_on_attack_1
  val      reverse_light_on_attack_1_masquerade
  train    reverse_light_on_attack_2
  train    reverse_light_on_attack_2_masquerade
  test     reverse_light_on_attack_3
  test     reverse_light_on_attack_3_masquerade
nodes=107 windows=56742 in 38 sequences
{'train': 24596, 'val': 15506, 'test': 15918}
  train positive rate per horizon: [0.093 0.096 0.098 0.104]
  val positive rate per horizon: [0.101 0.108 0.115 0.128]
  test positive rate per horizon: [0.153 0.157 0.161 0.169]
train positive rate per horizon: [0.093 0.096 0.099 0.107]
params=1.05M
ep   0 loss 0.7365 val_f1(mean over horizons) 0.0901 [0.031, 0.042, 0.050, 0.236] 31.7s
ep   1 loss 0.6192 val_f1(mean over horizons) 0.8269 [0.829, 0.832, 0.838, 0.808] 31.4s
ep   2 loss 0.6023 val_f1(mean over horizons) 0.8923 [0.934, 0.898, 0.882, 0.855] 31.6s
ep   3 loss 0.5968 val_f1(mean over horizons) 0.9030 [0.961, 0.901, 0.898, 0.853] 31.4s
ep   4 loss 0.5923 val_f1(mean over horizons) 0.8762 [0.963, 0.887, 0.843, 0.812] 34.1s
ep   5 loss 0.5854 val_f1(mean over horizons) 0.8966 [0.935, 0.898, 0.894, 0.860] 35.8s
ep   6 loss 0.5840 val_f1(mean over horizons) 0.9094 [0.967, 0.915, 0.905, 0.852] 35.5s
ep   7 loss 0.5852 val_f1(mean over horizons) 0.9143 [0.962, 0.915, 0.910, 0.870] 31.3s
ep   8 loss 0.5857 val_f1(mean over horizons) 0.9184 [0.966, 0.930, 0.899, 0.879] 31.2s
ep   9 loss 0.5825 val_f1(mean over horizons) 0.9186 [0.968, 0.928, 0.912, 0.866] 31.2s
ep  10 loss 0.6024 val_f1(mean over horizons) 0.9110 [0.959, 0.925, 0.895, 0.865] 31.1s
ep  11 loss 0.5961 val_f1(mean over horizons) 0.9165 [0.969, 0.924, 0.909, 0.864] 31.4s
ep  12 loss 0.5907 val_f1(mean over horizons) 0.7922 [0.866, 0.771, 0.788, 0.743] 31.6s
ep  13 loss 0.5878 val_f1(mean over horizons) 0.9146 [0.969, 0.930, 0.908, 0.852] 31.6s
ep  14 loss 0.5863 val_f1(mean over horizons) 0.9137 [0.960, 0.918, 0.913, 0.864] 32.3s
ep  15 loss 0.5849 val_f1(mean over horizons) 0.9103 [0.961, 0.923, 0.898, 0.859] 36.0s
early stop

=== sttf (test) ===
 horizon     subset   pos%       f1  auc_roc   auc_pr    brier      fpr      fnr      mcc
      0s        all  15.35   0.9876   0.9996   0.9978   0.0332   0.0010   0.0188   0.9854
      0s  pre_onset   0.00   0.0000      nan      nan   0.0380   0.0010   0.0000      nan
      1s        all  15.84   0.9438   0.9824   0.9785   0.0385   0.0003   0.1051   0.9358
      1s  pre_onset   0.65   0.0000   0.5273   0.0574   0.0441   0.0003   1.0000  -0.0014
      2s        all  16.35   0.9410   0.9704   0.9631   0.0437   0.0099   0.0663   0.9296
      2s  pre_onset   1.26   0.2374   0.5703   0.1098   0.0503   0.0099   0.7605   0.2276
      5s        all  17.51   0.8733   0.9855   0.9006   0.0663   0.0216   0.1461   0.8475
      5s  pre_onset   2.68   0.2333   0.9545   0.2601   0.0775   0.0216   0.7644   0.2120

=== persistence (test) ===
 horizon     subset   pos%       f1  auc_roc   auc_pr    brier      fpr      fnr      mcc
      0s        all  15.35   1.0000   1.0000   1.0000   0.0000   0.0000   0.0000   1.0000
      0s  pre_onset   0.00   0.0000      nan      nan   0.0000   0.0000   0.0000      nan
      1s        all  15.84   0.9823   0.9826   0.9707   0.0055   0.0000   0.0348   0.9793
      1s  pre_onset   0.65   0.0000   0.5000   0.0065   0.0065   0.0000   1.0000   0.0000
      2s        all  16.35   0.9663   0.9674   0.9455   0.0107   0.0000   0.0652   0.9608
      2s  pre_onset   1.26   0.0000   0.5000   0.0126   0.0126   0.0000   1.0000   0.0000
      5s        all  17.51   0.9307   0.9352   0.8930   0.0227   0.0000   0.1297   0.9203
      5s  pre_onset   2.68   0.0000   0.5000   0.0268   0.0268   0.0000   1.0000   0.0000

=== timing (test) ===
 horizon     subset   pos%       f1  auc_roc   auc_pr    brier      fpr      fnr      mcc
      0s        all  15.35   0.9405   0.9974   0.9872   0.0172   0.0003   0.1109   0.9325
      0s  pre_onset   0.00   0.0000      nan      nan   0.0003   0.0003   0.0000      nan
      1s        all  15.84   0.9243   0.9911   0.9647   0.0231   0.0003   0.1394   0.9147
      1s  pre_onset   0.65   0.0000   0.9021   0.0440   0.0076   0.0003   1.0000  -0.0014
      2s        all  16.35   0.9097   0.9865   0.9507   0.0283   0.0003   0.1643   0.8988
      2s  pre_onset   1.26   0.0000   0.9054   0.0765   0.0143   0.0003   1.0000  -0.0020
      5s        all  17.51   0.8714   0.9845   0.9432   0.0355   0.0039   0.2139   0.8546
      5s  pre_onset   2.68   0.0681   0.9439   0.2267   0.0233   0.0039   0.9598   0.0845

MC-dropout mean predictive variance: 0.00096
detection latency (window-quantised, dt=0.1s): {'episodes': 9, 'detected': 9, 'missed': 0, 'latency_ms_median': 200.0, 'latency_ms_mean': 288.88888888888886, 'latency_ms_max': 800.0}
saved -> experiments\road_v3_graph_s3_fold2\20260926-140252
